Component: ARM Compiler 5.06 update 7 (build 960) Tool: armlink [4d3601]

==============================================================================

Section Cross References

    startup_stm32g473xx.o(RESET) refers to startup_stm32g473xx.o(STACK) for __initial_sp
    startup_stm32g473xx.o(RESET) refers to startup_stm32g473xx.o(.text) for Reset_Handler
    startup_stm32g473xx.o(RESET) refers to stm32g4xx_it.o(i.NMI_Handler) for NMI_Handler
    startup_stm32g473xx.o(RESET) refers to stm32g4xx_it.o(i.HardFault_Handler) for HardFault_Handler
    startup_stm32g473xx.o(RESET) refers to stm32g4xx_it.o(i.MemManage_Handler) for MemManage_Handler
    startup_stm32g473xx.o(RESET) refers to stm32g4xx_it.o(i.BusFault_Handler) for BusFault_Handler
    startup_stm32g473xx.o(RESET) refers to stm32g4xx_it.o(i.UsageFault_Handler) for UsageFault_Handler
    startup_stm32g473xx.o(RESET) refers to port.o(.emb_text) for SVC_Handler
    startup_stm32g473xx.o(RESET) refers to stm32g4xx_it.o(i.DebugMon_Handler) for DebugMon_Handler
    startup_stm32g473xx.o(RESET) refers to cmsis_os2.o(i.SysTick_Handler) for SysTick_Handler
    startup_stm32g473xx.o(RESET) refers to usb_glue_st.o(i.USB_LP_IRQHandler) for USB_LP_IRQHandler
    startup_stm32g473xx.o(RESET) refers to stm32g4xx_it.o(i.TIM2_IRQHandler) for TIM2_IRQHandler
    startup_stm32g473xx.o(RESET) refers to stm32g4xx_it.o(i.TIM6_DAC_IRQHandler) for TIM6_DAC_IRQHandler
    startup_stm32g473xx.o(RESET) refers to stm32g4xx_it.o(i.COMP1_2_3_IRQHandler) for COMP1_2_3_IRQHandler
    startup_stm32g473xx.o(.text) refers to system_stm32g4xx.o(i.SystemInit) for SystemInit
    startup_stm32g473xx.o(.text) refers to entry.o(.ARM.Collect$$$$00000000) for __main
    bmc_analyze.o(i.decode_bmc) refers to memseta.o(.text) for __aeabi_memclr4
    bmc_analyze.o(i.decode_bmc) refers to memmovea.o(.text) for __aeabi_memmove4
    bmc_analyze.o(i.decode_bmc) refers to bmc_analyze.o(i.send_pd_message) for send_pd_message
    bmc_analyze.o(i.decode_bmc) refers to tim.o(.bss) for time_data_systick
    bmc_analyze.o(i.send_pd_message) refers to memmovea.o(.text) for __aeabi_memcpy
    bmc_analyze.o(i.send_pd_message) refers to winusb1.0_template.o(i.winusb_send_data_ep1) for winusb_send_data_ep1
    main.o(i.HAL_TIM_PeriodElapsedCallback) refers to stm32g4xx_hal.o(i.HAL_IncTick) for HAL_IncTick
    main.o(i.HAL_TIM_PeriodElapsedCallback) refers to app_freertos.o(i.timer2_timeout_handle) for timer2_timeout_handle
    main.o(i.SystemClock_Config) refers to memseta.o(.text) for __aeabi_memclr4
    main.o(i.SystemClock_Config) refers to stm32g4xx_hal_pwr_ex.o(i.HAL_PWREx_ControlVoltageScaling) for HAL_PWREx_ControlVoltageScaling
    main.o(i.SystemClock_Config) refers to stm32g4xx_hal_rcc.o(i.HAL_RCC_OscConfig) for HAL_RCC_OscConfig
    main.o(i.SystemClock_Config) refers to stm32g4xx_hal_rcc.o(i.HAL_RCC_ClockConfig) for HAL_RCC_ClockConfig
    main.o(i.main) refers to stm32g4xx_hal.o(i.HAL_Init) for HAL_Init
    main.o(i.main) refers to main.o(i.SystemClock_Config) for SystemClock_Config
    main.o(i.main) refers to gpio.o(i.MX_GPIO_Init) for MX_GPIO_Init
    main.o(i.main) refers to dma.o(i.MX_DMA_Init) for MX_DMA_Init
    main.o(i.main) refers to adc.o(i.MX_ADC1_Init) for MX_ADC1_Init
    main.o(i.main) refers to comp.o(i.MX_COMP1_Init) for MX_COMP1_Init
    main.o(i.main) refers to comp.o(i.MX_COMP2_Init) for MX_COMP2_Init
    main.o(i.main) refers to tim.o(i.MX_TIM2_Init) for MX_TIM2_Init
    main.o(i.main) refers to usart.o(i.MX_USART1_UART_Init) for MX_USART1_UART_Init
    main.o(i.main) refers to adc.o(i.MX_ADC2_Init) for MX_ADC2_Init
    main.o(i.main) refers to dac.o(i.MX_DAC1_Init) for MX_DAC1_Init
    main.o(i.main) refers to opamp.o(i.MX_OPAMP1_Init) for MX_OPAMP1_Init
    main.o(i.main) refers to opamp.o(i.MX_OPAMP2_Init) for MX_OPAMP2_Init
    main.o(i.main) refers to winusb1.0_template.o(i.winusb_init) for winusb_init
    main.o(i.main) refers to printf8.o(i.__0printf$8) for __2printf
    main.o(i.main) refers to cmsis_os2.o(i.osKernelInitialize) for osKernelInitialize
    main.o(i.main) refers to app_freertos.o(i.MX_FREERTOS_Init) for MX_FREERTOS_Init
    main.o(i.main) refers to cmsis_os2.o(i.osKernelStart) for osKernelStart
    gpio.o(i.MX_GPIO_Init) refers to memseta.o(.text) for __aeabi_memclr4
    gpio.o(i.MX_GPIO_Init) refers to stm32g4xx_hal_gpio.o(i.HAL_GPIO_WritePin) for HAL_GPIO_WritePin
    gpio.o(i.MX_GPIO_Init) refers to stm32g4xx_hal_gpio.o(i.HAL_GPIO_Init) for HAL_GPIO_Init
    app_freertos.o(i.HAL_COMP_TriggerCallback) refers to tim.o(.bss) for htim2
    app_freertos.o(i.MX_FREERTOS_Init) refers to cmsis_os2.o(i.osMessageQueueNew) for osMessageQueueNew
    app_freertos.o(i.MX_FREERTOS_Init) refers to cmsis_os2.o(i.osThreadNew) for osThreadNew
    app_freertos.o(i.MX_FREERTOS_Init) refers to app_freertos.o(.constdata) for .constdata
    app_freertos.o(i.MX_FREERTOS_Init) refers to app_freertos.o(.data) for .data
[...]
    _printf_s                                0x00000000   Number         0  stubs.o ABSOLUTE
    _printf_sizespec                         0x00000000   Number         0  stubs.o ABSOLUTE
    _printf_str                              0x00000000   Number         0  stubs.o ABSOLUTE
    _printf_truncate_signed                  0x00000000   Number         0  stubs.o ABSOLUTE
    _printf_truncate_unsigned                0x00000000   Number         0  stubs.o ABSOLUTE
    _printf_u                                0x00000000   Number         0  stubs.o ABSOLUTE
    _printf_wc                               0x00000000   Number         0  stubs.o ABSOLUTE
    _printf_wctomb                           0x00000000   Number         0  stubs.o ABSOLUTE
    _printf_widthprec                        0x00000000   Number         0  stubs.o ABSOLUTE
    _printf_x                                0x00000000   Number         0  stubs.o ABSOLUTE
    __arm_fini_                               - Undefined Weak Reference
    __cpp_initialize__aeabi_                  - Undefined Weak Reference
    __cxa_finalize                            - Undefined Weak Reference
    _clock_init                               - Undefined Weak Reference
    _microlib_exit                            - Undefined Weak Reference
    __Vectors_Size                           0x000001d8   Number         0  startup_stm32g473xx.o ABSOLUTE
    __Vectors                                0x08000000   Data           4  startup_stm32g473xx.o(RESET)
    __Vectors_End                            0x080001d8   Data           0  startup_stm32g473xx.o(RESET)
    __main                                   0x080001d9   Thumb Code     0  entry.o(.ARM.Collect$$$$00000000)
    _main_stk                                0x080001d9   Thumb Code     0  entry2.o(.ARM.Collect$$$$00000001)
    _main_scatterload                        0x080001dd   Thumb Code     0  entry5.o(.ARM.Collect$$$$00000004)
    __main_after_scatterload                 0x080001e1   Thumb Code     0  entry5.o(.ARM.Collect$$$$00000004)
    _main_clock                              0x080001e1   Thumb Code     0  entry7b.o(.ARM.Collect$$$$00000008)
    _main_cpp_init                           0x080001e1   Thumb Code     0  entry8b.o(.ARM.Collect$$$$0000000A)
    _main_init                               0x080001e1   Thumb Code     0  entry9a.o(.ARM.Collect$$$$0000000B)
    __rt_lib_shutdown_fini                   0x080001e9   Thumb Code     0  entry12b.o(.ARM.Collect$$$$0000000E)
    __rt_final_cpp                           0x080001ed   Thumb Code     0  entry10a.o(.ARM.Collect$$$$0000000F)
    __rt_final_exit                          0x080001ed   Thumb Code     0  entry11a.o(.ARM.Collect$$$$00000011)
    SVC_Handler                              0x080001f1   Thumb Code    28  port.o(.emb_text)
    __asm___6_port_c_39a90d8d__prvStartFirstTask 0x08000211   Thumb Code    36  port.o(.emb_text)
    __asm___6_port_c_39a90d8d__prvEnableVFP  0x08000239   Thumb Code    16  port.o(.emb_text)
    PendSV_Handler                           0x0800024d   Thumb Code    88  port.o(.emb_text)
    vPortGetIPSR                             0x080002a9   Thumb Code     6  port.o(.emb_text)
    Reset_Handler                            0x080002b1   Thumb Code     8  startup_stm32g473xx.o(.text)
    ADC1_2_IRQHandler                        0x080002cb   Thumb Code     0  startup_stm32g473xx.o(.text)
    ADC3_IRQHandler                          0x080002cb   Thumb Code     0  startup_stm32g473xx.o(.text)
    ADC4_IRQHandler                          0x080002cb   Thumb Code     0  startup_stm32g473xx.o(.text)
    ADC5_IRQHandler                          0x080002cb   Thumb Code     0  startup_stm32g473xx.o(.text)
    COMP4_5_6_IRQHandler                     0x080002cb   Thumb Code     0  startup_stm32g473xx.o(.text)
    COMP7_IRQHandler                         0x080002cb   Thumb Code     0  startup_stm32g473xx.o(.text)
    CORDIC_IRQHandler                        0x080002cb   Thumb Code     0  startup_stm32g473xx.o(.text)
    CRS_IRQHandler                           0x080002cb   Thumb Code     0  startup_stm32g473xx.o(.text)
    DMA1_Channel1_IRQHandler                 0x080002cb   Thumb Code     0  startup_stm32g473xx.o(.text)
    DMA1_Channel2_IRQHandler                 0x080002cb   Thumb Code     0  startup_stm32g473xx.o(.text)
    DMA1_Channel3_IRQHandler                 0x080002cb   Thumb Code     0  startup_stm32g473xx.o(.text)
    DMA1_Channel4_IRQHandler                 0x080002cb   Thumb Code     0  startup_stm32g473xx.o(.text)
    DMA1_Channel5_IRQHandler                 0x080002cb   Thumb Code     0  startup_stm32g473xx.o(.text)
    DMA1_Channel6_IRQHandler                 0x080002cb   Thumb Code     0  startup_stm32g473xx.o(.text)
    DMA1_Channel7_IRQHandler                 0x080002cb   Thumb Code     0  startup_stm32g473xx.o(.text)
    DMA1_Channel8_IRQHandler                 0x080002cb   Thumb Code     0  startup_stm32g473xx.o(.text)
    DMA2_Channel1_IRQHandler                 0x080002cb   Thumb Code     0  startup_stm32g473xx.o(.text)
    DMA2_Channel2_IRQHandler                 0x080002cb   Thumb Code     0  startup_stm32g473xx.o(.text)
    DMA2_Channel3_IRQHandler                 0x080002cb   Thumb Code     0  startup_stm32g473xx.o(.text)
    DMA2_Channel4_IRQHandler                 0x080002cb   Thumb Code     0  startup_stm32g473xx.o(.text)
    DMA2_Channel5_IRQHandler                 0x080002cb   Thumb Code     0  startup_stm32g473xx.o(.text)
    DMA2_Channel6_IRQHandler                 0x080002cb   Thumb Code     0  startup_stm32g473xx.o(.text)
    DMA2_Channel7_IRQHandler                 0x080002cb   Thumb Code     0  startup_stm32g473xx.o(.text)
    DMA2_Channel8_IRQHandler                 0x080002cb   Thumb Code     0  startup_stm32g473xx.o(.text)
    DMAMUX_OVR_IRQHandler                    0x080002cb   Thumb Code     0  startup_stm32g473xx.o(.text)
    EXTI0_IRQHandler                         0x080002cb   Thumb Code     0  startup_stm32g473xx.o(.text)
    EXTI15_10_IRQHandler                     0x080002cb   Thumb Code     0  startup_stm32g473xx.o(.text)
    EXTI1_IRQHandler                         0x080002cb   Thumb Code     0  startup_stm32g473xx.o(.text)
    EXTI2_IRQHandler                         0x080002cb   Thumb Code     0  startup_stm32g473xx.o(.text)
    EXTI3_IRQHandler                         0x080002cb   Thumb Code     0  startup_stm32g473xx.o(.text)
    EXTI4_IRQHandler                         0x080002cb   Thumb Code     0  startup_stm32g473xx.o(.text)
    EXTI9_5_IRQHandler                       0x080002cb   Thumb Code     0  startup_stm32g473xx.o(.text)
    FDCAN1_IT0_IRQHandler                    0x080002cb   Thumb Code     0  startup_stm32g473xx.o(.text)
    FDCAN1_IT1_IRQHandler                    0x080002cb   Thumb Code     0  startup_stm32g473xx.o(.text)
    FDCAN2_IT0_IRQHandler                    0x080002cb   Thumb Code     0  startup_stm32g473xx.o(.text)
    FDCAN2_IT1_IRQHandler                    0x080002cb   Thumb Code     0  startup_stm32g473xx.o(.text)
    FDCAN3_IT0_IRQHandler                    0x080002cb   Thumb Code     0  startup_stm32g473xx.o(.text)
    FDCAN3_IT1_IRQHandler                    0x080002cb   Thumb Code     0  startup_stm32g473xx.o(.text)
    FLASH_IRQHandler                         0x080002cb   Thumb Code     0  startup_stm32g473xx.o(.text)
    FMAC_IRQHandler                          0x080002cb   Thumb Code     0  startup_stm32g473xx.o(.text)
    FMC_IRQHandler                           0x080002cb   Thumb Code     0  startup_stm32g473xx.o(.text)
    FPU_IRQHandler                           0x080002cb   Thumb Code     0  startup_stm32g473xx.o(.text)
    I2C1_ER_IRQHandler                       0x080002cb   Thumb Code     0  startup_stm32g473xx.o(.text)
    I2C1_EV_IRQHandler                       0x080002cb   Thumb Code     0  startup_stm32g473xx.o(.text)
    I2C2_ER_IRQHandler                       0x080002cb   Thumb Code     0  startup_stm32g473xx.o(.text)
    I2C2_EV_IRQHandler                       0x080002cb   Thumb Code     0  startup_stm32g473xx.o(.text)
    I2C3_ER_IRQHandler                       0x080002cb   Thumb Code     0  startup_stm32g473xx.o(.text)
    I2C3_EV_IRQHandler                       0x080002cb   Thumb Code     0  startup_stm32g473xx.o(.text)
    I2C4_ER_IRQHandler                       0x080002cb   Thumb Code     0  startup_stm32g473xx.o(.text)
    I2C4_EV_IRQHandler                       0x080002cb   Thumb Code     0  startup_stm32g473xx.o(.text)
    LPTIM1_IRQHandler                        0x080002cb   Thumb Code     0  startup_stm32g473xx.o(.text)
    LPUART1_IRQHandler                       0x080002cb   Thumb Code     0  startup_stm32g473xx.o(.text)
    PVD_PVM_IRQHandler                       0x080002cb   Thumb Code     0  startup_stm32g473xx.o(.text)
    QUADSPI_IRQHandler                       0x080002cb   Thumb Code     0  startup_stm32g473xx.o(.text)
    RCC_IRQHandler                           0x080002cb   Thumb Code     0  startup_stm32g473xx.o(.text)
    RNG_IRQHandler                           0x080002cb   Thumb Code     0  startup_stm32g473xx.o(.text)
    RTC_Alarm_IRQHandler                     0x080002cb   Thumb Code     0  startup_stm32g473xx.o(.text)
    RTC_TAMP_LSECSS_IRQHandler               0x080002cb   Thumb Code     0  startup_stm32g473xx.o(.text)
    RTC_WKUP_IRQHandler                      0x080002cb   Thumb Code     0  startup_stm32g473xx.o(.text)
    SAI1_IRQHandler                          0x080002cb   Thumb Code     0  startup_stm32g473xx.o(.text)
    SPI1_IRQHandler                          0x080002cb   Thumb Code     0  startup_stm32g473xx.o(.text)
    SPI2_IRQHandler                          0x080002cb   Thumb Code     0  startup_stm32g473xx.o(.text)
    SPI3_IRQHandler                          0x080002cb   Thumb Code     0  startup_stm32g473xx.o(.text)
    SPI4_IRQHandler                          0x080002cb   Thumb Code     0  startup_stm32g473xx.o(.text)
    TIM1_BRK_TIM15_IRQHandler                0x080002cb   Thumb Code     0  startup_stm32g473xx.o(.text)
    TIM1_CC_IRQHandler                       0x080002cb   Thumb Code     0  startup_stm32g473xx.o(.text)
    TIM1_TRG_COM_TIM17_IRQHandler            0x080002cb   Thumb Code     0  startup_stm32g473xx.o(.text)
    TIM1_UP_TIM16_IRQHandler                 0x080002cb   Thumb Code     0  startup_stm32g473xx.o(.text)
    TIM20_BRK_IRQHandler                     0x080002cb   Thumb Code     0  startup_stm32g473xx.o(.text)
    TIM20_CC_IRQHandler                      0x080002cb   Thumb Code     0  startup_stm32g473xx.o(.text)
    TIM20_TRG_COM_IRQHandler                 0x080002cb   Thumb Code     0  startup_stm32g473xx.o(.text)
    TIM20_UP_IRQHandler                      0x080002cb   Thumb Code     0  startup_stm32g473xx.o(.text)
    TIM3_IRQHandler                          0x080002cb   Thumb Code     0  startup_stm32g473xx.o(.text)
    TIM4_IRQHandler                          0x080002cb   Thumb Code     0  startup_stm32g473xx.o(.text)
    TIM5_IRQHandler                          0x080002cb   Thumb Code     0  startup_stm32g473xx.o(.text)
    TIM7_DAC_IRQHandler                      0x080002cb   Thumb Code     0  startup_stm32g473xx.o(.text)
    TIM8_BRK_IRQHandler                      0x080002cb   Thumb Code     0  startup_stm32g473xx.o(.text)
    TIM8_CC_IRQHandler                       0x080002cb   Thumb Code     0  startup_stm32g473xx.o(.text)
    TIM8_TRG_COM_IRQHandler                  0x080002cb   Thumb Code     0  startup_stm32g473xx.o(.text)
    TIM8_UP_IRQHandler                       0x080002cb   Thumb Code     0  startup_stm32g473xx.o(.text)
    UART4_IRQHandler                         0x080002cb   Thumb Code     0  startup_stm32g473xx.o(.text)
    UART5_IRQHandler                         0x080002cb   Thumb Code     0  startup_stm32g473xx.o(.text)
    UCPD1_IRQHandler                         0x080002cb   Thumb Code     0  startup_stm32g473xx.o(.text)
    USART1_IRQHandler                        0x080002cb   Thumb Code     0  startup_stm32g473xx.o(.text)
    USART2_IRQHandler                        0x080002cb   Thumb Code     0  startup_stm32g473xx.o(.text)
    USART3_IRQHandler                        0x080002cb   Thumb Code     0  startup_stm32g473xx.o(.text)
    USBWakeUp_IRQHandler                     0x080002cb   Thumb Code     0  startup_stm32g473xx.o(.text)
    USB_HP_IRQHandler                        0x080002cb   Thumb Code     0  startup_stm32g473xx.o(.text)
    WWDG_IRQHandler                          0x080002cb   Thumb Code     0  startup_stm32g473xx.o(.text)
    __aeabi_uldivmod                         0x080002d5   Thumb Code    98  uldiv.o(.text)
    ___aeabi_memcpy4$move                    0x08000337   Thumb Code     0  memmovea.o(.text)
    ___aeabi_memcpy8$move                    0x08000337   Thumb Code     0  memmovea.o(.text)
    __aeabi_memcpy                           0x08000337   Thumb Code    64  memmovea.o(.text)
    __aeabi_memmove                          0x08000337   Thumb Code     0  memmovea.o(.text)
    __aeabi_memmove4                         0x08000337   Thumb Code     0  memmovea.o(.text)
    __aeabi_memmove8                         0x08000337   Thumb Code     0  memmovea.o(.text)
    __aeabi_memset                           0x08000377   Thumb Code    14  memseta.o(.text)
    __aeabi_memset4                          0x08000377   Thumb Code     0  memseta.o(.text)
    __aeabi_memset8                          0x08000377   Thumb Code     0  memseta.o(.text)
    __aeabi_memclr                           0x08000385   Thumb Code     4  memseta.o(.text)
    __aeabi_memclr4                          0x08000385   Thumb Code     0  memseta.o(.text)
    __aeabi_memclr8                          0x08000385   Thumb Code     0  memseta.o(.text)
    memset                                   0x08000389   Thumb Code    18  memseta.o(.text)
    strlen                                   0x0800039b   Thumb Code    14  strlen.o(.text)
    __aeabi_llsl                             0x080003a9   Thumb Code    30  llshl.o(.text)
    _ll_shift_l                              0x080003a9   Thumb Code     0  llshl.o(.text)
    __aeabi_llsr                             0x080003c7   Thumb Code    32  llushr.o(.text)
    _ll_ushift_r                             0x080003c7   Thumb Code     0  llushr.o(.text)
    __scatterload                            0x080003e9   Thumb Code    28  init.o(.text)
    __scatterload_rt2                        0x080003e9   Thumb Code     0  init.o(.text)
    __decompress                             0x0800040d   Thumb Code     0  __dczerorl2.o(.text)
    __decompress1                            0x0800040d   Thumb Code    86  __dczerorl2.o(.text)
    ADC_DMAConvCplt                          0x08000463   Thumb Code   104  stm32g4xx_hal_adc.o(i.ADC_DMAConvCplt)
    ADC_DMAError                             0x080004cb   Thumb Code    26  stm32g4xx_hal_adc.o(i.ADC_DMAError)
    ADC_DMAHalfConvCplt                      0x080004e5   Thumb Code    10  stm32g4xx_hal_adc.o(i.ADC_DMAHalfConvCplt)
    ADC_Disable                              0x080004f1   Thumb Code   106  stm32g4xx_hal_adc.o(i.ADC_Disable)
    ADC_Enable                               0x08000561   Thumb Code   176  stm32g4xx_hal_adc.o(i.ADC_Enable)
    BusFault_Handler                         0x08000629   Thumb Code     2  stm32g4xx_it.o(i.BusFault_Handler)
    COMP1_2_3_IRQHandler                     0x0800062d   Thumb Code    18  stm32g4xx_it.o(i.COMP1_2_3_IRQHandler)
    DebugMon_Handler                         0x080006eb   Thumb Code     2  stm32g4xx_it.o(i.DebugMon_Handler)
    Error_Handler                            0x080006ed   Thumb Code     4  main.o(i.Error_Handler)
    HAL_ADCEx_Calibration_Start              0x080006f1   Thumb Code   138  stm32g4xx_hal_adc_ex.o(i.HAL_ADCEx_Calibration_Start)
    HAL_ADCEx_MultiModeConfigChannel         0x08000785   Thumb Code   312  stm32g4xx_hal_adc_ex.o(i.HAL_ADCEx_MultiModeConfigChannel)
    HAL_ADC_ConfigChannel                    0x080008d5   Thumb Code  1058  stm32g4xx_hal_adc.o(i.HAL_ADC_ConfigChannel)
    HAL_ADC_ConvCpltCallback                 0x08000d39   Thumb Code     2  stm32g4xx_hal_adc.o(i.HAL_ADC_ConvCpltCallback)
    HAL_ADC_ConvHalfCpltCallback             0x08000d3b   Thumb Code     2  stm32g4xx_hal_adc.o(i.HAL_ADC_ConvHalfCpltCallback)
    HAL_ADC_ErrorCallback                    0x08000d3d   Thumb Code     2  stm32g4xx_hal_adc.o(i.HAL_ADC_ErrorCallback)
    HAL_ADC_Init                             0x08000d41   Thumb Code   514  stm32g4xx_hal_adc.o(i.HAL_ADC_Init)
    HAL_ADC_MspInit                          0x08000f75   Thumb Code   300  adc.o(i.HAL_ADC_MspInit)
    HAL_ADC_Start_DMA                        0x080010b9   Thumb Code   260  stm32g4xx_hal_adc.o(i.HAL_ADC_Start_DMA)
    HAL_COMP_IRQHandler                      0x080011e5   Thumb Code   118  stm32g4xx_hal_comp.o(i.HAL_COMP_IRQHandler)
    HAL_COMP_Init                            0x08001265   Thumb Code   528  stm32g4xx_hal_comp.o(i.HAL_COMP_Init)
    HAL_COMP_MspInit                         0x08001499   Thumb Code   192  comp.o(i.HAL_COMP_MspInit)
    HAL_COMP_Start                           0x08001565   Thumb Code    68  stm32g4xx_hal_comp.o(i.HAL_COMP_Start)
    HAL_COMP_Stop                            0x080015b1   Thumb Code    40  stm32g4xx_hal_comp.o(i.HAL_COMP_Stop)
    HAL_COMP_TriggerCallback                 0x080015d9   Thumb Code    32  app_freertos.o(i.HAL_COMP_TriggerCallback)
    HAL_DACEx_DMAUnderrunCallbackCh2         0x08001601   Thumb Code     2  stm32g4xx_hal_dac_ex.o(i.HAL_DACEx_DMAUnderrunCallbackCh2)
    HAL_DAC_ConfigChannel                    0x08001605   Thumb Code   446  stm32g4xx_hal_dac.o(i.HAL_DAC_ConfigChannel)
    HAL_DAC_DMAUnderrunCallbackCh1           0x080017cd   Thumb Code     2  stm32g4xx_hal_dac.o(i.HAL_DAC_DMAUnderrunCallbackCh1)
    HAL_DAC_IRQHandler                       0x080017cf   Thumb Code   104  stm32g4xx_hal_dac.o(i.HAL_DAC_IRQHandler)
    HAL_DAC_Init                             0x08001837   Thumb Code    40  stm32g4xx_hal_dac.o(i.HAL_DAC_Init)
    HAL_DAC_MspInit                          0x08001861   Thumb Code    98  dac.o(i.HAL_DAC_MspInit)
    HAL_DAC_SetValue                         0x080018cd   Thumb Code    36  stm32g4xx_hal_dac.o(i.HAL_DAC_SetValue)
    HAL_DAC_Start                            0x080018f1   Thumb Code   116  stm32g4xx_hal_dac.o(i.HAL_DAC_Start)
    HAL_DMA_Abort_IT                         0x0800196d   Thumb Code   120  stm32g4xx_hal_dma.o(i.HAL_DMA_Abort_IT)
    HAL_DMA_Init                             0x080019e5   Thumb Code   178  stm32g4xx_hal_dma.o(i.HAL_DMA_Init)
    HAL_DMA_Start_IT                         0x08001aa5   Thumb Code   140  stm32g4xx_hal_dma.o(i.HAL_DMA_Start_IT)
    HAL_GPIO_Init                            0x08001b31   Thumb Code   400  stm32g4xx_hal_gpio.o(i.HAL_GPIO_Init)
    HAL_GPIO_WritePin                        0x08001ce1   Thumb Code    10  stm32g4xx_hal_gpio.o(i.HAL_GPIO_WritePin)
    HAL_GetTick                              0x08001ced   Thumb Code     6  stm32g4xx_hal.o(i.HAL_GetTick)
    HAL_IncTick                              0x08001cf9   Thumb Code    12  stm32g4xx_hal.o(i.HAL_IncTick)
    HAL_Init                                 0x08001d09   Thumb Code    30  stm32g4xx_hal.o(i.HAL_Init)
    HAL_InitTick                             0x08001d29   Thumb Code   116  stm32g4xx_hal_timebase_tim.o(i.HAL_InitTick)
    HAL_MspInit                              0x08001db1   Thumb Code    54  stm32g4xx_hal_msp.o(i.HAL_MspInit)
    HAL_NVIC_EnableIRQ                       0x08001ded   Thumb Code    26  stm32g4xx_hal_cortex.o(i.HAL_NVIC_EnableIRQ)
    HAL_NVIC_SetPriority                     0x08001e09   Thumb Code    60  stm32g4xx_hal_cortex.o(i.HAL_NVIC_SetPriority)
    HAL_NVIC_SetPriorityGrouping             0x08001e49   Thumb Code    26  stm32g4xx_hal_cortex.o(i.HAL_NVIC_SetPriorityGrouping)
    HAL_OPAMP_Init                           0x08001e6d   Thumb Code   236  stm32g4xx_hal_opamp.o(i.HAL_OPAMP_Init)
    HAL_OPAMP_MspInit                        0x08001f61   Thumb Code   104  opamp.o(i.HAL_OPAMP_MspInit)
    HAL_OPAMP_Start                          0x08001fd5   Thumb Code    44  stm32g4xx_hal_opamp.o(i.HAL_OPAMP_Start)
    HAL_PCD_MspInit                          0x08002001   Thumb Code    80  usb.o(i.HAL_PCD_MspInit)
    HAL_PWREx_ControlVoltageScaling          0x08002059   Thumb Code   174  stm32g4xx_hal_pwr_ex.o(i.HAL_PWREx_ControlVoltageScaling)
    HAL_PWREx_DisableUCPDDeadBattery         0x08002115   Thumb Code    12  stm32g4xx_hal_pwr_ex.o(i.HAL_PWREx_DisableUCPDDeadBattery)
    HAL_RCCEx_PeriphCLKConfig                0x08002125   Thumb Code   782  stm32g4xx_hal_rcc_ex.o(i.HAL_RCCEx_PeriphCLKConfig)
    HAL_RCC_ClockConfig                      0x0800243d   Thumb Code   442  stm32g4xx_hal_rcc.o(i.HAL_RCC_ClockConfig)
    HAL_RCC_GetClockConfig                   0x08002619   Thumb Code    54  stm32g4xx_hal_rcc.o(i.HAL_RCC_GetClockConfig)
    HAL_RCC_GetHCLKFreq                      0x08002659   Thumb Code     6  stm32g4xx_hal_rcc.o(i.HAL_RCC_GetHCLKFreq)
    HAL_RCC_GetPCLK1Freq                     0x08002665   Thumb Code    24  stm32g4xx_hal_rcc.o(i.HAL_RCC_GetPCLK1Freq)
    HAL_RCC_GetPCLK2Freq                     0x08002689   Thumb Code    24  stm32g4xx_hal_rcc.o(i.HAL_RCC_GetPCLK2Freq)
    HAL_RCC_GetSysClockFreq                  0x080026ad   Thumb Code    98  stm32g4xx_hal_rcc.o(i.HAL_RCC_GetSysClockFreq)
    HAL_RCC_OscConfig                        0x08002719   Thumb Code   992  stm32g4xx_hal_rcc.o(i.HAL_RCC_OscConfig)
    HAL_TIMEx_Break2Callback                 0x08002b0d   Thumb Code     2  stm32g4xx_hal_tim_ex.o(i.HAL_TIMEx_Break2Callback)
    HAL_TIMEx_BreakCallback                  0x08002b0f   Thumb Code     2  stm32g4xx_hal_tim_ex.o(i.HAL_TIMEx_BreakCallback)
    HAL_TIMEx_CommutCallback                 0x08002b11   Thumb Code     2  stm32g4xx_hal_tim_ex.o(i.HAL_TIMEx_CommutCallback)
    HAL_TIMEx_DirectionChangeCallback        0x08002b13   Thumb Code     2  stm32g4xx_hal_tim_ex.o(i.HAL_TIMEx_DirectionChangeCallback)
    HAL_TIMEx_EncoderIndexCallback           0x08002b15   Thumb Code     2  stm32g4xx_hal_tim_ex.o(i.HAL_TIMEx_EncoderIndexCallback)
    HAL_TIMEx_IndexErrorCallback             0x08002b17   Thumb Code     2  stm32g4xx_hal_tim_ex.o(i.HAL_TIMEx_IndexErrorCallback)
    HAL_TIMEx_MasterConfigSynchronization    0x08002b19   Thumb Code   150  stm32g4xx_hal_tim_ex.o(i.HAL_TIMEx_MasterConfigSynchronization)
    HAL_TIMEx_TISelection                    0x08002bd1   Thumb Code   126  stm32g4xx_hal_tim_ex.o(i.HAL_TIMEx_TISelection)
    HAL_TIMEx_TransitionErrorCallback        0x08002c59   Thumb Code     2  stm32g4xx_hal_tim_ex.o(i.HAL_TIMEx_TransitionErrorCallback)
    HAL_TIM_Base_Init                        0x08002c5b   Thumb Code    98  stm32g4xx_hal_tim.o(i.HAL_TIM_Base_Init)
    HAL_TIM_Base_MspInit                     0x08002cbd   Thumb Code   144  tim.o(i.HAL_TIM_Base_MspInit)
    HAL_TIM_Base_Start                       0x08002d59   Thumb Code    96  stm32g4xx_hal_tim.o(i.HAL_TIM_Base_Start)
    HAL_TIM_Base_Start_IT                    0x08002dd9   Thumb Code   106  stm32g4xx_hal_tim.o(i.HAL_TIM_Base_Start_IT)
    HAL_TIM_ErrorCallback                    0x08002e65   Thumb Code     2  stm32g4xx_hal_tim.o(i.HAL_TIM_ErrorCallback)
    HAL_TIM_IC_CaptureCallback               0x08002e67   Thumb Code     2  stm32g4xx_hal_tim.o(i.HAL_TIM_IC_CaptureCallback)
    HAL_TIM_IC_CaptureHalfCpltCallback       0x08002e69   Thumb Code     2  stm32g4xx_hal_tim.o(i.HAL_TIM_IC_CaptureHalfCpltCallback)
    HAL_TIM_IC_ConfigChannel                 0x08002e6b   Thumb Code   290  stm32g4xx_hal_tim.o(i.HAL_TIM_IC_ConfigChannel)
    HAL_TIM_IC_Init                          0x08002f8d   Thumb Code    98  stm32g4xx_hal_tim.o(i.HAL_TIM_IC_Init)
    HAL_TIM_IC_MspInit                       0x08002fef   Thumb Code     2  stm32g4xx_hal_tim.o(i.HAL_TIM_IC_MspInit)
    HAL_TIM_IC_Start_DMA                     0x08002ff1   Thumb Code   482  stm32g4xx_hal_tim.o(i.HAL_TIM_IC_Start_DMA)
    HAL_TIM_IC_Stop_DMA                      0x08003201   Thumb Code   184  stm32g4xx_hal_tim.o(i.HAL_TIM_IC_Stop_DMA)
    HAL_TIM_IRQHandler                       0x080032b9   Thumb Code   418  stm32g4xx_hal_tim.o(i.HAL_TIM_IRQHandler)
    HAL_TIM_OC_DelayElapsedCallback          0x0800345b   Thumb Code     2  stm32g4xx_hal_tim.o(i.HAL_TIM_OC_DelayElapsedCallback)
    HAL_TIM_PWM_PulseFinishedCallback        0x0800345d   Thumb Code     2  stm32g4xx_hal_tim.o(i.HAL_TIM_PWM_PulseFinishedCallback)
    HAL_TIM_PeriodElapsedCallback            0x08003461   Thumb Code    34  main.o(i.HAL_TIM_PeriodElapsedCallback)
    HAL_TIM_SlaveConfigSynchro               0x08003489   Thumb Code    82  stm32g4xx_hal_tim.o(i.HAL_TIM_SlaveConfigSynchro)
    HAL_TIM_TriggerCallback                  0x080034db   Thumb Code     2  stm32g4xx_hal_tim.o(i.HAL_TIM_TriggerCallback)
    HAL_UARTEx_DisableFifoMode               0x080034dd   Thumb Code    62  stm32g4xx_hal_uart_ex.o(i.HAL_UARTEx_DisableFifoMode)
    HAL_UARTEx_SetRxFifoThreshold            0x0800351b   Thumb Code    76  stm32g4xx_hal_uart_ex.o(i.HAL_UARTEx_SetRxFifoThreshold)
    HAL_UARTEx_SetTxFifoThreshold            0x08003567   Thumb Code    76  stm32g4xx_hal_uart_ex.o(i.HAL_UARTEx_SetTxFifoThreshold)
    HAL_UART_Init                            0x080035b3   Thumb Code   106  stm32g4xx_hal_uart.o(i.HAL_UART_Init)
    HAL_UART_MspInit                         0x0800361d   Thumb Code   116  usart.o(i.HAL_UART_MspInit)
    HAL_UART_Transmit                        0x08003699   Thumb Code   174  stm32g4xx_hal_uart.o(i.HAL_UART_Transmit)
    HardFault_Handler                        0x08003747   Thumb Code     2  stm32g4xx_it.o(i.HardFault_Handler)
    MX_ADC1_Init                             0x080037b5   Thumb Code   154  adc.o(i.MX_ADC1_Init)
    MX_ADC2_Init                             0x0800385d   Thumb Code   130  adc.o(i.MX_ADC2_Init)
    MX_COMP1_Init                            0x080038f1   Thumb Code    44  comp.o(i.MX_COMP1_Init)
    MX_COMP2_Init                            0x08003925   Thumb Code    46  comp.o(i.MX_COMP2_Init)
    MX_DAC1_Init                             0x0800395d   Thumb Code   138  dac.o(i.MX_DAC1_Init)
    MX_DMA_Init                              0x080039f1   Thumb Code    38  dma.o(i.MX_DMA_Init)
    MX_FREERTOS_Init                         0x08003a1d   Thumb Code    60  app_freertos.o(i.MX_FREERTOS_Init)
    MX_GPIO_Init                             0x08003a6d   Thumb Code    84  gpio.o(i.MX_GPIO_Init)
    MX_OPAMP1_Init                           0x08003ac9   Thumb Code    48  opamp.o(i.MX_OPAMP1_Init)
    MX_OPAMP2_Init                           0x08003b01   Thumb Code    48  opamp.o(i.MX_OPAMP2_Init)
    MX_TIM2_Init                             0x08003b39   Thumb Code   194  tim.o(i.MX_TIM2_Init)
    MX_USART1_UART_Init                      0x08003c01   Thumb Code    94  usart.o(i.MX_USART1_UART_Init)
    MemManage_Handler                        0x08003c69   Thumb Code     2  stm32g4xx_it.o(i.MemManage_Handler)
    NMI_Handler                              0x08003c6b   Thumb Code     2  stm32g4xx_it.o(i.NMI_Handler)
    StartLedTask                             0x08003c6d   Thumb Code    52  app_freertos.o(i.StartLedTask)
    StartTaskCC                              0x08003ca5   Thumb Code   212  app_freertos.o(i.StartTaskCC)
    StartTaskPD                              0x08003d89   Thumb Code    76  app_freertos.o(i.StartTaskPD)
    SysTick_Handler                          0x08003de1   Thumb Code    26  cmsis_os2.o(i.SysTick_Handler)
    SystemClock_Config                       0x08003dfb   Thumb Code   112  main.o(i.SystemClock_Config)
    SystemInit                               0x08003e6d   Thumb Code    12  system_stm32g4xx.o(i.SystemInit)
    TIM2_IRQHandler                          0x08003e7d   Thumb Code     6  stm32g4xx_it.o(i.TIM2_IRQHandler)
    TIM6_DAC_IRQHandler                      0x08003e89   Thumb Code    18  stm32g4xx_it.o(i.TIM6_DAC_IRQHandler)
    TIM_Base_SetConfig                       0x08003ea5   Thumb Code   190  stm32g4xx_hal_tim.o(i.TIM_Base_SetConfig)
    TIM_CCxChannelCmd                        0x08003f89   Thumb Code    26  stm32g4xx_hal_tim.o(i.TIM_CCxChannelCmd)
    TIM_DMACaptureCplt                       0x08003fa3   Thumb Code   110  stm32g4xx_hal_tim.o(i.TIM_DMACaptureCplt)
    TIM_DMACaptureHalfCplt                   0x08004011   Thumb Code    56  stm32g4xx_hal_tim.o(i.TIM_DMACaptureHalfCplt)
    TIM_DMAError                             0x08004049   Thumb Code    84  stm32g4xx_hal_tim.o(i.TIM_DMAError)
    TIM_ETR_SetConfig                        0x0800409d   Thumb Code    20  stm32g4xx_hal_tim.o(i.TIM_ETR_SetConfig)
    TIM_TI1_SetConfig                        0x080041a9   Thumb Code   100  stm32g4xx_hal_tim.o(i.TIM_TI1_SetConfig)
    UART_AdvFeatureConfig                    0x080042c9   Thumb Code   200  stm32g4xx_hal_uart.o(i.UART_AdvFeatureConfig)
    UART_CheckIdleState                      0x08004391   Thumb Code   172  stm32g4xx_hal_uart.o(i.UART_CheckIdleState)
    UART_SetConfig                           0x08004491   Thumb Code   616  stm32g4xx_hal_uart.o(i.UART_SetConfig)
    UART_WaitOnFlagUntilTimeout              0x08004729   Thumb Code   146  stm32g4xx_hal_uart.o(i.UART_WaitOnFlagUntilTimeout)
    USBD_IRQHandler                          0x080047bd   Thumb Code   942  usb_dc_fsdev.o(i.USBD_IRQHandler)
    USB_LP_IRQHandler                        0x08004b75   Thumb Code     6  usb_glue_st.o(i.USB_LP_IRQHandler)
    UsageFault_Handler                       0x08004b7b   Thumb Code     2  stm32g4xx_it.o(i.UsageFault_Handler)
    __0printf$8                              0x08004b7d   Thumb Code    22  printf8.o(i.__0printf$8)
    __1printf$8                              0x08004b7d   Thumb Code     0  printf8.o(i.__0printf$8)
    __2printf                                0x08004b7d   Thumb Code     0  printf8.o(i.__0printf$8)
    __scatterload_copy                       0x08004bbd   Thumb Code    14  handlers.o(i.__scatterload_copy)
    __scatterload_null                       0x08004bcb   Thumb Code     2  handlers.o(i.__scatterload_null)
    __scatterload_zeroinit                   0x08004bcd   Thumb Code    14  handlers.o(i.__scatterload_zeroinit)
    decode_bmc                               0x0800515d   Thumb Code   234  bmc_analyze.o(i.decode_bmc)
    eTaskGetState                            0x0800527d   Thumb Code   106  tasks.o(i.eTaskGetState)
    fputc                                    0x080052f1   Thumb Code    20  usart.o(i.fputc)
    handle_cc_attach                         0x08005355   Thumb Code   110  app_freertos.o(i.handle_cc_attach)
    handle_cc_detach                         0x080053e1   Thumb Code    64  app_freertos.o(i.handle_cc_detach)
    main                                     0x08005451   Thumb Code    80  main.o(i.main)
    osDelay                                  0x080054c1   Thumb Code    26  cmsis_os2.o(i.osDelay)
    osKernelGetTickCount                     0x080054db   Thumb Code    14  cmsis_os2.o(i.osKernelGetTickCount)
    osKernelInitialize                       0x080054e9   Thumb Code    32  cmsis_os2.o(i.osKernelInitialize)
    osKernelStart                            0x0800550d   Thumb Code    48  cmsis_os2.o(i.osKernelStart)
    osMessageQueueGet                        0x08005545   Thumb Code    96  cmsis_os2.o(i.osMessageQueueGet)
    osMessageQueueNew                        0x080055a9   Thumb Code    88  cmsis_os2.o(i.osMessageQueueNew)
    osMessageQueuePut                        0x08005601   Thumb Code   100  cmsis_os2.o(i.osMessageQueuePut)
    osThreadNew                              0x08005669   Thumb Code   136  cmsis_os2.o(i.osThreadNew)
    pvPortMalloc                             0x08005ee5   Thumb Code   222  heap_4.o(i.pvPortMalloc)
    pxPortInitialiseStack                    0x08005fc9   Thumb Code    40  port.o(i.pxPortInitialiseStack)
    send_pd_message                          0x0800608d   Thumb Code    40  bmc_analyze.o(i.send_pd_message)
    timer2_timeout_handle                    0x080060c9   Thumb Code   128  app_freertos.o(i.timer2_timeout_handle)
    usb_dc_init                              0x08006165   Thumb Code    62  usb_dc_fsdev.o(i.usb_dc_init)
    usb_dc_low_level_init                    0x080061a9   Thumb Code    18  usb_glue_st.o(i.usb_dc_low_level_init)
    usbd_add_endpoint                        0x0800635d   Thumb Code    86  usbd_core.o(i.usbd_add_endpoint)
    usbd_add_interface                       0x080063b9   Thumb Code    42  usbd_core.o(i.usbd_add_interface)
    usbd_desc_register                       0x080064d5   Thumb Code    58  usbd_core.o(i.usbd_desc_register)
    usbd_ep_clear_stall                      0x0800651d   Thumb Code   126  usb_dc_fsdev.o(i.usbd_ep_clear_stall)
    usbd_ep_close                            0x080065a5   Thumb Code   100  usb_dc_fsdev.o(i.usbd_ep_close)
    usbd_ep_is_stalled                       0x0800660d   Thumb Code    54  usb_dc_fsdev.o(i.usbd_ep_is_stalled)
    usbd_ep_open                             0x08006649   Thumb Code   698  usb_dc_fsdev.o(i.usbd_ep_open)
    usbd_ep_set_stall                        0x080069e9   Thumb Code    54  usb_dc_fsdev.o(i.usbd_ep_set_stall)
    usbd_ep_start_read                       0x08006a25   Thumb Code    78  usb_dc_fsdev.o(i.usbd_ep_start_read)
    usbd_ep_start_write                      0x08006a7d   Thumb Code   118  usb_dc_fsdev.o(i.usbd_ep_start_write)
    usbd_event_ep0_setup_complete_handler    0x08006bdd   Thumb Code    40  usbd_core.o(i.usbd_event_ep0_setup_complete_handler)
    usbd_event_ep_in_complete_handler        0x08006c09   Thumb Code    42  usbd_core.o(i.usbd_event_ep_in_complete_handler)
    usbd_event_ep_out_complete_handler       0x08006c39   Thumb Code    42  usbd_core.o(i.usbd_event_ep_out_complete_handler)
    usbd_event_reset_handler                 0x08006cc1   Thumb Code   118  usbd_core.o(i.usbd_event_reset_handler)
    usbd_get_port_speed                      0x08006f11   Thumb Code     4  usb_dc_fsdev.o(i.usbd_get_port_speed)
    usbd_initialize                          0x08006f15   Thumb Code    68  usbd_core.o(i.usbd_initialize)
    usbd_set_address                         0x08006f8d   Thumb Code    20  usb_dc_fsdev.o(i.usbd_set_address)
    usbd_winusb_in                           0x08007691   Thumb Code    92  winusb1.0_template.o(i.usbd_winusb_in)
    usbd_winusb_out                          0x080076f5   Thumb Code    46  winusb1.0_template.o(i.usbd_winusb_out)
    uxListRemove                             0x0800772d   Thumb Code    38  list.o(i.uxListRemove)
    uxTaskGetSystemState                     0x08007755   Thumb Code   158  tasks.o(i.uxTaskGetSystemState)
    vApplicationGetIdleTaskMemory            0x08007801   Thumb Code    16  cmsis_os2.o(i.vApplicationGetIdleTaskMemory)
    vApplicationGetTimerTaskMemory           0x08007815   Thumb Code    18  cmsis_os2.o(i.vApplicationGetTimerTaskMemory)
    vApplicationMallocFailedHook             0x0800782d   Thumb Code     2  app_freertos.o(i.vApplicationMallocFailedHook)
    vApplicationStackOverflowHook            0x08007831   Thumb Code    66  app_freertos.o(i.vApplicationStackOverflowHook)
    vListInitialise                          0x080078b9   Thumb Code    22  list.o(i.vListInitialise)
    vListInitialiseItem                      0x080078cf   Thumb Code     6  list.o(i.vListInitialiseItem)
    vListInsert                              0x080078d5   Thumb Code    48  list.o(i.vListInsert)
    vListInsertEnd                           0x08007905   Thumb Code    24  list.o(i.vListInsertEnd)
    vPortEnterCritical                       0x0800791d   Thumb Code    54  port.o(i.vPortEnterCritical)
    vPortExitCritical                        0x0800795d   Thumb Code    34  port.o(i.vPortExitCritical)
    vPortFree                                0x08007985   Thumb Code    94  heap_4.o(i.vPortFree)
    vPortSetupTimerInterrupt                 0x080079e9   Thumb Code    32  port.o(i.vPortSetupTimerInterrupt)
    vPortValidateInterruptPriority           0x08007a0d   Thumb Code    74  port.o(i.vPortValidateInterruptPriority)
    vQueueAddToRegistry                      0x08007a61   Thumb Code    32  queue.o(i.vQueueAddToRegistry)
    vQueueWaitForMessageRestricted           0x08007a85   Thumb Code    68  queue.o(i.vQueueWaitForMessageRestricted)
    vTaskDelay                               0x08007ac9   Thumb Code    66  tasks.o(i.vTaskDelay)
    vTaskGetInfo                             0x08007b15   Thumb Code   110  tasks.o(i.vTaskGetInfo)
    vTaskInternalSetTimeOutState             0x08007b89   Thumb Code    12  tasks.o(i.vTaskInternalSetTimeOutState)
    vTaskMissedYield                         0x08007b99   Thumb Code     8  tasks.o(i.vTaskMissedYield)
    vTaskPlaceOnEventList                    0x08007ba5   Thumb Code    44  tasks.o(i.vTaskPlaceOnEventList)
    vTaskPlaceOnEventListRestricted          0x08007bd5   Thumb Code    52  tasks.o(i.vTaskPlaceOnEventListRestricted)
    vTaskStartScheduler                      0x08007c0d   Thumb Code   116  tasks.o(i.vTaskStartScheduler)
    vTaskSuspendAll                          0x08007c91   Thumb Code    10  tasks.o(i.vTaskSuspendAll)
    vTaskSwitchContext                       0x08007ca1   Thumb Code   132  tasks.o(i.vTaskSwitchContext)
    winusb_init                              0x08007d2d   Thumb Code    52  winusb1.0_template.o(i.winusb_init)
    winusb_send_data_ep1                     0x08007d71   Thumb Code   118  winusb1.0_template.o(i.winusb_send_data_ep1)
    xPortStartScheduler                      0x08007df5   Thumb Code   224  port.o(i.xPortStartScheduler)
    xPortSysTickHandler                      0x08007ee9   Thumb Code    38  port.o(i.xPortSysTickHandler)
    xQueueGenericCreate                      0x08007f15   Thumb Code    66  queue.o(i.xQueueGenericCreate)
    xQueueGenericCreateStatic                0x08007f57   Thumb Code   102  queue.o(i.xQueueGenericCreateStatic)
    xQueueGenericReset                       0x08007fbd   Thumb Code   132  queue.o(i.xQueueGenericReset)
    xQueueGenericSend                        0x08008045   Thumb Code   350  queue.o(i.xQueueGenericSend)
    xQueueGenericSendFromISR                 0x080081a9   Thumb Code   190  queue.o(i.xQueueGenericSendFromISR)
    xQueueReceive                            0x08008269   Thumb Code   308  queue.o(i.xQueueReceive)
    xQueueReceiveFromISR                     0x080083a1   Thumb Code   154  queue.o(i.xQueueReceiveFromISR)
    xTaskCheckForTimeOut                     0x0800843d   Thumb Code   112  tasks.o(i.xTaskCheckForTimeOut)
    xTaskCreate                              0x080084b1   Thumb Code    90  tasks.o(i.xTaskCreate)
    xTaskCreateStatic                        0x0800850b   Thumb Code    90  tasks.o(i.xTaskCreateStatic)
    xTaskGetSchedulerState                   0x08008565   Thumb Code    22  tasks.o(i.xTaskGetSchedulerState)
    xTaskGetTickCount                        0x08008581   Thumb Code     6  tasks.o(i.xTaskGetTickCount)
    xTaskGetTickCountFromISR                 0x0800858d   Thumb Code    12  tasks.o(i.xTaskGetTickCountFromISR)
    xTaskIncrementTick                       0x0800859d   Thumb Code   192  tasks.o(i.xTaskIncrementTick)
    xTaskPriorityDisinherit                  0x08008665   Thumb Code   116  tasks.o(i.xTaskPriorityDisinherit)
    xTaskRemoveFromEventList                 0x080086e1   Thumb Code    98  tasks.o(i.xTaskRemoveFromEventList)
    xTaskResumeAll                           0x08008751   Thumb Code   180  tasks.o(i.xTaskResumeAll)
    xTimerCreateTimerTask                    0x08008811   Thumb Code    78  timers.o(i.xTimerCreateTimerTask)
    xTimerGenericCommand                     0x08008871   Thumb Code    94  timers.o(i.xTimerGenericCommand)
    LedTask_attributes                       0x080088d4   Data          36  app_freertos.o(.constdata)
    PDTask_attributes                        0x080088f8   Data          36  app_freertos.o(.constdata)
    CCTask_attributes                        0x0800891c   Data          36  app_freertos.o(.constdata)
    TimeIndexQueue_attributes                0x08008940   Data          24  app_freertos.o(.constdata)
    UARTPrescTable                           0x08008958   Data          24  stm32g4xx_hal_uart.o(.constdata)
    AHBPrescTable                            0x08008980   Data          16  system_stm32g4xx.o(.constdata)
    APBPrescTable                            0x08008990   Data           8  system_stm32g4xx.o(.constdata)
    WCID_StringDescriptor_MSOS               0x0800899c   Data          18  winusb1.0_template.o(.constdata)
    WINUSB_WCIDDescriptor                    0x080089b0   Data          40  winusb1.0_template.o(.constdata)
    WINUSB_IF0_WCIDProperties                0x080089d8   Data         142  winusb1.0_template.o(.constdata)
    winusb_descriptor                        0x08008aa4   Data          36  winusb1.0_template.o(.constdata)
    Region$$Table$$Base                      0x08008c20   Number         0  anon$$obj.o(Region$$Table)
    Region$$Table$$Limit                     0x08008c40   Number         0  anon$$obj.o(Region$$Table)
    LedTaskHandle                            0x20000000   Data           4  app_freertos.o(.data)
    PDTaskHandle                             0x20000004   Data           4  app_freertos.o(.data)
    CCTaskHandle                             0x20000008   Data           4  app_freertos.o(.data)
    TimeIndexQueueHandle                     0x2000000c   Data           4  app_freertos.o(.data)
    adc1_value                               0x20000010   Data           2  adc.o(.data)
    adc2_value                               0x20000012   Data           2  adc.o(.data)
    buffer_index                             0x20000018   Data           1  tim.o(.data)
    uwTickPrio                               0x2000001c   Data           4  stm32g4xx_hal.o(.data)
    uwTickFreq                               0x20000020   Data           4  stm32g4xx_hal.o(.data)
    uwTick                                   0x20000024   Data           4  stm32g4xx_hal.o(.data)
    SystemCoreClock                          0x20000028   Data           4  system_stm32g4xx.o(.data)
    pxCurrentTCB                             0x2000002c   Data           4  tasks.o(.data)
    g_usbdev_bus                             0x200000ac   Data           8  usbd_core.o(.data)
    WINUSB_IFx_WCIDProperties                0x200000b8   Data           4  winusb1.0_template.o(.data)
    msosv1_desc                              0x200000bc   Data          16  winusb1.0_template.o(.data)
    ep_tx_busy_flag                          0x200000cc   Data           1  winusb1.0_template.o(.data)
    winusb_out_ep1                           0x200000d0   Data           8  winusb1.0_template.o(.data)
    winusb_in_ep1                            0x200000d8   Data           8  winusb1.0_template.o(.data)
    __stdout                                 0x200000f8   Data           4  stdout.o(.data)
    g_usbd_core                              0x200000fc   Data         828  usbd_core.o(.noncacheable)
    read_buffer                              0x20000438   Data        2048  winusb1.0_template.o(.noncacheable)
    write_buffer                             0x20000c38   Data        2048  winusb1.0_template.o(.noncacheable)
    cc_detect                                0x20001438   Data          24  app_freertos.o(.bss)
    hadc1                                    0x20001450   Data         108  adc.o(.bss)
    hadc2                                    0x200014bc   Data         108  adc.o(.bss)
    hdma_adc1                                0x20001528   Data          96  adc.o(.bss)
    hdma_adc2                                0x20001588   Data          96  adc.o(.bss)
    hcomp1                                   0x200015e8   Data          36  comp.o(.bss)
    hcomp2                                   0x2000160c   Data          36  comp.o(.bss)
    hdac1                                    0x20001630   Data          20  dac.o(.bss)
    hopamp1                                  0x20001644   Data          60  opamp.o(.bss)
    hopamp2                                  0x20001680   Data          60  opamp.o(.bss)
    time2_data_buffer                        0x200016bc   Data       32768  tim.o(.bss)
    time2_data_len                           0x200096bc   Data          32  tim.o(.bss)
    time_data_systick                        0x200096dc   Data          64  tim.o(.bss)
    htim2                                    0x2000971c   Data          76  tim.o(.bss)
    hdma_tim2_ch1                            0x20009768   Data          96  tim.o(.bss)
    huart1                                   0x200097c8   Data         148  usart.o(.bss)
    htim6                                    0x2000985c   Data          76  stm32g4xx_hal_timebase_tim.o(.bss)
    xQueueRegistry                           0x200098a8   Data          64  queue.o(.bss)
    g_fsdev_udc                              0x2000f57c   Data         400  usb_dc_fsdev.o(.bss)
    intf0                                    0x20011790   Data          28  winusb1.0_template.o(.bss)
    __initial_sp                             0x20011bb0   Data           0  startup_stm32g473xx.o(STACK)



==============================================================================

Memory Map of the image

  Image Entry point : 0x080001d9

  Load Region LR_IROM1 (Base: 0x08000000, Size: 0x0000a078, Max: 0x00020000, ABSOLUTE, COMPRESSED[0x00008ca8])

    Execution Region ER_IROM1 (Exec base: 0x08000000, Load base: 0x08000000, Size: 0x00008c40, Max: 0x00020000, ABSOLUTE)

    Exec Addr    Load Addr    Size         Type   Attr      Idx    E Section Name        Object

    0x08000000   0x08000000   0x000001d8   Data   RO            3    RESET               startup_stm32g473xx.o
    0x080001d8   0x080001d8   0x00000000   Code   RO         8005  * .ARM.Collect$$$$00000000  mc_w.l(entry.o)
    0x080001d8   0x080001d8   0x00000004   Code   RO         8285    .ARM.Collect$$$$00000001  mc_w.l(entry2.o)
    0x080001dc   0x080001dc   0x00000004   Code   RO         8288    .ARM.Collect$$$$00000004  mc_w.l(entry5.o)
    0x080001e0   0x080001e0   0x00000000   Code   RO         8290    .ARM.Collect$$$$00000008  mc_w.l(entry7b.o)
    0x080001e0   0x080001e0   0x00000000   Code   RO         8292    .ARM.Collect$$$$0000000A  mc_w.l(entry8b.o)
    0x080001e0   0x080001e0   0x00000008   Code   RO         8293    .ARM.Collect$$$$0000000B  mc_w.l(entry9a.o)
    0x080001e8   0x080001e8   0x00000004   Code   RO         8300    .ARM.Collect$$$$0000000E  mc_w.l(entry12b.o)
    0x080001ec   0x080001ec   0x00000000   Code   RO         8295    .ARM.Collect$$$$0000000F  mc_w.l(entry10a.o)
    0x080001ec   0x080001ec   0x00000000   Code   RO         8297    .ARM.Collect$$$$00000011  mc_w.l(entry11a.o)
    0x080001ec   0x080001ec   0x00000004   Code   RO         8286    .ARM.Collect$$$$00002712  mc_w.l(entry2.o)
    0x080001f0   0x080001f0   0x000000be   Code   RO         7234    .emb_text           port.o
    0x080002ae   0x080002ae   0x00000002   PAD
    0x080002b0   0x080002b0   0x00000024   Code   RO            4    .text               startup_stm32g473xx.o
    0x080002d4   0x080002d4   0x00000062   Code   RO         8008    .text               mc_w.l(uldiv.o)
    0x08000336   0x08000336   0x00000040   Code   RO         8012    .text               mc_w.l(memmovea.o)
    0x08000376   0x08000376   0x00000024   Code   RO         8016    .text               mc_w.l(memseta.o)
    0x0800039a   0x0800039a   0x0000000e   Code   RO         8018    .text               mc_w.l(strlen.o)
    0x080003a8   0x080003a8   0x0000001e   Code   RO         8304    .text               mc_w.l(llshl.o)
    0x080003c6   0x080003c6   0x00000020   Code   RO         8306    .text               mc_w.l(llushr.o)
    0x080003e6   0x080003e6   0x00000002   PAD
    0x080003e8   0x080003e8   0x00000024   Code   RO         8319    .text               mc_w.l(init.o)
    0x0800040c   0x0800040c   0x00000056   Code   RO         8333    .text               mc_w.l(__dczerorl2.o)
    0x08000462   0x08000462   0x00000068   Code   RO         2076    i.ADC_DMAConvCplt   stm32g4xx_hal_adc.o
    0x080004ca   0x080004ca   0x0000001a   Code   RO         2077    i.ADC_DMAError      stm32g4xx_hal_adc.o
    0x080004e4   0x080004e4   0x0000000a   Code   RO         2078    i.ADC_DMAHalfConvCplt  stm32g4xx_hal_adc.o
    0x080004ee   0x080004ee   0x00000002   PAD
    0x080004f0   0x080004f0   0x00000070   Code   RO         2079    i.ADC_Disable       stm32g4xx_hal_adc.o
    0x08000560   0x08000560   0x000000c8   Code   RO         2080    i.ADC_Enable        stm32g4xx_hal_adc.o
    0x08000628   0x08000628   0x00000002   Code   RO          791    i.BusFault_Handler  stm32g4xx_it.o
    0x0800062a   0x0800062a   0x00000002   PAD
    0x0800062c   0x0800062c   0x0000001c   Code   RO          792    i.COMP1_2_3_IRQHandler  stm32g4xx_it.o
    0x08000648   0x08000648   0x00000040   Code   RO         3399    i.DMA_CalcDMAMUXChannelBaseAndMask  stm32g4xx_hal_dma.o
    0x08000688   0x08000688   0x00000024   Code   RO         3400    i.DMA_CalcDMAMUXRequestGenBaseAndMask  stm32g4xx_hal_dma.o
    0x080006ac   0x080006ac   0x0000003e   Code   RO         3401    i.DMA_SetConfig     stm32g4xx_hal_dma.o
    0x080006ea   0x080006ea   0x00000002   Code   RO          793    i.DebugMon_Handler  stm32g4xx_it.o
    0x080006ec   0x080006ec   0x00000004   Code   RO          195    i.Error_Handler     main.o
    0x080006f0   0x080006f0   0x00000094   Code   RO         2318    i.HAL_ADCEx_Calibration_Start  stm32g4xx_hal_adc_ex.o
    0x08000784   0x08000784   0x00000150   Code   RO         2335    i.HAL_ADCEx_MultiModeConfigChannel  stm32g4xx_hal_adc_ex.o
    0x080008d4   0x080008d4   0x00000464   Code   RO         2082    i.HAL_ADC_ConfigChannel  stm32g4xx_hal_adc.o
    0x08000d38   0x08000d38   0x00000002   Code   RO         2083    i.HAL_ADC_ConvCpltCallback  stm32g4xx_hal_adc.o
    0x08000d3a   0x08000d3a   0x00000002   Code   RO         2084    i.HAL_ADC_ConvHalfCpltCallback  stm32g4xx_hal_adc.o
    0x08000d3c   0x08000d3c   0x00000002   Code   RO         2086    i.HAL_ADC_ErrorCallback  stm32g4xx_hal_adc.o
    0x08000d3e   0x08000d3e   0x00000002   PAD
    0x08000d40   0x08000d40   0x00000234   Code   RO         2091    i.HAL_ADC_Init      stm32g4xx_hal_adc.o
    0x08000f74   0x08000f74   0x00000144   Code   RO          442    i.HAL_ADC_MspInit   adc.o
    0x080010b8   0x080010b8   0x0000012c   Code   RO         2099    i.HAL_ADC_Start_DMA  stm32g4xx_hal_adc.o
    0x080011e4   0x080011e4   0x00000080   Code   RO         4057    i.HAL_COMP_IRQHandler  stm32g4xx_hal_comp.o
    0x08001264   0x08001264   0x00000234   Code   RO         4058    i.HAL_COMP_Init     stm32g4xx_hal_comp.o
    0x08001498   0x08001498   0x000000cc   Code   RO          491    i.HAL_COMP_MspInit  comp.o
    0x08001564   0x08001564   0x0000004c   Code   RO         4062    i.HAL_COMP_Start    stm32g4xx_hal_comp.o
    0x080015b0   0x080015b0   0x00000028   Code   RO         4063    i.HAL_COMP_Stop     stm32g4xx_hal_comp.o
    0x080015d8   0x080015d8   0x00000028   Code   RO          331    i.HAL_COMP_TriggerCallback  app_freertos.o
    0x08001600   0x08001600   0x00000002   Code   RO         4295    i.HAL_DACEx_DMAUnderrunCallbackCh2  stm32g4xx_hal_dac_ex.o
    0x08001602   0x08001602   0x00000002   PAD
    0x08001604   0x08001604   0x000001c8   Code   RO         4149    i.HAL_DAC_ConfigChannel  stm32g4xx_hal_dac.o
    0x080017cc   0x080017cc   0x00000002   Code   RO         4152    i.HAL_DAC_DMAUnderrunCallbackCh1  stm32g4xx_hal_dac.o
    0x080017ce   0x080017ce   0x00000068   Code   RO         4158    i.HAL_DAC_IRQHandler  stm32g4xx_hal_dac.o
    0x08001836   0x08001836   0x00000028   Code   RO         4159    i.HAL_DAC_Init      stm32g4xx_hal_dac.o
    0x0800185e   0x0800185e   0x00000002   PAD
    0x08001860   0x08001860   0x0000006c   Code   RO          542    i.HAL_DAC_MspInit   dac.o
    0x080018cc   0x080018cc   0x00000024   Code   RO         4162    i.HAL_DAC_SetValue  stm32g4xx_hal_dac.o
    0x080018f0   0x080018f0   0x0000007c   Code   RO         4163    i.HAL_DAC_Start     stm32g4xx_hal_dac.o
    0x0800196c   0x0800196c   0x00000078   Code   RO         3403    i.HAL_DMA_Abort_IT  stm32g4xx_hal_dma.o
    0x080019e4   0x080019e4   0x000000c0   Code   RO         3408    i.HAL_DMA_Init      stm32g4xx_hal_dma.o
    0x08001aa4   0x08001aa4   0x0000008c   Code   RO         3412    i.HAL_DMA_Start_IT  stm32g4xx_hal_dma.o
    0x08001b30   0x08001b30   0x000001b0   Code   RO         3264    i.HAL_GPIO_Init     stm32g4xx_hal_gpio.o
    0x08001ce0   0x08001ce0   0x0000000a   Code   RO         3268    i.HAL_GPIO_WritePin  stm32g4xx_hal_gpio.o
    0x08001cea   0x08001cea   0x00000002   PAD
    0x08001cec   0x08001cec   0x0000000c   Code   RO         2543    i.HAL_GetTick       stm32g4xx_hal.o
    0x08001cf8   0x08001cf8   0x00000010   Code   RO         2549    i.HAL_IncTick       stm32g4xx_hal.o
    0x08001d08   0x08001d08   0x0000001e   Code   RO         2550    i.HAL_Init          stm32g4xx_hal.o
    0x08001d26   0x08001d26   0x00000002   PAD
    0x08001d28   0x08001d28   0x00000088   Code   RO          891    i.HAL_InitTick      stm32g4xx_hal_timebase_tim.o
    0x08001db0   0x08001db0   0x0000003c   Code   RO          867    i.HAL_MspInit       stm32g4xx_hal_msp.o
    0x08001dec   0x08001dec   0x0000001a   Code   RO         3913    i.HAL_NVIC_EnableIRQ  stm32g4xx_hal_cortex.o
    0x08001e06   0x08001e06   0x00000002   PAD
    0x08001e08   0x08001e08   0x00000040   Code   RO         3919    i.HAL_NVIC_SetPriority  stm32g4xx_hal_cortex.o
    0x08001e48   0x08001e48   0x00000024   Code   RO         3920    i.HAL_NVIC_SetPriorityGrouping  stm32g4xx_hal_cortex.o
    0x08001e6c   0x08001e6c   0x000000f4   Code   RO         4437    i.HAL_OPAMP_Init    stm32g4xx_hal_opamp.o
    0x08001f60   0x08001f60   0x00000074   Code   RO          608    i.HAL_OPAMP_MspInit  opamp.o
    0x08001fd4   0x08001fd4   0x0000002c   Code   RO         4443    i.HAL_OPAMP_Start   stm32g4xx_hal_opamp.o
    0x08002000   0x08002000   0x00000058   Code   RO          750    i.HAL_PCD_MspInit   usb.o
    0x08002058   0x08002058   0x000000bc   Code   RO         3667    i.HAL_PWREx_ControlVoltageScaling  stm32g4xx_hal_pwr_ex.o
    0x08002114   0x08002114   0x00000010   Code   RO         3679    i.HAL_PWREx_DisableUCPDDeadBattery  stm32g4xx_hal_pwr_ex.o
    0x08002124   0x08002124   0x00000318   Code   RO         2910    i.HAL_RCCEx_PeriphCLKConfig  stm32g4xx_hal_rcc_ex.o
    0x0800243c   0x0800243c   0x000001dc   Code   RO         2785    i.HAL_RCC_ClockConfig  stm32g4xx_hal_rcc.o
    0x08002618   0x08002618   0x00000040   Code   RO         2790    i.HAL_RCC_GetClockConfig  stm32g4xx_hal_rcc.o
    0x08002658   0x08002658   0x0000000c   Code   RO         2791    i.HAL_RCC_GetHCLKFreq  stm32g4xx_hal_rcc.o
    0x08002664   0x08002664   0x00000024   Code   RO         2793    i.HAL_RCC_GetPCLK1Freq  stm32g4xx_hal_rcc.o
    0x08002688   0x08002688   0x00000024   Code   RO         2794    i.HAL_RCC_GetPCLK2Freq  stm32g4xx_hal_rcc.o
    0x080026ac   0x080026ac   0x0000006c   Code   RO         2795    i.HAL_RCC_GetSysClockFreq  stm32g4xx_hal_rcc.o
    0x08002718   0x08002718   0x000003f4   Code   RO         2798    i.HAL_RCC_OscConfig  stm32g4xx_hal_rcc.o
    0x08002b0c   0x08002b0c   0x00000002   Code   RO         1646    i.HAL_TIMEx_Break2Callback  stm32g4xx_hal_tim_ex.o
    0x08002b0e   0x08002b0e   0x00000002   Code   RO         1647    i.HAL_TIMEx_BreakCallback  stm32g4xx_hal_tim_ex.o
    0x08002b10   0x08002b10   0x00000002   Code   RO         1648    i.HAL_TIMEx_CommutCallback  stm32g4xx_hal_tim_ex.o
    0x08002b12   0x08002b12   0x00000002   Code   RO         1659    i.HAL_TIMEx_DirectionChangeCallback  stm32g4xx_hal_tim_ex.o
    0x08002b14   0x08002b14   0x00000002   Code   RO         1673    i.HAL_TIMEx_EncoderIndexCallback  stm32g4xx_hal_tim_ex.o
    0x08002b16   0x08002b16   0x00000002   Code   RO         1687    i.HAL_TIMEx_IndexErrorCallback  stm32g4xx_hal_tim_ex.o
    0x08002b18   0x08002b18   0x000000b8   Code   RO         1688    i.HAL_TIMEx_MasterConfigSynchronization  stm32g4xx_hal_tim_ex.o
    0x08002bd0   0x08002bd0   0x00000088   Code   RO         1708    i.HAL_TIMEx_TISelection  stm32g4xx_hal_tim_ex.o
    0x08002c58   0x08002c58   0x00000002   Code   RO         1709    i.HAL_TIMEx_TransitionErrorCallback  stm32g4xx_hal_tim_ex.o
    0x08002c5a   0x08002c5a   0x00000062   Code   RO          932    i.HAL_TIM_Base_Init  stm32g4xx_hal_tim.o
    0x08002cbc   0x08002cbc   0x0000009c   Code   RO          656    i.HAL_TIM_Base_MspInit  tim.o
    0x08002d58   0x08002d58   0x00000080   Code   RO          935    i.HAL_TIM_Base_Start  stm32g4xx_hal_tim.o
    0x08002dd8   0x08002dd8   0x0000008c   Code   RO          937    i.HAL_TIM_Base_Start_IT  stm32g4xx_hal_tim.o
    0x08002e64   0x08002e64   0x00000002   Code   RO          962    i.HAL_TIM_ErrorCallback  stm32g4xx_hal_tim.o
    0x08002e66   0x08002e66   0x00000002   Code   RO          966    i.HAL_TIM_IC_CaptureCallback  stm32g4xx_hal_tim.o
    0x08002e68   0x08002e68   0x00000002   Code   RO          967    i.HAL_TIM_IC_CaptureHalfCpltCallback  stm32g4xx_hal_tim.o
    0x08002e6a   0x08002e6a   0x00000122   Code   RO          968    i.HAL_TIM_IC_ConfigChannel  stm32g4xx_hal_tim.o
    0x08002f8c   0x08002f8c   0x00000062   Code   RO          971    i.HAL_TIM_IC_Init   stm32g4xx_hal_tim.o
    0x08002fee   0x08002fee   0x00000002   Code   RO          973    i.HAL_TIM_IC_MspInit  stm32g4xx_hal_tim.o
    0x08002ff0   0x08002ff0   0x00000210   Code   RO          975    i.HAL_TIM_IC_Start_DMA  stm32g4xx_hal_tim.o
    0x08003200   0x08003200   0x000000b8   Code   RO          978    i.HAL_TIM_IC_Stop_DMA  stm32g4xx_hal_tim.o
    0x080032b8   0x080032b8   0x000001a2   Code   RO          980    i.HAL_TIM_IRQHandler  stm32g4xx_hal_tim.o
    0x0800345a   0x0800345a   0x00000002   Code   RO          983    i.HAL_TIM_OC_DelayElapsedCallback  stm32g4xx_hal_tim.o
    0x0800345c   0x0800345c   0x00000002   Code   RO         1010    i.HAL_TIM_PWM_PulseFinishedCallback  stm32g4xx_hal_tim.o
    0x0800345e   0x0800345e   0x00000002   PAD
    0x08003460   0x08003460   0x00000028   Code   RO          196    i.HAL_TIM_PeriodElapsedCallback  main.o
    0x08003488   0x08003488   0x00000052   Code   RO         1021    i.HAL_TIM_SlaveConfigSynchro  stm32g4xx_hal_tim.o
    0x080034da   0x080034da   0x00000002   Code   RO         1023    i.HAL_TIM_TriggerCallback  stm32g4xx_hal_tim.o
    0x080034dc   0x080034dc   0x0000003e   Code   RO         4962    i.HAL_UARTEx_DisableFifoMode  stm32g4xx_hal_uart_ex.o
    0x0800351a   0x0800351a   0x0000004c   Code   RO         4971    i.HAL_UARTEx_SetRxFifoThreshold  stm32g4xx_hal_uart_ex.o
    0x08003566   0x08003566   0x0000004c   Code   RO         4972    i.HAL_UARTEx_SetTxFifoThreshold  stm32g4xx_hal_uart_ex.o
    0x080035b2   0x080035b2   0x0000006a   Code   RO         4571    i.HAL_UART_Init     stm32g4xx_hal_uart.o
    0x0800361c   0x0800361c   0x0000007c   Code   RO          702    i.HAL_UART_MspInit  usart.o
    0x08003698   0x08003698   0x000000ae   Code   RO         4580    i.HAL_UART_Transmit  stm32g4xx_hal_uart.o
    0x08003746   0x08003746   0x00000002   Code   RO          794    i.HardFault_Handler  stm32g4xx_it.o
    0x08003748   0x08003748   0x0000000c   Code   RO         2105    i.LL_ADC_GetOffsetChannel  stm32g4xx_hal_adc.o
    0x08003754   0x08003754   0x00000008   Code   RO         2106    i.LL_ADC_INJ_IsConversionOngoing  stm32g4xx_hal_adc.o
    0x0800375c   0x0800375c   0x00000008   Code   RO         2107    i.LL_ADC_IsEnabled  stm32g4xx_hal_adc.o
    0x08003764   0x08003764   0x00000008   Code   RO         2108    i.LL_ADC_REG_IsConversionOngoing  stm32g4xx_hal_adc.o
    0x0800376c   0x0800376c   0x00000008   Code   RO         2346    i.LL_ADC_REG_IsConversionOngoing  stm32g4xx_hal_adc_ex.o
    0x08003774   0x08003774   0x00000010   Code   RO         2109    i.LL_ADC_REG_IsTriggerSourceSWStart  stm32g4xx_hal_adc.o
    0x08003784   0x08003784   0x0000001e   Code   RO         2111    i.LL_ADC_SetChannelSamplingTime  stm32g4xx_hal_adc.o
    0x080037a2   0x080037a2   0x00000010   Code   RO         2112    i.LL_ADC_SetOffsetState  stm32g4xx_hal_adc.o
    0x080037b2   0x080037b2   0x00000002   PAD
    0x080037b4   0x080037b4   0x000000a8   Code   RO          443    i.MX_ADC1_Init      adc.o
    0x0800385c   0x0800385c   0x00000094   Code   RO          444    i.MX_ADC2_Init      adc.o
    0x080038f0   0x080038f0   0x00000034   Code   RO          492    i.MX_COMP1_Init     comp.o
    0x08003924   0x08003924   0x00000038   Code   RO          493    i.MX_COMP2_Init     comp.o
    0x0800395c   0x0800395c   0x00000094   Code   RO          543    i.MX_DAC1_Init      dac.o
    0x080039f0   0x080039f0   0x0000002c   Code   RO          583    i.MX_DMA_Init       dma.o
    0x08003a1c   0x08003a1c   0x00000050   Code   RO          332    i.MX_FREERTOS_Init  app_freertos.o
    0x08003a6c   0x08003a6c   0x0000005c   Code   RO          307    i.MX_GPIO_Init      gpio.o
    0x08003ac8   0x08003ac8   0x00000038   Code   RO          609    i.MX_OPAMP1_Init    opamp.o
    0x08003b00   0x08003b00   0x00000038   Code   RO          610    i.MX_OPAMP2_Init    opamp.o
    0x08003b38   0x08003b38   0x000000c8   Code   RO          657    i.MX_TIM2_Init      tim.o
    0x08003c00   0x08003c00   0x00000068   Code   RO          703    i.MX_USART1_UART_Init  usart.o
    0x08003c68   0x08003c68   0x00000002   Code   RO          795    i.MemManage_Handler  stm32g4xx_it.o
    0x08003c6a   0x08003c6a   0x00000002   Code   RO          796    i.NMI_Handler       stm32g4xx_it.o
    0x08003c6c   0x08003c6c   0x00000038   Code   RO          333    i.StartLedTask      app_freertos.o
    0x08003ca4   0x08003ca4   0x000000e4   Code   RO          334    i.StartTaskCC       app_freertos.o
    0x08003d88   0x08003d88   0x00000058   Code   RO          335    i.StartTaskPD       app_freertos.o
    0x08003de0   0x08003de0   0x0000001a   Code   RO         6666    i.SysTick_Handler   cmsis_os2.o
    0x08003dfa   0x08003dfa   0x00000070   Code   RO          197    i.SystemClock_Config  main.o
    0x08003e6a   0x08003e6a   0x00000002   PAD
    0x08003e6c   0x08003e6c   0x00000010   Code   RO         5528    i.SystemInit        system_stm32g4xx.o
    0x08003e7c   0x08003e7c   0x0000000c   Code   RO          797    i.TIM2_IRQHandler   stm32g4xx_it.o
    0x08003e88   0x08003e88   0x0000001c   Code   RO          798    i.TIM6_DAC_IRQHandler  stm32g4xx_it.o
    0x08003ea4   0x08003ea4   0x000000e4   Code   RO         1025    i.TIM_Base_SetConfig  stm32g4xx_hal_tim.o
    0x08003f88   0x08003f88   0x0000001a   Code   RO         1026    i.TIM_CCxChannelCmd  stm32g4xx_hal_tim.o
    0x08003fa2   0x08003fa2   0x0000006e   Code   RO         1027    i.TIM_DMACaptureCplt  stm32g4xx_hal_tim.o
    0x08004010   0x08004010   0x00000038   Code   RO         1028    i.TIM_DMACaptureHalfCplt  stm32g4xx_hal_tim.o
    0x08004048   0x08004048   0x00000054   Code   RO         1031    i.TIM_DMAError      stm32g4xx_hal_tim.o
    0x0800409c   0x0800409c   0x00000014   Code   RO         1036    i.TIM_ETR_SetConfig  stm32g4xx_hal_tim.o
    0x080040b0   0x080040b0   0x000000d4   Code   RO         1044    i.TIM_SlaveTimer_SetConfig  stm32g4xx_hal_tim.o
    0x08004184   0x08004184   0x00000022   Code   RO         1045    i.TIM_TI1_ConfigInputStage  stm32g4xx_hal_tim.o
    0x080041a6   0x080041a6   0x00000002   PAD
    0x080041a8   0x080041a8   0x00000080   Code   RO         1046    i.TIM_TI1_SetConfig  stm32g4xx_hal_tim.o
    0x08004228   0x08004228   0x00000024   Code   RO         1047    i.TIM_TI2_ConfigInputStage  stm32g4xx_hal_tim.o
    0x0800424c   0x0800424c   0x00000036   Code   RO         1048    i.TIM_TI2_SetConfig  stm32g4xx_hal_tim.o
    0x08004282   0x08004282   0x00000002   PAD
    0x08004284   0x08004284   0x00000044   Code   RO         4976    i.UARTEx_SetNbDataToProcess  stm32g4xx_hal_uart_ex.o
    0x080042c8   0x080042c8   0x000000c8   Code   RO         4585    i.UART_AdvFeatureConfig  stm32g4xx_hal_uart.o
    0x08004390   0x08004390   0x000000ac   Code   RO         4586    i.UART_CheckIdleState  stm32g4xx_hal_uart.o
    0x0800443c   0x0800443c   0x00000054   Code   RO         4597    i.UART_EndRxTransfer  stm32g4xx_hal_uart.o
    0x08004490   0x08004490   0x00000298   Code   RO         4603    i.UART_SetConfig    stm32g4xx_hal_uart.o
    0x08004728   0x08004728   0x00000092   Code   RO         4610    i.UART_WaitOnFlagUntilTimeout  stm32g4xx_hal_uart.o
    0x080047ba   0x080047ba   0x00000002   PAD
    0x080047bc   0x080047bc   0x000003b8   Code   RO         7710    i.USBD_IRQHandler   usb_dc_fsdev.o
    0x08004b74   0x08004b74   0x00000006   Code   RO         7827    i.USB_LP_IRQHandler  usb_glue_st.o
    0x08004b7a   0x08004b7a   0x00000002   Code   RO          799    i.UsageFault_Handler  stm32g4xx_it.o
    0x08004b7c   0x08004b7c   0x00000020   Code   RO         8231    i.__0printf$8       mc_w.l(printf8.o)
    0x08004b9c   0x08004b9c   0x00000020   Code   RO         3926    i.__NVIC_SetPriority  stm32g4xx_hal_cortex.o
    0x08004bbc   0x08004bbc   0x0000000e   Code   RO         8327    i.__scatterload_copy  mc_w.l(handlers.o)
    0x08004bca   0x08004bca   0x00000002   Code   RO         8328    i.__scatterload_null  mc_w.l(handlers.o)
    0x08004bcc   0x08004bcc   0x0000000e   Code   RO         8329    i.__scatterload_zeroinit  mc_w.l(handlers.o)
    0x08004bda   0x08004bda   0x00000002   PAD
    0x08004bdc   0x08004bdc   0x00000120   Code   RO         7492    i.__usbd_event_ep0_setup_complete_handler  usbd_core.o
    0x08004cfc   0x08004cfc   0x00000404   Code   RO         8238    i._printf_core      mc_w.l(printf8.o)
    0x08005100   0x08005100   0x00000024   Code   RO         8239    i._printf_post_padding  mc_w.l(printf8.o)
    0x08005124   0x08005124   0x0000002e   Code   RO         8240    i._printf_pre_padding  mc_w.l(printf8.o)
    0x08005152   0x08005152   0x00000002   PAD
    0x08005154   0x08005154   0x00000008   Code   RO         7902    i.config_descriptor_callback  winusb1.0_template.o
    0x0800515c   0x0800515c   0x000000f0   Code   RO           13    i.decode_bmc        bmc_analyze.o
    0x0800524c   0x0800524c   0x00000008   Code   RO         7903    i.device_descriptor_callback  winusb1.0_template.o
    0x08005254   0x08005254   0x00000008   Code   RO         7904    i.device_quality_descriptor_callback  winusb1.0_template.o
    0x0800525c   0x0800525c   0x00000010   Code   RO         7493    i.dword2array       usbd_core.o
    0x0800526c   0x0800526c   0x00000010   Code   RO         7905    i.dword2array       winusb1.0_template.o
    0x0800527c   0x0800527c   0x00000074   Code   RO         6134    i.eTaskGetState     tasks.o
    0x080052f0   0x080052f0   0x00000018   Code   RO          704    i.fputc             usart.o
    0x08005308   0x08005308   0x00000028   Code   RO         7711    i.fsdev_read_pma    usb_dc_fsdev.o
    0x08005330   0x08005330   0x00000024   Code   RO         7712    i.fsdev_write_pma   usb_dc_fsdev.o
    0x08005354   0x08005354   0x0000008c   Code   RO          336    i.handle_cc_attach  app_freertos.o
    0x080053e0   0x080053e0   0x00000054   Code   RO          337    i.handle_cc_detach  app_freertos.o
    0x08005434   0x08005434   0x0000001c   Code   RO         7494    i.is_device_configured  usbd_core.o
    0x08005450   0x08005450   0x00000070   Code   RO          198    i.main              main.o
    0x080054c0   0x080054c0   0x0000001a   Code   RO         6668    i.osDelay           cmsis_os2.o
    0x080054da   0x080054da   0x0000000e   Code   RO         6680    i.osKernelGetTickCount  cmsis_os2.o
    0x080054e8   0x080054e8   0x00000024   Code   RO         6682    i.osKernelInitialize  cmsis_os2.o
    0x0800550c   0x0800550c   0x00000038   Code   RO         6685    i.osKernelStart     cmsis_os2.o
    0x08005544   0x08005544   0x00000064   Code   RO         6697    i.osMessageQueueGet  cmsis_os2.o
    0x080055a8   0x080055a8   0x00000058   Code   RO         6702    i.osMessageQueueNew  cmsis_os2.o
    0x08005600   0x08005600   0x00000068   Code   RO         6703    i.osMessageQueuePut  cmsis_os2.o
    0x08005668   0x08005668   0x00000088   Code   RO         6727    i.osThreadNew       cmsis_os2.o
    0x080056f0   0x080056f0   0x0000005c   Code   RO         6136    i.prvAddCurrentTaskToDelayedList  tasks.o
    0x0800574c   0x0800574c   0x000000d0   Code   RO         6137    i.prvAddNewTaskToReadyList  tasks.o
    0x0800581c   0x0800581c   0x00000058   Code   RO         6501    i.prvCheckForValidListAndQueue  timers.o
    0x08005874   0x08005874   0x00000026   Code   RO         5733    i.prvCopyDataFromQueue  queue.o
    0x0800589a   0x0800589a   0x0000006c   Code   RO         5734    i.prvCopyDataToQueue  queue.o
    0x08005906   0x08005906   0x00000034   Code   RO         6138    i.prvDeleteTCB      tasks.o
    0x0800593a   0x0800593a   0x00000002   PAD
    0x0800593c   0x0800593c   0x0000004c   Code   RO         7179    i.prvHeapInit       heap_4.o
    0x08005988   0x08005988   0x0000005c   Code   RO         6139    i.prvIdleTask       tasks.o
    0x080059e4   0x080059e4   0x00000020   Code   RO         5736    i.prvInitialiseNewQueue  queue.o
    0x08005a04   0x08005a04   0x000000aa   Code   RO         6140    i.prvInitialiseNewTask  tasks.o
    0x08005aae   0x08005aae   0x00000002   PAD
    0x08005ab0   0x08005ab0   0x0000004c   Code   RO         7180    i.prvInsertBlockIntoFreeList  heap_4.o
    0x08005afc   0x08005afc   0x00000038   Code   RO         6503    i.prvInsertTimerInActiveList  timers.o
    0x08005b34   0x08005b34   0x0000001a   Code   RO         5737    i.prvIsQueueEmpty   queue.o
    0x08005b4e   0x08005b4e   0x00000056   Code   RO         6141    i.prvListTasksWithinSingleList  tasks.o
    0x08005ba4   0x08005ba4   0x000000fc   Code   RO         6504    i.prvProcessReceivedCommands  timers.o
    0x08005ca0   0x08005ca0   0x000000c0   Code   RO         6505    i.prvProcessTimerOrBlockTask  timers.o
    0x08005d60   0x08005d60   0x00000020   Code   RO         6142    i.prvResetNextTaskUnblockTime  tasks.o
    0x08005d80   0x08005d80   0x00000028   Code   RO         6506    i.prvSampleTimeNow  timers.o
    0x08005da8   0x08005da8   0x0000006c   Code   RO         6507    i.prvSwitchTimerLists  timers.o
    0x08005e14   0x08005e14   0x00000014   Code   RO         6143    i.prvTaskCheckFreeStackSpace  tasks.o
    0x08005e28   0x08005e28   0x00000028   Code   RO         7235    i.prvTaskExitError  port.o
    0x08005e50   0x08005e50   0x00000028   Code   RO         6508    i.prvTimerTask      timers.o
    0x08005e78   0x08005e78   0x0000006a   Code   RO         5738    i.prvUnlockQueue    queue.o
    0x08005ee2   0x08005ee2   0x00000002   PAD
    0x08005ee4   0x08005ee4   0x000000e4   Code   RO         7181    i.pvPortMalloc      heap_4.o
    0x08005fc8   0x08005fc8   0x0000002c   Code   RO         7236    i.pxPortInitialiseStack  port.o
    0x08005ff4   0x08005ff4   0x0000004c   Code   RO         7906    i.queue_dequeue     winusb1.0_template.o
    0x08006040   0x08006040   0x0000004c   Code   RO         7907    i.queue_enqueue     winusb1.0_template.o
    0x0800608c   0x0800608c   0x00000028   Code   RO           14    i.send_pd_message   bmc_analyze.o
    0x080060b4   0x080060b4   0x00000014   Code   RO         7908    i.string_descriptor_callback  winusb1.0_template.o
    0x080060c8   0x080060c8   0x0000009c   Code   RO          338    i.timer2_timeout_handle  app_freertos.o
    0x08006164   0x08006164   0x00000044   Code   RO         7714    i.usb_dc_init       usb_dc_fsdev.o
    0x080061a8   0x080061a8   0x0000001c   Code   RO         7829    i.usb_dc_low_level_init  usb_glue_st.o
    0x080061c4   0x080061c4   0x000000cc   Code   RO         7497    i.usb_memcpy        usbd_core.o
    0x08006290   0x08006290   0x000000cc   Code   RO         7909    i.usb_memcpy        winusb1.0_template.o
    0x0800635c   0x0800635c   0x0000005c   Code   RO         7498    i.usbd_add_endpoint  usbd_core.o
    0x080063b8   0x080063b8   0x00000030   Code   RO         7499    i.usbd_add_interface  usbd_core.o
    0x080063e8   0x080063e8   0x00000058   Code   RO         7500    i.usbd_class_event_notify_handler  usbd_core.o
    0x08006440   0x08006440   0x00000094   Code   RO         7501    i.usbd_class_request_handler  usbd_core.o
    0x080064d4   0x080064d4   0x00000048   Code   RO         7503    i.usbd_desc_register  usbd_core.o
    0x0800651c   0x0800651c   0x00000088   Code   RO         7717    i.usbd_ep_clear_stall  usb_dc_fsdev.o
    0x080065a4   0x080065a4   0x00000068   Code   RO         7718    i.usbd_ep_close     usb_dc_fsdev.o
    0x0800660c   0x0800660c   0x0000003c   Code   RO         7719    i.usbd_ep_is_stalled  usb_dc_fsdev.o
    0x08006648   0x08006648   0x000003a0   Code   RO         7720    i.usbd_ep_open      usb_dc_fsdev.o
    0x080069e8   0x080069e8   0x0000003c   Code   RO         7721    i.usbd_ep_set_stall  usb_dc_fsdev.o
    0x08006a24   0x08006a24   0x00000058   Code   RO         7722    i.usbd_ep_start_read  usb_dc_fsdev.o
    0x08006a7c   0x08006a7c   0x00000080   Code   RO         7723    i.usbd_ep_start_write  usb_dc_fsdev.o
    0x08006afc   0x08006afc   0x00000068   Code   RO         7506    i.usbd_event_ep0_in_complete_handler  usbd_core.o
    0x08006b64   0x08006b64   0x00000078   Code   RO         7507    i.usbd_event_ep0_out_complete_handler  usbd_core.o
    0x08006bdc   0x08006bdc   0x0000002c   Code   RO         7508    i.usbd_event_ep0_setup_complete_handler  usbd_core.o
    0x08006c08   0x08006c08   0x00000030   Code   RO         7509    i.usbd_event_ep_in_complete_handler  usbd_core.o
    0x08006c38   0x08006c38   0x00000030   Code   RO         7510    i.usbd_event_ep_out_complete_handler  usbd_core.o
    0x08006c68   0x08006c68   0x00000058   Code   RO         7910    i.usbd_event_handler  winusb1.0_template.o
    0x08006cc0   0x08006cc0   0x0000007c   Code   RO         7511    i.usbd_event_reset_handler  usbd_core.o
    0x08006d3c   0x08006d3c   0x000001d4   Code   RO         7515    i.usbd_get_descriptor  usbd_core.o
    0x08006f10   0x08006f10   0x00000004   Code   RO         7724    i.usbd_get_port_speed  usb_dc_fsdev.o
    0x08006f14   0x08006f14   0x00000078   Code   RO         7519    i.usbd_initialize   usbd_core.o
    0x08006f8c   0x08006f8c   0x0000001c   Code   RO         7725    i.usbd_set_address  usb_dc_fsdev.o
    0x08006fa8   0x08006fa8   0x00000088   Code   RO         7521    i.usbd_set_configuration  usbd_core.o
    0x08007030   0x08007030   0x00000074   Code   RO         7522    i.usbd_set_endpoint  usbd_core.o
    0x080070a4   0x080070a4   0x000000b4   Code   RO         7523    i.usbd_set_interface  usbd_core.o
    0x08007158   0x08007158   0x000000f4   Code   RO         7524    i.usbd_setup_request_handler  usbd_core.o
    0x0800724c   0x0800724c   0x000000f4   Code   RO         7525    i.usbd_std_device_req_handler  usbd_core.o
    0x08007340   0x08007340   0x000000f4   Code   RO         7526    i.usbd_std_endpoint_req_handler  usbd_core.o
    0x08007434   0x08007434   0x00000134   Code   RO         7527    i.usbd_std_interface_req_handler  usbd_core.o
    0x08007568   0x08007568   0x00000128   Code   RO         7528    i.usbd_vendor_request_handler  usbd_core.o
    0x08007690   0x08007690   0x00000064   Code   RO         7911    i.usbd_winusb_in    winusb1.0_template.o
    0x080076f4   0x080076f4   0x00000038   Code   RO         7912    i.usbd_winusb_out   winusb1.0_template.o
    0x0800772c   0x0800772c   0x00000026   Code   RO         5693    i.uxListRemove      list.o
    0x08007752   0x08007752   0x00000002   PAD
    0x08007754   0x08007754   0x000000ac   Code   RO         6150    i.uxTaskGetSystemState  tasks.o
    0x08007800   0x08007800   0x00000014   Code   RO         6739    i.vApplicationGetIdleTaskMemory  cmsis_os2.o
    0x08007814   0x08007814   0x00000018   Code   RO         6740    i.vApplicationGetTimerTaskMemory  cmsis_os2.o
    0x0800782c   0x0800782c   0x00000002   Code   RO          339    i.vApplicationMallocFailedHook  app_freertos.o
    0x0800782e   0x0800782e   0x00000002   PAD
    0x08007830   0x08007830   0x00000088   Code   RO          340    i.vApplicationStackOverflowHook  app_freertos.o
    0x080078b8   0x080078b8   0x00000016   Code   RO         5694    i.vListInitialise   list.o
    0x080078ce   0x080078ce   0x00000006   Code   RO         5695    i.vListInitialiseItem  list.o
    0x080078d4   0x080078d4   0x00000030   Code   RO         5696    i.vListInsert       list.o
    0x08007904   0x08007904   0x00000018   Code   RO         5697    i.vListInsertEnd    list.o
    0x0800791c   0x0800791c   0x00000040   Code   RO         7238    i.vPortEnterCritical  port.o
    0x0800795c   0x0800795c   0x00000028   Code   RO         7239    i.vPortExitCritical  port.o
    0x08007984   0x08007984   0x00000064   Code   RO         7182    i.vPortFree         heap_4.o
    0x080079e8   0x080079e8   0x00000024   Code   RO         7240    i.vPortSetupTimerInterrupt  port.o
    0x08007a0c   0x08007a0c   0x00000054   Code   RO         7241    i.vPortValidateInterruptPriority  port.o
    0x08007a60   0x08007a60   0x00000024   Code   RO         5744    i.vQueueAddToRegistry  queue.o
    0x08007a84   0x08007a84   0x00000044   Code   RO         5748    i.vQueueWaitForMessageRestricted  queue.o
    0x08007ac8   0x08007ac8   0x0000004c   Code   RO         6155    i.vTaskDelay        tasks.o
    0x08007b14   0x08007b14   0x00000074   Code   RO         6159    i.vTaskGetInfo      tasks.o
    0x08007b88   0x08007b88   0x00000010   Code   RO         6160    i.vTaskInternalSetTimeOutState  tasks.o
    0x08007b98   0x08007b98   0x0000000c   Code   RO         6161    i.vTaskMissedYield  tasks.o
    0x08007ba4   0x08007ba4   0x00000030   Code   RO         6163    i.vTaskPlaceOnEventList  tasks.o
    0x08007bd4   0x08007bd4   0x00000038   Code   RO         6164    i.vTaskPlaceOnEventListRestricted  tasks.o
    0x08007c0c   0x08007c0c   0x00000084   Code   RO         6172    i.vTaskStartScheduler  tasks.o
    0x08007c90   0x08007c90   0x00000010   Code   RO         6174    i.vTaskSuspendAll   tasks.o
    0x08007ca0   0x08007ca0   0x0000008c   Code   RO         6175    i.vTaskSwitchContext  tasks.o
    0x08007d2c   0x08007d2c   0x00000044   Code   RO         7913    i.winusb_init       winusb1.0_template.o
    0x08007d70   0x08007d70   0x00000084   Code   RO         7914    i.winusb_send_data_ep1  winusb1.0_template.o
    0x08007df4   0x08007df4   0x000000f4   Code   RO         7242    i.xPortStartScheduler  port.o
    0x08007ee8   0x08007ee8   0x0000002c   Code   RO         7243    i.xPortSysTickHandler  port.o
    0x08007f14   0x08007f14   0x00000042   Code   RO         5753    i.xQueueGenericCreate  queue.o
    0x08007f56   0x08007f56   0x00000066   Code   RO         5754    i.xQueueGenericCreateStatic  queue.o
    0x08007fbc   0x08007fbc   0x00000088   Code   RO         5755    i.xQueueGenericReset  queue.o
    0x08008044   0x08008044   0x00000164   Code   RO         5756    i.xQueueGenericSend  queue.o
    0x080081a8   0x080081a8   0x000000be   Code   RO         5757    i.xQueueGenericSendFromISR  queue.o
    0x08008266   0x08008266   0x00000002   PAD
    0x08008268   0x08008268   0x00000138   Code   RO         5766    i.xQueueReceive     queue.o
    0x080083a0   0x080083a0   0x0000009a   Code   RO         5767    i.xQueueReceiveFromISR  queue.o
    0x0800843a   0x0800843a   0x00000002   PAD
    0x0800843c   0x0800843c   0x00000074   Code   RO         6177    i.xTaskCheckForTimeOut  tasks.o
    0x080084b0   0x080084b0   0x0000005a   Code   RO         6178    i.xTaskCreate       tasks.o
    0x0800850a   0x0800850a   0x0000005a   Code   RO         6179    i.xTaskCreateStatic  tasks.o
    0x08008564   0x08008564   0x0000001c   Code   RO         6183    i.xTaskGetSchedulerState  tasks.o
    0x08008580   0x08008580   0x0000000c   Code   RO         6184    i.xTaskGetTickCount  tasks.o
    0x0800858c   0x0800858c   0x00000010   Code   RO         6185    i.xTaskGetTickCountFromISR  tasks.o
    0x0800859c   0x0800859c   0x000000c8   Code   RO         6186    i.xTaskIncrementTick  tasks.o
    0x08008664   0x08008664   0x0000007c   Code   RO         6189    i.xTaskPriorityDisinherit  tasks.o
    0x080086e0   0x080086e0   0x00000070   Code   RO         6191    i.xTaskRemoveFromEventList  tasks.o
    0x08008750   0x08008750   0x000000c0   Code   RO         6192    i.xTaskResumeAll    tasks.o
    0x08008810   0x08008810   0x00000060   Code   RO         6517    i.xTimerCreateTimerTask  timers.o
    0x08008870   0x08008870   0x00000064   Code   RO         6518    i.xTimerGenericCommand  timers.o
    0x080088d4   0x080088d4   0x00000084   Data   RO          342    .constdata          app_freertos.o
    0x08008958   0x08008958   0x00000018   Data   RO         4611    .constdata          stm32g4xx_hal_uart.o
    0x08008970   0x08008970   0x00000010   Data   RO         4977    .constdata          stm32g4xx_hal_uart_ex.o
    0x08008980   0x08008980   0x00000010   Data   RO         5529    .constdata          system_stm32g4xx.o
    0x08008990   0x08008990   0x00000008   Data   RO         5530    .constdata          system_stm32g4xx.o
    0x08008998   0x08008998   0x00000002   Data   RO         7917    .constdata          winusb1.0_template.o
    0x0800899a   0x0800899a   0x00000002   PAD
    0x0800899c   0x0800899c   0x00000012   Data   RO         7918    .constdata          winusb1.0_template.o
    0x080089ae   0x080089ae   0x00000002   PAD
    0x080089b0   0x080089b0   0x00000028   Data   RO         7919    .constdata          winusb1.0_template.o
    0x080089d8   0x080089d8   0x0000008e   Data   RO         7920    .constdata          winusb1.0_template.o
    0x08008a66   0x08008a66   0x00000002   PAD
    0x08008a68   0x08008a68   0x00000060   Data   RO         7922    .constdata          winusb1.0_template.o
    0x08008ac8   0x08008ac8   0x00000028   Data   RO          343    .conststring        app_freertos.o
    0x08008af0   0x08008af0   0x00000101   Data   RO         7728    .conststring        usb_dc_fsdev.o
    0x08008bf1   0x08008bf1   0x00000003   PAD
    0x08008bf4   0x08008bf4   0x0000002a   Data   RO         7923    .conststring        winusb1.0_template.o
    0x08008c1e   0x08008c1e   0x00000002   PAD
    0x08008c20   0x08008c20   0x00000020   Data   RO         8325    Region$$Table       anon$$obj.o


    Execution Region RW_IRAM1 (Exec base: 0x20000000, Load base: 0x08008c40, Size: 0x00011bb0, Max: 0x00020000, ABSOLUTE, COMPRESSED[0x00000068])

    Exec Addr    Load Addr    Size         Type   Attr      Idx    E Section Name        Object

    0x20000000   COMPRESSED   0x00000010   Data   RW          344    .data               app_freertos.o
    0x20000010   COMPRESSED   0x00000008   Data   RW          446    .data               adc.o
    0x20000018   COMPRESSED   0x00000001   Data   RW          662    .data               tim.o
    0x20000019   COMPRESSED   0x00000003   PAD
    0x2000001c   COMPRESSED   0x0000000c   Data   RW         2570    .data               stm32g4xx_hal.o
    0x20000028   COMPRESSED   0x00000004   Data   RW         5531    .data               system_stm32g4xx.o
    0x2000002c   COMPRESSED   0x0000003c   Data   RW         6195    .data               tasks.o
    0x20000068   COMPRESSED   0x00000014   Data   RW         6526    .data               timers.o
    0x2000007c   COMPRESSED   0x00000004   Data   RW         6744    .data               cmsis_os2.o
    0x20000080   COMPRESSED   0x00000020   Data   RW         7188    .data               heap_4.o
    0x200000a0   COMPRESSED   0x0000000c   Data   RW         7244    .data               port.o
    0x200000ac   COMPRESSED   0x00000008   Data   RW         7529    .data               usbd_core.o
    0x200000b4   COMPRESSED   0x00000004   Data   RW         7830    .data               usb_glue_st.o
    0x200000b8   COMPRESSED   0x00000004   Data   RW         7924    .data               winusb1.0_template.o
    0x200000bc   COMPRESSED   0x00000010   Data   RW         7925    .data               winusb1.0_template.o
    0x200000cc   COMPRESSED   0x0000002c   Data   RW         7926    .data               winusb1.0_template.o
    0x200000f8   COMPRESSED   0x00000004   Data   RW         8301    .data               mc_w.l(stdout.o)
    0x200000fc   COMPRESSED   0x0000033c   Data   RW         7530    .noncacheable       usbd_core.o
    0x20000438   COMPRESSED   0x00001000   Data   RW         7927    .noncacheable       winusb1.0_template.o
    0x20001438        -       0x00000018   Zero   RW          341    .bss                app_freertos.o
    0x20001450        -       0x00000198   Zero   RW          445    .bss                adc.o
    0x200015e8        -       0x00000048   Zero   RW          494    .bss                comp.o
    0x20001630        -       0x00000014   Zero   RW          544    .bss                dac.o
    0x20001644        -       0x00000078   Zero   RW          611    .bss                opamp.o
    0x200016bc        -       0x00008000   Zero   RW          658    .bss                tim.o
    0x200096bc        -       0x00000020   Zero   RW          659    .bss                tim.o
    0x200096dc        -       0x00000040   Zero   RW          660    .bss                tim.o
    0x2000971c        -       0x000000ac   Zero   RW          661    .bss                tim.o
    0x200097c8        -       0x00000094   Zero   RW          705    .bss                usart.o
    0x2000985c        -       0x0000004c   Zero   RW          894    .bss                stm32g4xx_hal_timebase_tim.o
    0x200098a8        -       0x00000040   Zero   RW         5770    .bss                queue.o
    0x200098e8        -       0x000004c4   Zero   RW         6194    .bss                tasks.o
    0x20009dac        -       0x00000118   Zero   RW         6525    .bss                timers.o
    0x20009ec4        -       0x000006b8   Zero   RW         6743    .bss                cmsis_os2.o
    0x2000a57c        -       0x00005000   Zero   RW         7187    .bss                heap_4.o
    0x2000f57c        -       0x00000190   Zero   RW         7727    .bss                usb_dc_fsdev.o
    0x2000f70c        -       0x000020a0   Zero   RW         7916    .bss                winusb1.0_template.o
    0x200117ac   COMPRESSED   0x00000004   PAD
    0x200117b0        -       0x00000400   Zero   RW            1    STACK               startup_stm32g473xx.o


==============================================================================

Image component sizes


      Code (inc. data)   RO Data    RW Data    ZI Data      Debug   Object Name

       640         56          0          8        408       2924   adc.o
      1010        212        172         16         24      20116   app_freertos.o
       280          6          0          0          0     812692   bmc_analyze.o
       630         30          0          4       1720      54682   cmsis_os2.o
       312         30          0          0         72       6379   comp.o
       256         20          0          0         20       1757   dac.o
        44          6          0          0          0        782   dma.o
         0          0          0          0          0      19360   event_groups.o
        92          8          0          0          0        875   gpio.o
       480         26          0         32      20480       4935   heap_4.o
       138          0          0          0          0       3522   list.o
       268         38          0          0          0      14696   main.o
       228         28          0          0        120       2256   opamp.o
       786         80          0         12          0      11457   port.o
      1730         18          0          0         64      19853   queue.o
        36          8        472          0       1024        832   startup_stm32g473xx.o
        58         10          0         12          0       2982   stm32g4xx_hal.o
      2544        186          0          0          0      82503   stm32g4xx_hal_adc.o
       492         34          0          0          0      70329   stm32g4xx_hal_adc_ex.o
       808         54          0          0          0       9463   stm32g4xx_hal_comp.o
       158         14          0          0          0      32994   stm32g4xx_hal_cortex.o
       762         18          0          0          0       5828   stm32g4xx_hal_dac.o
         2          0          0          0          0       1019   stm32g4xx_hal_dac_ex.o
       614         30          0          0          0       4861   stm32g4xx_hal_dma.o
       442         32          0          0          0       2208   stm32g4xx_hal_gpio.o
        60          6          0          0          0        862   stm32g4xx_hal_msp.o
       288          8          0          0          0       2455   stm32g4xx_hal_opamp.o
       204         18          0          0          0       1429   stm32g4xx_hal_pwr_ex.o
      1744        104          0          0          0       7629   stm32g4xx_hal_rcc.o
       792         10          0          0          0       2068   stm32g4xx_hal_rcc_ex.o
      2968        200          0          0          0      22140   stm32g4xx_hal_tim.o
       334         44          0          0          0       6580   stm32g4xx_hal_tim_ex.o
       136         20          0          0         76       1411   stm32g4xx_hal_timebase_tim.o
      1546         74         24          0          0      26366   stm32g4xx_hal_uart.o
       282          6         16          0          0       3653   stm32g4xx_hal_uart_ex.o
        80         26          0          0          0       4248   stm32g4xx_it.o
         0          0          0          0          0       9392   stream_buffer.o
        16          4         24          4          0       1115   system_stm32g4xx.o
      2632        192          0         60       1220      32117   tasks.o
       356         18          0          1      33036       2192   tim.o
       972         82          0         20        280      24099   timers.o
       252         22          0          0        148       2306   usart.o
        88          8          0          0          0        910   usb.o
      2632        300        257          0        400      59356   usb_dc_fsdev.o
        34         10          0          4          0       1608   usb_glue_st.o
         0          0          0          0          0        520   usbd_cdc_acm.o
      3828        568          0        836          0      26035   usbd_core.o
         0          0          0          0          0      18019   usbd_hid.o
       860         84        340       4160       8352      11462   winusb1.0_template.o

    ----------------------------------------------------------------------
     32958       2748       1348       5172      67448    1457277   Object Totals
         0          0         32          0          0          0   (incl. Generated)
        44          0         11          3          4          0   (incl. Padding)

    ----------------------------------------------------------------------

      Code (inc. data)   RO Data    RW Data    ZI Data      Debug   Library Member Name

        86          0          0          0          0          0   __dczerorl2.o
         0          0          0          0          0          0   entry.o
         0          0          0          0          0          0   entry10a.o
         0          0          0          0          0          0   entry11a.o
         4          0          0          0          0          0   entry12b.o
         8          4          0          0          0          0   entry2.o
         4          0          0          0          0          0   entry5.o
         0          0          0          0          0          0   entry7b.o
         0          0          0          0          0          0   entry8b.o
         8          4          0          0          0          0   entry9a.o
        30          0          0          0          0          0   handlers.o
        36          8          0          0          0         68   init.o
        30          0          0          0          0         68   llshl.o
        32          0          0          0          0         68   llushr.o
        64          0          0          0          0         76   memmovea.o
        36          0          0          0          0        108   memseta.o
      1142         54          0          0          0        352   printf8.o
         0          0          0          4          0          0   stdout.o
        14          0          0          0          0         68   strlen.o
        98          0          0          0          0         92   uldiv.o

    ----------------------------------------------------------------------
      1598         70          0          4          0        900   Library Totals
         6          0          0          0          0          0   (incl. Padding)

    ----------------------------------------------------------------------

      Code (inc. data)   RO Data    RW Data    ZI Data      Debug   Library Name

      1592         70          0          4          0        900   mc_w.l

    ----------------------------------------------------------------------
      1598         70          0          4          0        900   Library Totals

    ----------------------------------------------------------------------

==============================================================================


      Code (inc. data)   RO Data    RW Data    ZI Data      Debug   

     34556       2818       1348       5176      67448    1430197   Grand Totals
     34556       2818       1348        104      67448    1430197   ELF Image Totals (compressed)
     34556       2818       1348        104          0          0   ROM Totals

==============================================================================

    Total RO  Size (Code + RO Data)                35904 (  35.06kB)
    Total RW  Size (RW Data + ZI Data)             72624 (  70.92kB)
    Total ROM Size (Code + RO Data + RW Data)      36008 (  35.16kB)

==============================================================================

