Component: ARM Compiler 5.06 update 7 (build 960) Tool: armlink [4d3601]

==============================================================================

Section Cross References

    startup_stm32g473xx.o(RESET) refers to startup_stm32g473xx.o(STACK) for __initial_sp
    startup_stm32g473xx.o(RESET) refers to startup_stm32g473xx.o(.text) for Reset_Handler
    startup_stm32g473xx.o(RESET) refers to stm32g4xx_it.o(i.NMI_Handler) for NMI_Handler
    startup_stm32g473xx.o(RESET) refers to stm32g4xx_it.o(i.HardFault_Handler) for HardFault_Handler
    startup_stm32g473xx.o(RESET) refers to stm32g4xx_it.o(i.MemManage_Handler) for MemManage_Handler
    startup_stm32g473xx.o(RESET) refers to stm32g4xx_it.o(i.BusFault_Handler) for BusFault_Handler
    startup_stm32g473xx.o(RESET) refers to stm32g4xx_it.o(i.UsageFault_Handler) for UsageFault_Handler
    startup_stm32g473xx.o(RESET) refers to port.o(.emb_text) for SVC_Handler
    startup_stm32g473xx.o(RESET) refers to stm32g4xx_it.o(i.DebugMon_Handler) for DebugMon_Handler
    startup_stm32g473xx.o(RESET) refers to cmsis_os2.o(i.SysTick_Handler) for SysTick_Handler
    startup_stm32g473xx.o(RESET) refers to usb_glue_st.o(i.USB_LP_IRQHandler) for USB_LP_IRQHandler
    startup_stm32g473xx.o(RESET) refers to stm32g4xx_it.o(i.TIM2_IRQHandler) for TIM2_IRQHandler
    startup_stm32g473xx.o(RESET) refers to stm32g4xx_it.o(i.TIM6_DAC_IRQHandler) for TIM6_DAC_IRQHandler
    startup_stm32g473xx.o(RESET) refers to stm32g4xx_it.o(i.COMP1_2_3_IRQHandler) for COMP1_2_3_IRQHandler
    startup_stm32g473xx.o(.text) refers to system_stm32g4xx.o(i.SystemInit) for SystemInit
    startup_stm32g473xx.o(.text) refers to entry.o(.ARM.Collect$$$$00000000) for __main
    main.o(i.HAL_TIM_PeriodElapsedCallback) refers to stm32g4xx_hal.o(i.HAL_IncTick) for HAL_IncTick
    main.o(i.HAL_TIM_PeriodElapsedCallback) refers to app_freertos.o(i.timer2_timeout_handle) for timer2_timeout_handle
    main.o(i.SystemClock_Config) refers to memseta.o(.text) for __aeabi_memclr4
    main.o(i.SystemClock_Config) refers to stm32g4xx_hal_pwr_ex.o(i.HAL_PWREx_ControlVoltageScaling) for HAL_PWREx_ControlVoltageScaling
    main.o(i.SystemClock_Config) refers to stm32g4xx_hal_rcc.o(i.HAL_RCC_OscConfig) for HAL_RCC_OscConfig
    main.o(i.SystemClock_Config) refers to stm32g4xx_hal_rcc.o(i.HAL_RCC_ClockConfig) for HAL_RCC_ClockConfig
    main.o(i.main) refers to stm32g4xx_hal.o(i.HAL_Init) for HAL_Init
    main.o(i.main) refers to main.o(i.SystemClock_Config) for SystemClock_Config
    main.o(i.main) refers to gpio.o(i.MX_GPIO_Init) for MX_GPIO_Init
    main.o(i.main) refers to dma.o(i.MX_DMA_Init) for MX_DMA_Init
    main.o(i.main) refers to adc.o(i.MX_ADC1_Init) for MX_ADC1_Init
    main.o(i.main) refers to comp.o(i.MX_COMP1_Init) for MX_COMP1_Init
    main.o(i.main) refers to comp.o(i.MX_COMP2_Init) for MX_COMP2_Init
    main.o(i.main) refers to tim.o(i.MX_TIM2_Init) for MX_TIM2_Init
    main.o(i.main) refers to usart.o(i.MX_USART1_UART_Init) for MX_USART1_UART_Init
    main.o(i.main) refers to adc.o(i.MX_ADC2_Init) for MX_ADC2_Init
    main.o(i.main) refers to dac.o(i.MX_DAC1_Init) for MX_DAC1_Init
    main.o(i.main) refers to opamp.o(i.MX_OPAMP1_Init) for MX_OPAMP1_Init
    main.o(i.main) refers to opamp.o(i.MX_OPAMP2_Init) for MX_OPAMP2_Init
    main.o(i.main) refers to winusb1.0_template.o(i.winusb_init) for winusb_init
    main.o(i.main) refers to printf8.o(i.__0printf$8) for __2printf
    main.o(i.main) refers to cmsis_os2.o(i.osKernelInitialize) for osKernelInitialize
    main.o(i.main) refers to app_freertos.o(i.MX_FREERTOS_Init) for MX_FREERTOS_Init
    main.o(i.main) refers to cmsis_os2.o(i.osKernelStart) for osKernelStart
    bmc_analyze.o(i.decode_bmc) refers to memseta.o(.text) for __aeabi_memclr4
    bmc_analyze.o(i.decode_bmc) refers to printf8.o(i.__0printf$8) for __2printf
    bmc_analyze.o(i.decode_bmc) refers to memmovea.o(.text) for __aeabi_memmove4
    gpio.o(i.MX_GPIO_Init) refers to memseta.o(.text) for __aeabi_memclr4
    gpio.o(i.MX_GPIO_Init) refers to stm32g4xx_hal_gpio.o(i.HAL_GPIO_WritePin) for HAL_GPIO_WritePin
    gpio.o(i.MX_GPIO_Init) refers to stm32g4xx_hal_gpio.o(i.HAL_GPIO_Init) for HAL_GPIO_Init
    app_freertos.o(i.HAL_COMP_TriggerCallback) refers to tim.o(.bss) for htim2
    app_freertos.o(i.MX_FREERTOS_Init) refers to cmsis_os2.o(i.osMessageQueueNew) for osMessageQueueNew
    app_freertos.o(i.MX_FREERTOS_Init) refers to cmsis_os2.o(i.osThreadNew) for osThreadNew
    app_freertos.o(i.MX_FREERTOS_Init) refers to app_freertos.o(.constdata) for .constdata
    app_freertos.o(i.MX_FREERTOS_Init) refers to app_freertos.o(.data) for .data
    app_freertos.o(i.MX_FREERTOS_Init) refers to app_freertos.o(i.StartLedTask) for StartLedTask
    app_freertos.o(i.MX_FREERTOS_Init) refers to app_freertos.o(i.StartTaskPD) for StartTaskPD
    app_freertos.o(i.MX_FREERTOS_Init) refers to app_freertos.o(i.StartTaskCC) for StartTaskCC
[...]
    __ARM_use_no_argv                        0x00000000   Number         0  main.o ABSOLUTE
    _printf_a                                0x00000000   Number         0  stubs.o ABSOLUTE
    _printf_c                                0x00000000   Number         0  stubs.o ABSOLUTE
    _printf_charcount                        0x00000000   Number         0  stubs.o ABSOLUTE
    _printf_d                                0x00000000   Number         0  stubs.o ABSOLUTE
    _printf_e                                0x00000000   Number         0  stubs.o ABSOLUTE
    _printf_f                                0x00000000   Number         0  stubs.o ABSOLUTE
    _printf_flags                            0x00000000   Number         0  stubs.o ABSOLUTE
    _printf_fp_dec                           0x00000000   Number         0  stubs.o ABSOLUTE
    _printf_fp_hex                           0x00000000   Number         0  stubs.o ABSOLUTE
    _printf_g                                0x00000000   Number         0  stubs.o ABSOLUTE
    _printf_i                                0x00000000   Number         0  stubs.o ABSOLUTE
    _printf_int_dec                          0x00000000   Number         0  stubs.o ABSOLUTE
    _printf_l                                0x00000000   Number         0  stubs.o ABSOLUTE
    _printf_lc                               0x00000000   Number         0  stubs.o ABSOLUTE
    _printf_ll                               0x00000000   Number         0  stubs.o ABSOLUTE
    _printf_lld                              0x00000000   Number         0  stubs.o ABSOLUTE
    _printf_lli                              0x00000000   Number         0  stubs.o ABSOLUTE
    _printf_llo                              0x00000000   Number         0  stubs.o ABSOLUTE
    _printf_llu                              0x00000000   Number         0  stubs.o ABSOLUTE
    _printf_llx                              0x00000000   Number         0  stubs.o ABSOLUTE
    _printf_longlong_dec                     0x00000000   Number         0  stubs.o ABSOLUTE
    _printf_longlong_hex                     0x00000000   Number         0  stubs.o ABSOLUTE
    _printf_longlong_oct                     0x00000000   Number         0  stubs.o ABSOLUTE
    _printf_ls                               0x00000000   Number         0  stubs.o ABSOLUTE
    _printf_mbtowc                           0x00000000   Number         0  stubs.o ABSOLUTE
    _printf_n                                0x00000000   Number         0  stubs.o ABSOLUTE
    _printf_o                                0x00000000   Number         0  stubs.o ABSOLUTE
    _printf_p                                0x00000000   Number         0  stubs.o ABSOLUTE
    _printf_percent                          0x00000000   Number         0  stubs.o ABSOLUTE
    _printf_pre_padding                      0x00000000   Number         0  stubs.o ABSOLUTE
    _printf_return_value                     0x00000000   Number         0  stubs.o ABSOLUTE
    _printf_s                                0x00000000   Number         0  stubs.o ABSOLUTE
    _printf_sizespec                         0x00000000   Number         0  stubs.o ABSOLUTE
    _printf_str                              0x00000000   Number         0  stubs.o ABSOLUTE
    _printf_truncate_signed                  0x00000000   Number         0  stubs.o ABSOLUTE
    _printf_truncate_unsigned                0x00000000   Number         0  stubs.o ABSOLUTE
    _printf_u                                0x00000000   Number         0  stubs.o ABSOLUTE
    _printf_wc                               0x00000000   Number         0  stubs.o ABSOLUTE
    _printf_wctomb                           0x00000000   Number         0  stubs.o ABSOLUTE
    _printf_widthprec                        0x00000000   Number         0  stubs.o ABSOLUTE
    _printf_x                                0x00000000   Number         0  stubs.o ABSOLUTE
    __arm_fini_                               - Undefined Weak Reference
    __cpp_initialize__aeabi_                  - Undefined Weak Reference
    __cxa_finalize                            - Undefined Weak Reference
    _clock_init                               - Undefined Weak Reference
    _microlib_exit                            - Undefined Weak Reference
    __Vectors_Size                           0x000001d8   Number         0  startup_stm32g473xx.o ABSOLUTE
    __Vectors                                0x08000000   Data           4  startup_stm32g473xx.o(RESET)
    __Vectors_End                            0x080001d8   Data           0  startup_stm32g473xx.o(RESET)
    __main                                   0x080001d9   Thumb Code     0  entry.o(.ARM.Collect$$$$00000000)
    _main_stk                                0x080001d9   Thumb Code     0  entry2.o(.ARM.Collect$$$$00000001)
    _main_scatterload                        0x080001dd   Thumb Code     0  entry5.o(.ARM.Collect$$$$00000004)
    __main_after_scatterload                 0x080001e1   Thumb Code     0  entry5.o(.ARM.Collect$$$$00000004)
    _main_clock                              0x080001e1   Thumb Code     0  entry7b.o(.ARM.Collect$$$$00000008)
    _main_cpp_init                           0x080001e1   Thumb Code     0  entry8b.o(.ARM.Collect$$$$0000000A)
    _main_init                               0x080001e1   Thumb Code     0  entry9a.o(.ARM.Collect$$$$0000000B)
    __rt_lib_shutdown_fini                   0x080001e9   Thumb Code     0  entry12b.o(.ARM.Collect$$$$0000000E)
    __rt_final_cpp                           0x080001ed   Thumb Code     0  entry10a.o(.ARM.Collect$$$$0000000F)
    __rt_final_exit                          0x080001ed   Thumb Code     0  entry11a.o(.ARM.Collect$$$$00000011)
    SVC_Handler                              0x080001f1   Thumb Code    28  port.o(.emb_text)
    __asm___6_port_c_39a90d8d__prvStartFirstTask 0x08000211   Thumb Code    36  port.o(.emb_text)
    __asm___6_port_c_39a90d8d__prvEnableVFP  0x08000239   Thumb Code    16  port.o(.emb_text)
    PendSV_Handler                           0x0800024d   Thumb Code    88  port.o(.emb_text)
    vPortGetIPSR                             0x080002a9   Thumb Code     6  port.o(.emb_text)
    Reset_Handler                            0x080002b1   Thumb Code     8  startup_stm32g473xx.o(.text)
    ADC1_2_IRQHandler                        0x080002cb   Thumb Code     0  startup_stm32g473xx.o(.text)
    ADC3_IRQHandler                          0x080002cb   Thumb Code     0  startup_stm32g473xx.o(.text)
    ADC4_IRQHandler                          0x080002cb   Thumb Code     0  startup_stm32g473xx.o(.text)
    ADC5_IRQHandler                          0x080002cb   Thumb Code     0  startup_stm32g473xx.o(.text)
    COMP4_5_6_IRQHandler                     0x080002cb   Thumb Code     0  startup_stm32g473xx.o(.text)
    COMP7_IRQHandler                         0x080002cb   Thumb Code     0  startup_stm32g473xx.o(.text)
    CORDIC_IRQHandler                        0x080002cb   Thumb Code     0  startup_stm32g473xx.o(.text)
    CRS_IRQHandler                           0x080002cb   Thumb Code     0  startup_stm32g473xx.o(.text)
    DMA1_Channel1_IRQHandler                 0x080002cb   Thumb Code     0  startup_stm32g473xx.o(.text)
    DMA1_Channel2_IRQHandler                 0x080002cb   Thumb Code     0  startup_stm32g473xx.o(.text)
    DMA1_Channel3_IRQHandler                 0x080002cb   Thumb Code     0  startup_stm32g473xx.o(.text)
    DMA1_Channel4_IRQHandler                 0x080002cb   Thumb Code     0  startup_stm32g473xx.o(.text)
    DMA1_Channel5_IRQHandler                 0x080002cb   Thumb Code     0  startup_stm32g473xx.o(.text)
    DMA1_Channel6_IRQHandler                 0x080002cb   Thumb Code     0  startup_stm32g473xx.o(.text)
    DMA1_Channel7_IRQHandler                 0x080002cb   Thumb Code     0  startup_stm32g473xx.o(.text)
    DMA1_Channel8_IRQHandler                 0x080002cb   Thumb Code     0  startup_stm32g473xx.o(.text)
    DMA2_Channel1_IRQHandler                 0x080002cb   Thumb Code     0  startup_stm32g473xx.o(.text)
    DMA2_Channel2_IRQHandler                 0x080002cb   Thumb Code     0  startup_stm32g473xx.o(.text)
    DMA2_Channel3_IRQHandler                 0x080002cb   Thumb Code     0  startup_stm32g473xx.o(.text)
    DMA2_Channel4_IRQHandler                 0x080002cb   Thumb Code     0  startup_stm32g473xx.o(.text)
    DMA2_Channel5_IRQHandler                 0x080002cb   Thumb Code     0  startup_stm32g473xx.o(.text)
    DMA2_Channel6_IRQHandler                 0x080002cb   Thumb Code     0  startup_stm32g473xx.o(.text)
    DMA2_Channel7_IRQHandler                 0x080002cb   Thumb Code     0  startup_stm32g473xx.o(.text)
    DMA2_Channel8_IRQHandler                 0x080002cb   Thumb Code     0  startup_stm32g473xx.o(.text)
    DMAMUX_OVR_IRQHandler                    0x080002cb   Thumb Code     0  startup_stm32g473xx.o(.text)
    EXTI0_IRQHandler                         0x080002cb   Thumb Code     0  startup_stm32g473xx.o(.text)
    EXTI15_10_IRQHandler                     0x080002cb   Thumb Code     0  startup_stm32g473xx.o(.text)
    EXTI1_IRQHandler                         0x080002cb   Thumb Code     0  startup_stm32g473xx.o(.text)
    EXTI2_IRQHandler                         0x080002cb   Thumb Code     0  startup_stm32g473xx.o(.text)
    EXTI3_IRQHandler                         0x080002cb   Thumb Code     0  startup_stm32g473xx.o(.text)
    EXTI4_IRQHandler                         0x080002cb   Thumb Code     0  startup_stm32g473xx.o(.text)
    EXTI9_5_IRQHandler                       0x080002cb   Thumb Code     0  startup_stm32g473xx.o(.text)
    FDCAN1_IT0_IRQHandler                    0x080002cb   Thumb Code     0  startup_stm32g473xx.o(.text)
    FDCAN1_IT1_IRQHandler                    0x080002cb   Thumb Code     0  startup_stm32g473xx.o(.text)
    FDCAN2_IT0_IRQHandler                    0x080002cb   Thumb Code     0  startup_stm32g473xx.o(.text)
    FDCAN2_IT1_IRQHandler                    0x080002cb   Thumb Code     0  startup_stm32g473xx.o(.text)
    FDCAN3_IT0_IRQHandler                    0x080002cb   Thumb Code     0  startup_stm32g473xx.o(.text)
    FDCAN3_IT1_IRQHandler                    0x080002cb   Thumb Code     0  startup_stm32g473xx.o(.text)
    FLASH_IRQHandler                         0x080002cb   Thumb Code     0  startup_stm32g473xx.o(.text)
    FMAC_IRQHandler                          0x080002cb   Thumb Code     0  startup_stm32g473xx.o(.text)
    FMC_IRQHandler                           0x080002cb   Thumb Code     0  startup_stm32g473xx.o(.text)
    FPU_IRQHandler                           0x080002cb   Thumb Code     0  startup_stm32g473xx.o(.text)
    I2C1_ER_IRQHandler                       0x080002cb   Thumb Code     0  startup_stm32g473xx.o(.text)
    I2C1_EV_IRQHandler                       0x080002cb   Thumb Code     0  startup_stm32g473xx.o(.text)
    I2C2_ER_IRQHandler                       0x080002cb   Thumb Code     0  startup_stm32g473xx.o(.text)
    I2C2_EV_IRQHandler                       0x080002cb   Thumb Code     0  startup_stm32g473xx.o(.text)
    I2C3_ER_IRQHandler                       0x080002cb   Thumb Code     0  startup_stm32g473xx.o(.text)
    I2C3_EV_IRQHandler                       0x080002cb   Thumb Code     0  startup_stm32g473xx.o(.text)
    I2C4_ER_IRQHandler                       0x080002cb   Thumb Code     0  startup_stm32g473xx.o(.text)
    I2C4_EV_IRQHandler                       0x080002cb   Thumb Code     0  startup_stm32g473xx.o(.text)
    LPTIM1_IRQHandler                        0x080002cb   Thumb Code     0  startup_stm32g473xx.o(.text)
    LPUART1_IRQHandler                       0x080002cb   Thumb Code     0  startup_stm32g473xx.o(.text)
    PVD_PVM_IRQHandler                       0x080002cb   Thumb Code     0  startup_stm32g473xx.o(.text)
    QUADSPI_IRQHandler                       0x080002cb   Thumb Code     0  startup_stm32g473xx.o(.text)
    RCC_IRQHandler                           0x080002cb   Thumb Code     0  startup_stm32g473xx.o(.text)
    RNG_IRQHandler                           0x080002cb   Thumb Code     0  startup_stm32g473xx.o(.text)
    RTC_Alarm_IRQHandler                     0x080002cb   Thumb Code     0  startup_stm32g473xx.o(.text)
    RTC_TAMP_LSECSS_IRQHandler               0x080002cb   Thumb Code     0  startup_stm32g473xx.o(.text)
    RTC_WKUP_IRQHandler                      0x080002cb   Thumb Code     0  startup_stm32g473xx.o(.text)
    SAI1_IRQHandler                          0x080002cb   Thumb Code     0  startup_stm32g473xx.o(.text)
    SPI1_IRQHandler                          0x080002cb   Thumb Code     0  startup_stm32g473xx.o(.text)
    SPI2_IRQHandler                          0x080002cb   Thumb Code     0  startup_stm32g473xx.o(.text)
    SPI3_IRQHandler                          0x080002cb   Thumb Code     0  startup_stm32g473xx.o(.text)
    SPI4_IRQHandler                          0x080002cb   Thumb Code     0  startup_stm32g473xx.o(.text)
    TIM1_BRK_TIM15_IRQHandler                0x080002cb   Thumb Code     0  startup_stm32g473xx.o(.text)
    TIM1_CC_IRQHandler                       0x080002cb   Thumb Code     0  startup_stm32g473xx.o(.text)
    TIM1_TRG_COM_TIM17_IRQHandler            0x080002cb   Thumb Code     0  startup_stm32g473xx.o(.text)
    TIM1_UP_TIM16_IRQHandler                 0x080002cb   Thumb Code     0  startup_stm32g473xx.o(.text)
    TIM20_BRK_IRQHandler                     0x080002cb   Thumb Code     0  startup_stm32g473xx.o(.text)
    TIM20_CC_IRQHandler                      0x080002cb   Thumb Code     0  startup_stm32g473xx.o(.text)
    TIM20_TRG_COM_IRQHandler                 0x080002cb   Thumb Code     0  startup_stm32g473xx.o(.text)
    TIM20_UP_IRQHandler                      0x080002cb   Thumb Code     0  startup_stm32g473xx.o(.text)
    TIM3_IRQHandler                          0x080002cb   Thumb Code     0  startup_stm32g473xx.o(.text)
    TIM4_IRQHandler                          0x080002cb   Thumb Code     0  startup_stm32g473xx.o(.text)
    TIM5_IRQHandler                          0x080002cb   Thumb Code     0  startup_stm32g473xx.o(.text)
    TIM7_DAC_IRQHandler                      0x080002cb   Thumb Code     0  startup_stm32g473xx.o(.text)
    TIM8_BRK_IRQHandler                      0x080002cb   Thumb Code     0  startup_stm32g473xx.o(.text)
    TIM8_CC_IRQHandler                       0x080002cb   Thumb Code     0  startup_stm32g473xx.o(.text)
    TIM8_TRG_COM_IRQHandler                  0x080002cb   Thumb Code     0  startup_stm32g473xx.o(.text)
    TIM8_UP_IRQHandler                       0x080002cb   Thumb Code     0  startup_stm32g473xx.o(.text)
    UART4_IRQHandler                         0x080002cb   Thumb Code     0  startup_stm32g473xx.o(.text)
    UART5_IRQHandler                         0x080002cb   Thumb Code     0  startup_stm32g473xx.o(.text)
    UCPD1_IRQHandler                         0x080002cb   Thumb Code     0  startup_stm32g473xx.o(.text)
    USART1_IRQHandler                        0x080002cb   Thumb Code     0  startup_stm32g473xx.o(.text)
    USART2_IRQHandler                        0x080002cb   Thumb Code     0  startup_stm32g473xx.o(.text)
    USART3_IRQHandler                        0x080002cb   Thumb Code     0  startup_stm32g473xx.o(.text)
    USBWakeUp_IRQHandler                     0x080002cb   Thumb Code     0  startup_stm32g473xx.o(.text)
    USB_HP_IRQHandler                        0x080002cb   Thumb Code     0  startup_stm32g473xx.o(.text)
    WWDG_IRQHandler                          0x080002cb   Thumb Code     0  startup_stm32g473xx.o(.text)
    __aeabi_uldivmod                         0x080002d5   Thumb Code    98  uldiv.o(.text)
    ___aeabi_memcpy4$move                    0x08000337   Thumb Code     0  memmovea.o(.text)
    ___aeabi_memcpy8$move                    0x08000337   Thumb Code     0  memmovea.o(.text)
    __aeabi_memcpy                           0x08000337   Thumb Code    64  memmovea.o(.text)
    __aeabi_memmove                          0x08000337   Thumb Code     0  memmovea.o(.text)
    __aeabi_memmove4                         0x08000337   Thumb Code     0  memmovea.o(.text)
    __aeabi_memmove8                         0x08000337   Thumb Code     0  memmovea.o(.text)
    __aeabi_memset                           0x08000377   Thumb Code    14  memseta.o(.text)
    __aeabi_memset4                          0x08000377   Thumb Code     0  memseta.o(.text)
    __aeabi_memset8                          0x08000377   Thumb Code     0  memseta.o(.text)
    __aeabi_memclr                           0x08000385   Thumb Code     4  memseta.o(.text)
    __aeabi_memclr4                          0x08000385   Thumb Code     0  memseta.o(.text)
    __aeabi_memclr8                          0x08000385   Thumb Code     0  memseta.o(.text)
    memset                                   0x08000389   Thumb Code    18  memseta.o(.text)
    strlen                                   0x0800039b   Thumb Code    14  strlen.o(.text)
    __aeabi_llsl                             0x080003a9   Thumb Code    30  llshl.o(.text)
    _ll_shift_l                              0x080003a9   Thumb Code     0  llshl.o(.text)
    __aeabi_llsr                             0x080003c7   Thumb Code    32  llushr.o(.text)
    _ll_ushift_r                             0x080003c7   Thumb Code     0  llushr.o(.text)
    __scatterload                            0x080003e9   Thumb Code    28  init.o(.text)
    __scatterload_rt2                        0x080003e9   Thumb Code     0  init.o(.text)
    __decompress                             0x0800040d   Thumb Code     0  __dczerorl2.o(.text)
    __decompress1                            0x0800040d   Thumb Code    86  __dczerorl2.o(.text)
    ADC_DMAConvCplt                          0x08000463   Thumb Code   104  stm32g4xx_hal_adc.o(i.ADC_DMAConvCplt)
    ADC_DMAError                             0x080004cb   Thumb Code    26  stm32g4xx_hal_adc.o(i.ADC_DMAError)
    ADC_DMAHalfConvCplt                      0x080004e5   Thumb Code    10  stm32g4xx_hal_adc.o(i.ADC_DMAHalfConvCplt)
    ADC_Disable                              0x080004f1   Thumb Code   106  stm32g4xx_hal_adc.o(i.ADC_Disable)
    ADC_Enable                               0x08000561   Thumb Code   176  stm32g4xx_hal_adc.o(i.ADC_Enable)
    BusFault_Handler                         0x08000629   Thumb Code     2  stm32g4xx_it.o(i.BusFault_Handler)
    COMP1_2_3_IRQHandler                     0x0800062d   Thumb Code    18  stm32g4xx_it.o(i.COMP1_2_3_IRQHandler)
    DebugMon_Handler                         0x080006eb   Thumb Code     2  stm32g4xx_it.o(i.DebugMon_Handler)
    Error_Handler                            0x080006ed   Thumb Code     4  main.o(i.Error_Handler)
    HAL_ADCEx_Calibration_Start              0x080006f1   Thumb Code   138  stm32g4xx_hal_adc_ex.o(i.HAL_ADCEx_Calibration_Start)
    HAL_ADCEx_MultiModeConfigChannel         0x08000785   Thumb Code   312  stm32g4xx_hal_adc_ex.o(i.HAL_ADCEx_MultiModeConfigChannel)
    HAL_ADC_ConfigChannel                    0x080008d5   Thumb Code  1058  stm32g4xx_hal_adc.o(i.HAL_ADC_ConfigChannel)
    HAL_ADC_ConvCpltCallback                 0x08000d39   Thumb Code     2  stm32g4xx_hal_adc.o(i.HAL_ADC_ConvCpltCallback)
    HAL_ADC_ConvHalfCpltCallback             0x08000d3b   Thumb Code     2  stm32g4xx_hal_adc.o(i.HAL_ADC_ConvHalfCpltCallback)
    HAL_ADC_ErrorCallback                    0x08000d3d   Thumb Code     2  stm32g4xx_hal_adc.o(i.HAL_ADC_ErrorCallback)
    HAL_ADC_Init                             0x08000d41   Thumb Code   514  stm32g4xx_hal_adc.o(i.HAL_ADC_Init)
    HAL_ADC_MspInit                          0x08000f75   Thumb Code   300  adc.o(i.HAL_ADC_MspInit)
    HAL_ADC_Start_DMA                        0x080010b9   Thumb Code   260  stm32g4xx_hal_adc.o(i.HAL_ADC_Start_DMA)
    HAL_COMP_IRQHandler                      0x080011e5   Thumb Code   118  stm32g4xx_hal_comp.o(i.HAL_COMP_IRQHandler)
    HAL_COMP_Init                            0x08001265   Thumb Code   528  stm32g4xx_hal_comp.o(i.HAL_COMP_Init)
    HAL_COMP_MspInit                         0x08001499   Thumb Code   192  comp.o(i.HAL_COMP_MspInit)
    HAL_COMP_TriggerCallback                 0x08001565   Thumb Code    32  app_freertos.o(i.HAL_COMP_TriggerCallback)
    HAL_DACEx_DMAUnderrunCallbackCh2         0x0800158d   Thumb Code     2  stm32g4xx_hal_dac_ex.o(i.HAL_DACEx_DMAUnderrunCallbackCh2)
    HAL_DAC_ConfigChannel                    0x08001591   Thumb Code   446  stm32g4xx_hal_dac.o(i.HAL_DAC_ConfigChannel)
    HAL_DAC_DMAUnderrunCallbackCh1           0x08001759   Thumb Code     2  stm32g4xx_hal_dac.o(i.HAL_DAC_DMAUnderrunCallbackCh1)
    HAL_DAC_IRQHandler                       0x0800175b   Thumb Code   104  stm32g4xx_hal_dac.o(i.HAL_DAC_IRQHandler)
    HAL_DAC_Init                             0x080017c3   Thumb Code    40  stm32g4xx_hal_dac.o(i.HAL_DAC_Init)
    HAL_DAC_MspInit                          0x080017ed   Thumb Code    98  dac.o(i.HAL_DAC_MspInit)
    HAL_DAC_SetValue                         0x08001859   Thumb Code    36  stm32g4xx_hal_dac.o(i.HAL_DAC_SetValue)
    HAL_DAC_Start                            0x0800187d   Thumb Code   116  stm32g4xx_hal_dac.o(i.HAL_DAC_Start)
    HAL_DMA_Abort_IT                         0x080018f9   Thumb Code   120  stm32g4xx_hal_dma.o(i.HAL_DMA_Abort_IT)
    HAL_DMA_Init                             0x08001971   Thumb Code   178  stm32g4xx_hal_dma.o(i.HAL_DMA_Init)
    HAL_DMA_Start_IT                         0x08001a31   Thumb Code   140  stm32g4xx_hal_dma.o(i.HAL_DMA_Start_IT)
    HAL_GPIO_Init                            0x08001abd   Thumb Code   400  stm32g4xx_hal_gpio.o(i.HAL_GPIO_Init)
    HAL_GPIO_WritePin                        0x08001c6d   Thumb Code    10  stm32g4xx_hal_gpio.o(i.HAL_GPIO_WritePin)
    HAL_GetTick                              0x08001c79   Thumb Code     6  stm32g4xx_hal.o(i.HAL_GetTick)
    HAL_IncTick                              0x08001c85   Thumb Code    12  stm32g4xx_hal.o(i.HAL_IncTick)
    HAL_Init                                 0x08001c95   Thumb Code    30  stm32g4xx_hal.o(i.HAL_Init)
    HAL_InitTick                             0x08001cb5   Thumb Code   116  stm32g4xx_hal_timebase_tim.o(i.HAL_InitTick)
    HAL_MspInit                              0x08001d3d   Thumb Code    54  stm32g4xx_hal_msp.o(i.HAL_MspInit)
    HAL_NVIC_EnableIRQ                       0x08001d79   Thumb Code    26  stm32g4xx_hal_cortex.o(i.HAL_NVIC_EnableIRQ)
    HAL_NVIC_SetPriority                     0x08001d95   Thumb Code    60  stm32g4xx_hal_cortex.o(i.HAL_NVIC_SetPriority)
    HAL_NVIC_SetPriorityGrouping             0x08001dd5   Thumb Code    26  stm32g4xx_hal_cortex.o(i.HAL_NVIC_SetPriorityGrouping)
    HAL_OPAMP_Init                           0x08001df9   Thumb Code   236  stm32g4xx_hal_opamp.o(i.HAL_OPAMP_Init)
    HAL_OPAMP_MspInit                        0x08001eed   Thumb Code   104  opamp.o(i.HAL_OPAMP_MspInit)
    HAL_OPAMP_Start                          0x08001f61   Thumb Code    44  stm32g4xx_hal_opamp.o(i.HAL_OPAMP_Start)
    HAL_PCD_MspInit                          0x08001f8d   Thumb Code    80  usb.o(i.HAL_PCD_MspInit)
    HAL_PWREx_ControlVoltageScaling          0x08001fe5   Thumb Code   174  stm32g4xx_hal_pwr_ex.o(i.HAL_PWREx_ControlVoltageScaling)
    HAL_PWREx_DisableUCPDDeadBattery         0x080020a1   Thumb Code    12  stm32g4xx_hal_pwr_ex.o(i.HAL_PWREx_DisableUCPDDeadBattery)
    HAL_RCCEx_PeriphCLKConfig                0x080020b1   Thumb Code   782  stm32g4xx_hal_rcc_ex.o(i.HAL_RCCEx_PeriphCLKConfig)
    HAL_RCC_ClockConfig                      0x080023c9   Thumb Code   442  stm32g4xx_hal_rcc.o(i.HAL_RCC_ClockConfig)
    HAL_RCC_GetClockConfig                   0x080025a5   Thumb Code    54  stm32g4xx_hal_rcc.o(i.HAL_RCC_GetClockConfig)
    HAL_RCC_GetHCLKFreq                      0x080025e5   Thumb Code     6  stm32g4xx_hal_rcc.o(i.HAL_RCC_GetHCLKFreq)
    HAL_RCC_GetPCLK1Freq                     0x080025f1   Thumb Code    24  stm32g4xx_hal_rcc.o(i.HAL_RCC_GetPCLK1Freq)
    HAL_RCC_GetPCLK2Freq                     0x08002615   Thumb Code    24  stm32g4xx_hal_rcc.o(i.HAL_RCC_GetPCLK2Freq)
    HAL_RCC_GetSysClockFreq                  0x08002639   Thumb Code    98  stm32g4xx_hal_rcc.o(i.HAL_RCC_GetSysClockFreq)
    HAL_RCC_OscConfig                        0x080026a5   Thumb Code   992  stm32g4xx_hal_rcc.o(i.HAL_RCC_OscConfig)
    HAL_TIMEx_Break2Callback                 0x08002a99   Thumb Code     2  stm32g4xx_hal_tim_ex.o(i.HAL_TIMEx_Break2Callback)
    HAL_TIMEx_BreakCallback                  0x08002a9b   Thumb Code     2  stm32g4xx_hal_tim_ex.o(i.HAL_TIMEx_BreakCallback)
    HAL_TIMEx_CommutCallback                 0x08002a9d   Thumb Code     2  stm32g4xx_hal_tim_ex.o(i.HAL_TIMEx_CommutCallback)
    HAL_TIMEx_DirectionChangeCallback        0x08002a9f   Thumb Code     2  stm32g4xx_hal_tim_ex.o(i.HAL_TIMEx_DirectionChangeCallback)
    HAL_TIMEx_EncoderIndexCallback           0x08002aa1   Thumb Code     2  stm32g4xx_hal_tim_ex.o(i.HAL_TIMEx_EncoderIndexCallback)
    HAL_TIMEx_IndexErrorCallback             0x08002aa3   Thumb Code     2  stm32g4xx_hal_tim_ex.o(i.HAL_TIMEx_IndexErrorCallback)
    HAL_TIMEx_MasterConfigSynchronization    0x08002aa5   Thumb Code   150  stm32g4xx_hal_tim_ex.o(i.HAL_TIMEx_MasterConfigSynchronization)
    HAL_TIMEx_TISelection                    0x08002b5d   Thumb Code   126  stm32g4xx_hal_tim_ex.o(i.HAL_TIMEx_TISelection)
    HAL_TIMEx_TransitionErrorCallback        0x08002be5   Thumb Code     2  stm32g4xx_hal_tim_ex.o(i.HAL_TIMEx_TransitionErrorCallback)
    HAL_TIM_Base_Init                        0x08002be7   Thumb Code    98  stm32g4xx_hal_tim.o(i.HAL_TIM_Base_Init)
    HAL_TIM_Base_MspInit                     0x08002c49   Thumb Code   144  tim.o(i.HAL_TIM_Base_MspInit)
    HAL_TIM_Base_Start                       0x08002ce5   Thumb Code    96  stm32g4xx_hal_tim.o(i.HAL_TIM_Base_Start)
    HAL_TIM_Base_Start_IT                    0x08002d65   Thumb Code   106  stm32g4xx_hal_tim.o(i.HAL_TIM_Base_Start_IT)
    HAL_TIM_ErrorCallback                    0x08002df1   Thumb Code     2  stm32g4xx_hal_tim.o(i.HAL_TIM_ErrorCallback)
    HAL_TIM_IC_CaptureCallback               0x08002df3   Thumb Code     2  stm32g4xx_hal_tim.o(i.HAL_TIM_IC_CaptureCallback)
    HAL_TIM_IC_CaptureHalfCpltCallback       0x08002df5   Thumb Code     2  stm32g4xx_hal_tim.o(i.HAL_TIM_IC_CaptureHalfCpltCallback)
    HAL_TIM_IC_ConfigChannel                 0x08002df7   Thumb Code   290  stm32g4xx_hal_tim.o(i.HAL_TIM_IC_ConfigChannel)
    HAL_TIM_IC_Init                          0x08002f19   Thumb Code    98  stm32g4xx_hal_tim.o(i.HAL_TIM_IC_Init)
    HAL_TIM_IC_MspInit                       0x08002f7b   Thumb Code     2  stm32g4xx_hal_tim.o(i.HAL_TIM_IC_MspInit)
    HAL_TIM_IC_Start_DMA                     0x08002f7d   Thumb Code   482  stm32g4xx_hal_tim.o(i.HAL_TIM_IC_Start_DMA)
    HAL_TIM_IC_Stop_DMA                      0x0800318d   Thumb Code   184  stm32g4xx_hal_tim.o(i.HAL_TIM_IC_Stop_DMA)
    HAL_TIM_IRQHandler                       0x08003245   Thumb Code   418  stm32g4xx_hal_tim.o(i.HAL_TIM_IRQHandler)
    HAL_TIM_OC_DelayElapsedCallback          0x080033e7   Thumb Code     2  stm32g4xx_hal_tim.o(i.HAL_TIM_OC_DelayElapsedCallback)
    HAL_TIM_PWM_PulseFinishedCallback        0x080033e9   Thumb Code     2  stm32g4xx_hal_tim.o(i.HAL_TIM_PWM_PulseFinishedCallback)
    HAL_TIM_PeriodElapsedCallback            0x080033ed   Thumb Code    34  main.o(i.HAL_TIM_PeriodElapsedCallback)
    HAL_TIM_SlaveConfigSynchro               0x08003415   Thumb Code    82  stm32g4xx_hal_tim.o(i.HAL_TIM_SlaveConfigSynchro)
    HAL_TIM_TriggerCallback                  0x08003467   Thumb Code     2  stm32g4xx_hal_tim.o(i.HAL_TIM_TriggerCallback)
    HAL_UARTEx_DisableFifoMode               0x08003469   Thumb Code    62  stm32g4xx_hal_uart_ex.o(i.HAL_UARTEx_DisableFifoMode)
    HAL_UARTEx_SetRxFifoThreshold            0x080034a7   Thumb Code    76  stm32g4xx_hal_uart_ex.o(i.HAL_UARTEx_SetRxFifoThreshold)
    HAL_UARTEx_SetTxFifoThreshold            0x080034f3   Thumb Code    76  stm32g4xx_hal_uart_ex.o(i.HAL_UARTEx_SetTxFifoThreshold)
    HAL_UART_Init                            0x0800353f   Thumb Code   106  stm32g4xx_hal_uart.o(i.HAL_UART_Init)
    HAL_UART_MspInit                         0x080035a9   Thumb Code   116  usart.o(i.HAL_UART_MspInit)
    HAL_UART_Transmit                        0x08003625   Thumb Code   174  stm32g4xx_hal_uart.o(i.HAL_UART_Transmit)
    HardFault_Handler                        0x080036d3   Thumb Code     2  stm32g4xx_it.o(i.HardFault_Handler)
    MX_ADC1_Init                             0x08003741   Thumb Code   154  adc.o(i.MX_ADC1_Init)
    MX_ADC2_Init                             0x080037e9   Thumb Code   130  adc.o(i.MX_ADC2_Init)
    MX_COMP1_Init                            0x0800387d   Thumb Code    44  comp.o(i.MX_COMP1_Init)
    MX_COMP2_Init                            0x080038b1   Thumb Code    46  comp.o(i.MX_COMP2_Init)
    MX_DAC1_Init                             0x080038e9   Thumb Code   138  dac.o(i.MX_DAC1_Init)
    MX_DMA_Init                              0x0800397d   Thumb Code    38  dma.o(i.MX_DMA_Init)
    MX_FREERTOS_Init                         0x080039a9   Thumb Code    60  app_freertos.o(i.MX_FREERTOS_Init)
    MX_GPIO_Init                             0x080039f9   Thumb Code    84  gpio.o(i.MX_GPIO_Init)
    MX_OPAMP1_Init                           0x08003a55   Thumb Code    48  opamp.o(i.MX_OPAMP1_Init)
    MX_OPAMP2_Init                           0x08003a8d   Thumb Code    48  opamp.o(i.MX_OPAMP2_Init)
    MX_TIM2_Init                             0x08003ac5   Thumb Code   194  tim.o(i.MX_TIM2_Init)
    MX_USART1_UART_Init                      0x08003b8d   Thumb Code    94  usart.o(i.MX_USART1_UART_Init)
    MemManage_Handler                        0x08003bf5   Thumb Code     2  stm32g4xx_it.o(i.MemManage_Handler)
    NMI_Handler                              0x08003bf7   Thumb Code     2  stm32g4xx_it.o(i.NMI_Handler)
    StartLedTask                             0x08003bf9   Thumb Code    40  app_freertos.o(i.StartLedTask)
    StartTaskCC                              0x08003c25   Thumb Code   206  app_freertos.o(i.StartTaskCC)
    StartTaskPD                              0x08003d05   Thumb Code    64  app_freertos.o(i.StartTaskPD)
    SysTick_Handler                          0x08003d51   Thumb Code    26  cmsis_os2.o(i.SysTick_Handler)
    SystemClock_Config                       0x08003d6b   Thumb Code   112  main.o(i.SystemClock_Config)
    SystemInit                               0x08003ddd   Thumb Code    12  system_stm32g4xx.o(i.SystemInit)
    TIM2_IRQHandler                          0x08003ded   Thumb Code     6  stm32g4xx_it.o(i.TIM2_IRQHandler)
    TIM6_DAC_IRQHandler                      0x08003df9   Thumb Code    18  stm32g4xx_it.o(i.TIM6_DAC_IRQHandler)
    TIM_Base_SetConfig                       0x08003e15   Thumb Code   190  stm32g4xx_hal_tim.o(i.TIM_Base_SetConfig)
    TIM_CCxChannelCmd                        0x08003ef9   Thumb Code    26  stm32g4xx_hal_tim.o(i.TIM_CCxChannelCmd)
    TIM_DMACaptureCplt                       0x08003f13   Thumb Code   110  stm32g4xx_hal_tim.o(i.TIM_DMACaptureCplt)
    TIM_DMACaptureHalfCplt                   0x08003f81   Thumb Code    56  stm32g4xx_hal_tim.o(i.TIM_DMACaptureHalfCplt)
    TIM_DMAError                             0x08003fb9   Thumb Code    84  stm32g4xx_hal_tim.o(i.TIM_DMAError)
    TIM_ETR_SetConfig                        0x0800400d   Thumb Code    20  stm32g4xx_hal_tim.o(i.TIM_ETR_SetConfig)
    TIM_TI1_SetConfig                        0x08004119   Thumb Code   100  stm32g4xx_hal_tim.o(i.TIM_TI1_SetConfig)
    UART_AdvFeatureConfig                    0x08004239   Thumb Code   200  stm32g4xx_hal_uart.o(i.UART_AdvFeatureConfig)
    UART_CheckIdleState                      0x08004301   Thumb Code   172  stm32g4xx_hal_uart.o(i.UART_CheckIdleState)
    UART_SetConfig                           0x08004401   Thumb Code   616  stm32g4xx_hal_uart.o(i.UART_SetConfig)
    UART_WaitOnFlagUntilTimeout              0x08004699   Thumb Code   146  stm32g4xx_hal_uart.o(i.UART_WaitOnFlagUntilTimeout)
    USBD_IRQHandler                          0x0800472d   Thumb Code   942  usb_dc_fsdev.o(i.USBD_IRQHandler)
    USB_LP_IRQHandler                        0x08004ae5   Thumb Code     6  usb_glue_st.o(i.USB_LP_IRQHandler)
    UsageFault_Handler                       0x08004aeb   Thumb Code     2  stm32g4xx_it.o(i.UsageFault_Handler)
    __0printf$8                              0x08004aed   Thumb Code    22  printf8.o(i.__0printf$8)
    __1printf$8                              0x08004aed   Thumb Code     0  printf8.o(i.__0printf$8)
    __2printf                                0x08004aed   Thumb Code     0  printf8.o(i.__0printf$8)
    __scatterload_copy                       0x08004b2d   Thumb Code    14  handlers.o(i.__scatterload_copy)
    __scatterload_null                       0x08004b3b   Thumb Code     2  handlers.o(i.__scatterload_null)
    __scatterload_zeroinit                   0x08004b3d   Thumb Code    14  handlers.o(i.__scatterload_zeroinit)
    decode_bmc                               0x080050cd   Thumb Code   234  bmc_analyze.o(i.decode_bmc)
    fputc                                    0x0800526d   Thumb Code    20  usart.o(i.fputc)
    main                                     0x080052ed   Thumb Code    80  main.o(i.main)
    osDelay                                  0x0800535d   Thumb Code    26  cmsis_os2.o(i.osDelay)
    osKernelGetTickCount                     0x08005377   Thumb Code    14  cmsis_os2.o(i.osKernelGetTickCount)
    osKernelInitialize                       0x08005385   Thumb Code    32  cmsis_os2.o(i.osKernelInitialize)
    osKernelStart                            0x080053a9   Thumb Code    48  cmsis_os2.o(i.osKernelStart)
    osMessageQueueGet                        0x080053e1   Thumb Code    96  cmsis_os2.o(i.osMessageQueueGet)
    osMessageQueueNew                        0x08005445   Thumb Code    88  cmsis_os2.o(i.osMessageQueueNew)
    osMessageQueuePut                        0x0800549d   Thumb Code   100  cmsis_os2.o(i.osMessageQueuePut)
    osThreadNew                              0x08005505   Thumb Code   136  cmsis_os2.o(i.osThreadNew)
    pvPortMalloc                             0x08005d19   Thumb Code   216  heap_4.o(i.pvPortMalloc)
    pxPortInitialiseStack                    0x08005df5   Thumb Code    40  port.o(i.pxPortInitialiseStack)
    timer2_timeout_handle                    0x08005e81   Thumb Code   116  app_freertos.o(i.timer2_timeout_handle)
    usb_dc_init                              0x08005f0d   Thumb Code    62  usb_dc_fsdev.o(i.usb_dc_init)
    usb_dc_low_level_init                    0x08005f51   Thumb Code    18  usb_glue_st.o(i.usb_dc_low_level_init)
    usbd_add_endpoint                        0x08006105   Thumb Code    86  usbd_core.o(i.usbd_add_endpoint)
    usbd_add_interface                       0x08006161   Thumb Code    42  usbd_core.o(i.usbd_add_interface)
    usbd_desc_register                       0x0800627d   Thumb Code    58  usbd_core.o(i.usbd_desc_register)
    usbd_ep_clear_stall                      0x080062c5   Thumb Code   126  usb_dc_fsdev.o(i.usbd_ep_clear_stall)
    usbd_ep_close                            0x0800634d   Thumb Code   100  usb_dc_fsdev.o(i.usbd_ep_close)
    usbd_ep_is_stalled                       0x080063b5   Thumb Code    54  usb_dc_fsdev.o(i.usbd_ep_is_stalled)
    usbd_ep_open                             0x080063f1   Thumb Code   698  usb_dc_fsdev.o(i.usbd_ep_open)
    usbd_ep_set_stall                        0x08006791   Thumb Code    54  usb_dc_fsdev.o(i.usbd_ep_set_stall)
    usbd_ep_start_read                       0x080067cd   Thumb Code    78  usb_dc_fsdev.o(i.usbd_ep_start_read)
    usbd_ep_start_write                      0x08006825   Thumb Code   118  usb_dc_fsdev.o(i.usbd_ep_start_write)
    usbd_event_ep0_setup_complete_handler    0x08006985   Thumb Code    40  usbd_core.o(i.usbd_event_ep0_setup_complete_handler)
    usbd_event_ep_in_complete_handler        0x080069b1   Thumb Code    42  usbd_core.o(i.usbd_event_ep_in_complete_handler)
    usbd_event_ep_out_complete_handler       0x080069e1   Thumb Code    42  usbd_core.o(i.usbd_event_ep_out_complete_handler)
    usbd_event_reset_handler                 0x08006a69   Thumb Code   118  usbd_core.o(i.usbd_event_reset_handler)
    usbd_get_port_speed                      0x08006cb9   Thumb Code     4  usb_dc_fsdev.o(i.usbd_get_port_speed)
    usbd_initialize                          0x08006cbd   Thumb Code    68  usbd_core.o(i.usbd_initialize)
    usbd_set_address                         0x08006d35   Thumb Code    20  usb_dc_fsdev.o(i.usbd_set_address)
    usbd_winusb_in                           0x08007439   Thumb Code    92  winusb1.0_template.o(i.usbd_winusb_in)
    usbd_winusb_out                          0x0800749d   Thumb Code    46  winusb1.0_template.o(i.usbd_winusb_out)
    uxListRemove                             0x080074d5   Thumb Code    38  list.o(i.uxListRemove)
    vApplicationGetIdleTaskMemory            0x080074fd   Thumb Code    16  cmsis_os2.o(i.vApplicationGetIdleTaskMemory)
    vApplicationGetTimerTaskMemory           0x08007511   Thumb Code    18  cmsis_os2.o(i.vApplicationGetTimerTaskMemory)
    vListInitialise                          0x08007529   Thumb Code    22  list.o(i.vListInitialise)
    vListInitialiseItem                      0x0800753f   Thumb Code     6  list.o(i.vListInitialiseItem)
    vListInsert                              0x08007545   Thumb Code    48  list.o(i.vListInsert)
    vListInsertEnd                           0x08007575   Thumb Code    24  list.o(i.vListInsertEnd)
    vPortEnterCritical                       0x0800758d   Thumb Code    54  port.o(i.vPortEnterCritical)
    vPortExitCritical                        0x080075cd   Thumb Code    34  port.o(i.vPortExitCritical)
    vPortFree                                0x080075f5   Thumb Code    94  heap_4.o(i.vPortFree)
    vPortSetupTimerInterrupt                 0x08007659   Thumb Code    32  port.o(i.vPortSetupTimerInterrupt)
    vPortValidateInterruptPriority           0x0800767d   Thumb Code    74  port.o(i.vPortValidateInterruptPriority)
    vQueueAddToRegistry                      0x080076d1   Thumb Code    32  queue.o(i.vQueueAddToRegistry)
    vQueueWaitForMessageRestricted           0x080076f5   Thumb Code    68  queue.o(i.vQueueWaitForMessageRestricted)
    vTaskDelay                               0x08007739   Thumb Code    66  tasks.o(i.vTaskDelay)
    vTaskInternalSetTimeOutState             0x08007785   Thumb Code    12  tasks.o(i.vTaskInternalSetTimeOutState)
    vTaskMissedYield                         0x08007795   Thumb Code     8  tasks.o(i.vTaskMissedYield)
    vTaskPlaceOnEventList                    0x080077a1   Thumb Code    44  tasks.o(i.vTaskPlaceOnEventList)
    vTaskPlaceOnEventListRestricted          0x080077d1   Thumb Code    52  tasks.o(i.vTaskPlaceOnEventListRestricted)
    vTaskStartScheduler                      0x08007809   Thumb Code   116  tasks.o(i.vTaskStartScheduler)
    vTaskSuspendAll                          0x0800788d   Thumb Code    10  tasks.o(i.vTaskSuspendAll)
    vTaskSwitchContext                       0x0800789d   Thumb Code    90  tasks.o(i.vTaskSwitchContext)
    winusb_init                              0x08007901   Thumb Code    52  winusb1.0_template.o(i.winusb_init)
    xPortStartScheduler                      0x08007945   Thumb Code   224  port.o(i.xPortStartScheduler)
    xPortSysTickHandler                      0x08007a39   Thumb Code    38  port.o(i.xPortSysTickHandler)
    xQueueGenericCreate                      0x08007a65   Thumb Code    66  queue.o(i.xQueueGenericCreate)
    xQueueGenericCreateStatic                0x08007aa7   Thumb Code   102  queue.o(i.xQueueGenericCreateStatic)
    xQueueGenericReset                       0x08007b0d   Thumb Code   132  queue.o(i.xQueueGenericReset)
    xQueueGenericSend                        0x08007b95   Thumb Code   350  queue.o(i.xQueueGenericSend)
    xQueueGenericSendFromISR                 0x08007cf9   Thumb Code   190  queue.o(i.xQueueGenericSendFromISR)
    xQueueReceive                            0x08007db9   Thumb Code   308  queue.o(i.xQueueReceive)
    xQueueReceiveFromISR                     0x08007ef1   Thumb Code   154  queue.o(i.xQueueReceiveFromISR)
    xTaskCheckForTimeOut                     0x08007f8d   Thumb Code   112  tasks.o(i.xTaskCheckForTimeOut)
    xTaskCreate                              0x08008001   Thumb Code    90  tasks.o(i.xTaskCreate)
    xTaskCreateStatic                        0x0800805b   Thumb Code    90  tasks.o(i.xTaskCreateStatic)
    xTaskGetSchedulerState                   0x080080b5   Thumb Code    22  tasks.o(i.xTaskGetSchedulerState)
    xTaskGetTickCount                        0x080080d1   Thumb Code     6  tasks.o(i.xTaskGetTickCount)
    xTaskGetTickCountFromISR                 0x080080dd   Thumb Code    12  tasks.o(i.xTaskGetTickCountFromISR)
    xTaskIncrementTick                       0x080080ed   Thumb Code   192  tasks.o(i.xTaskIncrementTick)
    xTaskPriorityDisinherit                  0x080081b5   Thumb Code   116  tasks.o(i.xTaskPriorityDisinherit)
    xTaskRemoveFromEventList                 0x08008231   Thumb Code    98  tasks.o(i.xTaskRemoveFromEventList)
    xTaskResumeAll                           0x080082a1   Thumb Code   180  tasks.o(i.xTaskResumeAll)
    xTimerCreateTimerTask                    0x08008361   Thumb Code    78  timers.o(i.xTimerCreateTimerTask)
    xTimerGenericCommand                     0x080083c1   Thumb Code    94  timers.o(i.xTimerGenericCommand)
    LedTask_attributes                       0x08008424   Data          36  app_freertos.o(.constdata)
    PDTask_attributes                        0x08008448   Data          36  app_freertos.o(.constdata)
    CCTask_attributes                        0x0800846c   Data          36  app_freertos.o(.constdata)
    TimeIndexQueue_attributes                0x08008490   Data          24  app_freertos.o(.constdata)
    UARTPrescTable                           0x080084a8   Data          24  stm32g4xx_hal_uart.o(.constdata)
    AHBPrescTable                            0x080084d0   Data          16  system_stm32g4xx.o(.constdata)
    APBPrescTable                            0x080084e0   Data           8  system_stm32g4xx.o(.constdata)
    WCID_StringDescriptor_MSOS               0x080084ec   Data          18  winusb1.0_template.o(.constdata)
    WINUSB_WCIDDescriptor                    0x08008500   Data          40  winusb1.0_template.o(.constdata)
    WINUSB_IF0_WCIDProperties                0x08008528   Data         142  winusb1.0_template.o(.constdata)
    winusb_descriptor                        0x080085f4   Data          36  winusb1.0_template.o(.constdata)
    Region$$Table$$Base                      0x08008770   Number         0  anon$$obj.o(Region$$Table)
    Region$$Table$$Limit                     0x08008790   Number         0  anon$$obj.o(Region$$Table)
    LedTaskHandle                            0x20000000   Data           4  app_freertos.o(.data)
    PDTaskHandle                             0x20000004   Data           4  app_freertos.o(.data)
    CCTaskHandle                             0x20000008   Data           4  app_freertos.o(.data)
    TimeIndexQueueHandle                     0x2000000c   Data           4  app_freertos.o(.data)
    adc1_value                               0x20000010   Data           2  adc.o(.data)
    adc2_value                               0x20000012   Data           2  adc.o(.data)
    buffer_index                             0x20000018   Data           1  tim.o(.data)
    uwTickPrio                               0x2000001c   Data           4  stm32g4xx_hal.o(.data)
    uwTickFreq                               0x20000020   Data           4  stm32g4xx_hal.o(.data)
    uwTick                                   0x20000024   Data           4  stm32g4xx_hal.o(.data)
    SystemCoreClock                          0x20000028   Data           4  system_stm32g4xx.o(.data)
    pxCurrentTCB                             0x2000002c   Data           4  tasks.o(.data)
    g_usbdev_bus                             0x200000ac   Data           8  usbd_core.o(.data)
    WINUSB_IFx_WCIDProperties                0x200000b8   Data           4  winusb1.0_template.o(.data)
    msosv1_desc                              0x200000bc   Data          16  winusb1.0_template.o(.data)
    ep_tx_busy_flag                          0x200000cc   Data           1  winusb1.0_template.o(.data)
    winusb_out_ep1                           0x200000d0   Data           8  winusb1.0_template.o(.data)
    winusb_in_ep1                            0x200000d8   Data           8  winusb1.0_template.o(.data)
    __stdout                                 0x200000f8   Data           4  stdout.o(.data)
    g_usbd_core                              0x200000fc   Data         828  usbd_core.o(.noncacheable)
    read_buffer                              0x20000438   Data        2048  winusb1.0_template.o(.noncacheable)
    write_buffer                             0x20000c38   Data        2048  winusb1.0_template.o(.noncacheable)
    cc_detect                                0x20001438   Data          24  app_freertos.o(.bss)
    hadc1                                    0x20001450   Data         108  adc.o(.bss)
    hadc2                                    0x200014bc   Data         108  adc.o(.bss)
    hdma_adc1                                0x20001528   Data          96  adc.o(.bss)
    hdma_adc2                                0x20001588   Data          96  adc.o(.bss)
    hcomp1                                   0x200015e8   Data          36  comp.o(.bss)
    hcomp2                                   0x2000160c   Data          36  comp.o(.bss)
    hdac1                                    0x20001630   Data          20  dac.o(.bss)
    hopamp1                                  0x20001644   Data          60  opamp.o(.bss)
    hopamp2                                  0x20001680   Data          60  opamp.o(.bss)
    time2_data_buffer                        0x200016bc   Data       16384  tim.o(.bss)
    time2_data_len                           0x200056bc   Data          16  tim.o(.bss)
    htim2                                    0x200056cc   Data          76  tim.o(.bss)
    hdma_tim2_ch1                            0x20005718   Data          96  tim.o(.bss)
    huart1                                   0x20005778   Data         148  usart.o(.bss)
    htim6                                    0x2000580c   Data          76  stm32g4xx_hal_timebase_tim.o(.bss)
    xQueueRegistry                           0x20005858   Data          64  queue.o(.bss)
    g_fsdev_udc                              0x2000b52c   Data         400  usb_dc_fsdev.o(.bss)
    intf0                                    0x2000d740   Data          28  winusb1.0_template.o(.bss)
    __initial_sp                             0x2000db60   Data           0  startup_stm32g473xx.o(STACK)



==============================================================================

Memory Map of the image

  Image Entry point : 0x080001d9

  Load Region LR_IROM1 (Base: 0x08000000, Size: 0x00009bc8, Max: 0x00020000, ABSOLUTE, COMPRESSED[0x000087f8])

    Execution Region ER_IROM1 (Exec base: 0x08000000, Load base: 0x08000000, Size: 0x00008790, Max: 0x00020000, ABSOLUTE)

    Exec Addr    Load Addr    Size         Type   Attr      Idx    E Section Name        Object

    0x08000000   0x08000000   0x000001d8   Data   RO            3    RESET               startup_stm32g473xx.o
    0x080001d8   0x080001d8   0x00000000   Code   RO         7968  * .ARM.Collect$$$$00000000  mc_w.l(entry.o)
    0x080001d8   0x080001d8   0x00000004   Code   RO         8248    .ARM.Collect$$$$00000001  mc_w.l(entry2.o)
    0x080001dc   0x080001dc   0x00000004   Code   RO         8251    .ARM.Collect$$$$00000004  mc_w.l(entry5.o)
    0x080001e0   0x080001e0   0x00000000   Code   RO         8253    .ARM.Collect$$$$00000008  mc_w.l(entry7b.o)
    0x080001e0   0x080001e0   0x00000000   Code   RO         8255    .ARM.Collect$$$$0000000A  mc_w.l(entry8b.o)
    0x080001e0   0x080001e0   0x00000008   Code   RO         8256    .ARM.Collect$$$$0000000B  mc_w.l(entry9a.o)
    0x080001e8   0x080001e8   0x00000004   Code   RO         8263    .ARM.Collect$$$$0000000E  mc_w.l(entry12b.o)
    0x080001ec   0x080001ec   0x00000000   Code   RO         8258    .ARM.Collect$$$$0000000F  mc_w.l(entry10a.o)
    0x080001ec   0x080001ec   0x00000000   Code   RO         8260    .ARM.Collect$$$$00000011  mc_w.l(entry11a.o)
    0x080001ec   0x080001ec   0x00000004   Code   RO         8249    .ARM.Collect$$$$00002712  mc_w.l(entry2.o)
    0x080001f0   0x080001f0   0x000000be   Code   RO         7197    .emb_text           port.o
    0x080002ae   0x080002ae   0x00000002   PAD
    0x080002b0   0x080002b0   0x00000024   Code   RO            4    .text               startup_stm32g473xx.o
    0x080002d4   0x080002d4   0x00000062   Code   RO         7971    .text               mc_w.l(uldiv.o)
    0x08000336   0x08000336   0x00000040   Code   RO         7975    .text               mc_w.l(memmovea.o)
    0x08000376   0x08000376   0x00000024   Code   RO         7979    .text               mc_w.l(memseta.o)
    0x0800039a   0x0800039a   0x0000000e   Code   RO         7981    .text               mc_w.l(strlen.o)
    0x080003a8   0x080003a8   0x0000001e   Code   RO         8267    .text               mc_w.l(llshl.o)
    0x080003c6   0x080003c6   0x00000020   Code   RO         8269    .text               mc_w.l(llushr.o)
    0x080003e6   0x080003e6   0x00000002   PAD
    0x080003e8   0x080003e8   0x00000024   Code   RO         8282    .text               mc_w.l(init.o)
    0x0800040c   0x0800040c   0x00000056   Code   RO         8296    .text               mc_w.l(__dczerorl2.o)
    0x08000462   0x08000462   0x00000068   Code   RO         2030    i.ADC_DMAConvCplt   stm32g4xx_hal_adc.o
    0x080004ca   0x080004ca   0x0000001a   Code   RO         2031    i.ADC_DMAError      stm32g4xx_hal_adc.o
    0x080004e4   0x080004e4   0x0000000a   Code   RO         2032    i.ADC_DMAHalfConvCplt  stm32g4xx_hal_adc.o
    0x080004ee   0x080004ee   0x00000002   PAD
    0x080004f0   0x080004f0   0x00000070   Code   RO         2033    i.ADC_Disable       stm32g4xx_hal_adc.o
    0x08000560   0x08000560   0x000000c8   Code   RO         2034    i.ADC_Enable        stm32g4xx_hal_adc.o
    0x08000628   0x08000628   0x00000002   Code   RO          745    i.BusFault_Handler  stm32g4xx_it.o
    0x0800062a   0x0800062a   0x00000002   PAD
    0x0800062c   0x0800062c   0x0000001c   Code   RO          746    i.COMP1_2_3_IRQHandler  stm32g4xx_it.o
    0x08000648   0x08000648   0x00000040   Code   RO         3353    i.DMA_CalcDMAMUXChannelBaseAndMask  stm32g4xx_hal_dma.o
    0x08000688   0x08000688   0x00000024   Code   RO         3354    i.DMA_CalcDMAMUXRequestGenBaseAndMask  stm32g4xx_hal_dma.o
    0x080006ac   0x080006ac   0x0000003e   Code   RO         3355    i.DMA_SetConfig     stm32g4xx_hal_dma.o
    0x080006ea   0x080006ea   0x00000002   Code   RO          747    i.DebugMon_Handler  stm32g4xx_it.o
    0x080006ec   0x080006ec   0x00000004   Code   RO           13    i.Error_Handler     main.o
    0x080006f0   0x080006f0   0x00000094   Code   RO         2272    i.HAL_ADCEx_Calibration_Start  stm32g4xx_hal_adc_ex.o
    0x08000784   0x08000784   0x00000150   Code   RO         2289    i.HAL_ADCEx_MultiModeConfigChannel  stm32g4xx_hal_adc_ex.o
    0x080008d4   0x080008d4   0x00000464   Code   RO         2036    i.HAL_ADC_ConfigChannel  stm32g4xx_hal_adc.o
    0x08000d38   0x08000d38   0x00000002   Code   RO         2037    i.HAL_ADC_ConvCpltCallback  stm32g4xx_hal_adc.o
    0x08000d3a   0x08000d3a   0x00000002   Code   RO         2038    i.HAL_ADC_ConvHalfCpltCallback  stm32g4xx_hal_adc.o
    0x08000d3c   0x08000d3c   0x00000002   Code   RO         2040    i.HAL_ADC_ErrorCallback  stm32g4xx_hal_adc.o
    0x08000d3e   0x08000d3e   0x00000002   PAD
    0x08000d40   0x08000d40   0x00000234   Code   RO         2045    i.HAL_ADC_Init      stm32g4xx_hal_adc.o
    0x08000f74   0x08000f74   0x00000144   Code   RO          397    i.HAL_ADC_MspInit   adc.o
    0x080010b8   0x080010b8   0x0000012c   Code   RO         2053    i.HAL_ADC_Start_DMA  stm32g4xx_hal_adc.o
    0x080011e4   0x080011e4   0x00000080   Code   RO         4011    i.HAL_COMP_IRQHandler  stm32g4xx_hal_comp.o
    0x08001264   0x08001264   0x00000234   Code   RO         4012    i.HAL_COMP_Init     stm32g4xx_hal_comp.o
    0x08001498   0x08001498   0x000000cc   Code   RO          446    i.HAL_COMP_MspInit  comp.o
    0x08001564   0x08001564   0x00000028   Code   RO          310    i.HAL_COMP_TriggerCallback  app_freertos.o
    0x0800158c   0x0800158c   0x00000002   Code   RO         4249    i.HAL_DACEx_DMAUnderrunCallbackCh2  stm32g4xx_hal_dac_ex.o
    0x0800158e   0x0800158e   0x00000002   PAD
    0x08001590   0x08001590   0x000001c8   Code   RO         4103    i.HAL_DAC_ConfigChannel  stm32g4xx_hal_dac.o
    0x08001758   0x08001758   0x00000002   Code   RO         4106    i.HAL_DAC_DMAUnderrunCallbackCh1  stm32g4xx_hal_dac.o
    0x0800175a   0x0800175a   0x00000068   Code   RO         4112    i.HAL_DAC_IRQHandler  stm32g4xx_hal_dac.o
    0x080017c2   0x080017c2   0x00000028   Code   RO         4113    i.HAL_DAC_Init      stm32g4xx_hal_dac.o
    0x080017ea   0x080017ea   0x00000002   PAD
    0x080017ec   0x080017ec   0x0000006c   Code   RO          497    i.HAL_DAC_MspInit   dac.o
    0x08001858   0x08001858   0x00000024   Code   RO         4116    i.HAL_DAC_SetValue  stm32g4xx_hal_dac.o
    0x0800187c   0x0800187c   0x0000007c   Code   RO         4117    i.HAL_DAC_Start     stm32g4xx_hal_dac.o
    0x080018f8   0x080018f8   0x00000078   Code   RO         3357    i.HAL_DMA_Abort_IT  stm32g4xx_hal_dma.o
    0x08001970   0x08001970   0x000000c0   Code   RO         3362    i.HAL_DMA_Init      stm32g4xx_hal_dma.o
    0x08001a30   0x08001a30   0x0000008c   Code   RO         3366    i.HAL_DMA_Start_IT  stm32g4xx_hal_dma.o
    0x08001abc   0x08001abc   0x000001b0   Code   RO         3218    i.HAL_GPIO_Init     stm32g4xx_hal_gpio.o
    0x08001c6c   0x08001c6c   0x0000000a   Code   RO         3222    i.HAL_GPIO_WritePin  stm32g4xx_hal_gpio.o
    0x08001c76   0x08001c76   0x00000002   PAD
    0x08001c78   0x08001c78   0x0000000c   Code   RO         2497    i.HAL_GetTick       stm32g4xx_hal.o
    0x08001c84   0x08001c84   0x00000010   Code   RO         2503    i.HAL_IncTick       stm32g4xx_hal.o
    0x08001c94   0x08001c94   0x0000001e   Code   RO         2504    i.HAL_Init          stm32g4xx_hal.o
    0x08001cb2   0x08001cb2   0x00000002   PAD
    0x08001cb4   0x08001cb4   0x00000088   Code   RO          845    i.HAL_InitTick      stm32g4xx_hal_timebase_tim.o
    0x08001d3c   0x08001d3c   0x0000003c   Code   RO          821    i.HAL_MspInit       stm32g4xx_hal_msp.o
    0x08001d78   0x08001d78   0x0000001a   Code   RO         3867    i.HAL_NVIC_EnableIRQ  stm32g4xx_hal_cortex.o
    0x08001d92   0x08001d92   0x00000002   PAD
    0x08001d94   0x08001d94   0x00000040   Code   RO         3873    i.HAL_NVIC_SetPriority  stm32g4xx_hal_cortex.o
    0x08001dd4   0x08001dd4   0x00000024   Code   RO         3874    i.HAL_NVIC_SetPriorityGrouping  stm32g4xx_hal_cortex.o
    0x08001df8   0x08001df8   0x000000f4   Code   RO         4391    i.HAL_OPAMP_Init    stm32g4xx_hal_opamp.o
    0x08001eec   0x08001eec   0x00000074   Code   RO          563    i.HAL_OPAMP_MspInit  opamp.o
    0x08001f60   0x08001f60   0x0000002c   Code   RO         4397    i.HAL_OPAMP_Start   stm32g4xx_hal_opamp.o
    0x08001f8c   0x08001f8c   0x00000058   Code   RO          704    i.HAL_PCD_MspInit   usb.o
    0x08001fe4   0x08001fe4   0x000000bc   Code   RO         3621    i.HAL_PWREx_ControlVoltageScaling  stm32g4xx_hal_pwr_ex.o
    0x080020a0   0x080020a0   0x00000010   Code   RO         3633    i.HAL_PWREx_DisableUCPDDeadBattery  stm32g4xx_hal_pwr_ex.o
    0x080020b0   0x080020b0   0x00000318   Code   RO         2864    i.HAL_RCCEx_PeriphCLKConfig  stm32g4xx_hal_rcc_ex.o
    0x080023c8   0x080023c8   0x000001dc   Code   RO         2739    i.HAL_RCC_ClockConfig  stm32g4xx_hal_rcc.o
    0x080025a4   0x080025a4   0x00000040   Code   RO         2744    i.HAL_RCC_GetClockConfig  stm32g4xx_hal_rcc.o
    0x080025e4   0x080025e4   0x0000000c   Code   RO         2745    i.HAL_RCC_GetHCLKFreq  stm32g4xx_hal_rcc.o
    0x080025f0   0x080025f0   0x00000024   Code   RO         2747    i.HAL_RCC_GetPCLK1Freq  stm32g4xx_hal_rcc.o
    0x08002614   0x08002614   0x00000024   Code   RO         2748    i.HAL_RCC_GetPCLK2Freq  stm32g4xx_hal_rcc.o
    0x08002638   0x08002638   0x0000006c   Code   RO         2749    i.HAL_RCC_GetSysClockFreq  stm32g4xx_hal_rcc.o
    0x080026a4   0x080026a4   0x000003f4   Code   RO         2752    i.HAL_RCC_OscConfig  stm32g4xx_hal_rcc.o
    0x08002a98   0x08002a98   0x00000002   Code   RO         1600    i.HAL_TIMEx_Break2Callback  stm32g4xx_hal_tim_ex.o
    0x08002a9a   0x08002a9a   0x00000002   Code   RO         1601    i.HAL_TIMEx_BreakCallback  stm32g4xx_hal_tim_ex.o
    0x08002a9c   0x08002a9c   0x00000002   Code   RO         1602    i.HAL_TIMEx_CommutCallback  stm32g4xx_hal_tim_ex.o
    0x08002a9e   0x08002a9e   0x00000002   Code   RO         1613    i.HAL_TIMEx_DirectionChangeCallback  stm32g4xx_hal_tim_ex.o
    0x08002aa0   0x08002aa0   0x00000002   Code   RO         1627    i.HAL_TIMEx_EncoderIndexCallback  stm32g4xx_hal_tim_ex.o
    0x08002aa2   0x08002aa2   0x00000002   Code   RO         1641    i.HAL_TIMEx_IndexErrorCallback  stm32g4xx_hal_tim_ex.o
    0x08002aa4   0x08002aa4   0x000000b8   Code   RO         1642    i.HAL_TIMEx_MasterConfigSynchronization  stm32g4xx_hal_tim_ex.o
    0x08002b5c   0x08002b5c   0x00000088   Code   RO         1662    i.HAL_TIMEx_TISelection  stm32g4xx_hal_tim_ex.o
    0x08002be4   0x08002be4   0x00000002   Code   RO         1663    i.HAL_TIMEx_TransitionErrorCallback  stm32g4xx_hal_tim_ex.o
    0x08002be6   0x08002be6   0x00000062   Code   RO          886    i.HAL_TIM_Base_Init  stm32g4xx_hal_tim.o
    0x08002c48   0x08002c48   0x0000009c   Code   RO          611    i.HAL_TIM_Base_MspInit  tim.o
    0x08002ce4   0x08002ce4   0x00000080   Code   RO          889    i.HAL_TIM_Base_Start  stm32g4xx_hal_tim.o
    0x08002d64   0x08002d64   0x0000008c   Code   RO          891    i.HAL_TIM_Base_Start_IT  stm32g4xx_hal_tim.o
    0x08002df0   0x08002df0   0x00000002   Code   RO          916    i.HAL_TIM_ErrorCallback  stm32g4xx_hal_tim.o
    0x08002df2   0x08002df2   0x00000002   Code   RO          920    i.HAL_TIM_IC_CaptureCallback  stm32g4xx_hal_tim.o
    0x08002df4   0x08002df4   0x00000002   Code   RO          921    i.HAL_TIM_IC_CaptureHalfCpltCallback  stm32g4xx_hal_tim.o
    0x08002df6   0x08002df6   0x00000122   Code   RO          922    i.HAL_TIM_IC_ConfigChannel  stm32g4xx_hal_tim.o
    0x08002f18   0x08002f18   0x00000062   Code   RO          925    i.HAL_TIM_IC_Init   stm32g4xx_hal_tim.o
    0x08002f7a   0x08002f7a   0x00000002   Code   RO          927    i.HAL_TIM_IC_MspInit  stm32g4xx_hal_tim.o
    0x08002f7c   0x08002f7c   0x00000210   Code   RO          929    i.HAL_TIM_IC_Start_DMA  stm32g4xx_hal_tim.o
    0x0800318c   0x0800318c   0x000000b8   Code   RO          932    i.HAL_TIM_IC_Stop_DMA  stm32g4xx_hal_tim.o
    0x08003244   0x08003244   0x000001a2   Code   RO          934    i.HAL_TIM_IRQHandler  stm32g4xx_hal_tim.o
    0x080033e6   0x080033e6   0x00000002   Code   RO          937    i.HAL_TIM_OC_DelayElapsedCallback  stm32g4xx_hal_tim.o
    0x080033e8   0x080033e8   0x00000002   Code   RO          964    i.HAL_TIM_PWM_PulseFinishedCallback  stm32g4xx_hal_tim.o
    0x080033ea   0x080033ea   0x00000002   PAD
    0x080033ec   0x080033ec   0x00000028   Code   RO           14    i.HAL_TIM_PeriodElapsedCallback  main.o
    0x08003414   0x08003414   0x00000052   Code   RO          975    i.HAL_TIM_SlaveConfigSynchro  stm32g4xx_hal_tim.o
    0x08003466   0x08003466   0x00000002   Code   RO          977    i.HAL_TIM_TriggerCallback  stm32g4xx_hal_tim.o
    0x08003468   0x08003468   0x0000003e   Code   RO         4916    i.HAL_UARTEx_DisableFifoMode  stm32g4xx_hal_uart_ex.o
    0x080034a6   0x080034a6   0x0000004c   Code   RO         4925    i.HAL_UARTEx_SetRxFifoThreshold  stm32g4xx_hal_uart_ex.o
    0x080034f2   0x080034f2   0x0000004c   Code   RO         4926    i.HAL_UARTEx_SetTxFifoThreshold  stm32g4xx_hal_uart_ex.o
    0x0800353e   0x0800353e   0x0000006a   Code   RO         4525    i.HAL_UART_Init     stm32g4xx_hal_uart.o
    0x080035a8   0x080035a8   0x0000007c   Code   RO          656    i.HAL_UART_MspInit  usart.o
    0x08003624   0x08003624   0x000000ae   Code   RO         4534    i.HAL_UART_Transmit  stm32g4xx_hal_uart.o
    0x080036d2   0x080036d2   0x00000002   Code   RO          748    i.HardFault_Handler  stm32g4xx_it.o
    0x080036d4   0x080036d4   0x0000000c   Code   RO         2059    i.LL_ADC_GetOffsetChannel  stm32g4xx_hal_adc.o
    0x080036e0   0x080036e0   0x00000008   Code   RO         2060    i.LL_ADC_INJ_IsConversionOngoing  stm32g4xx_hal_adc.o
    0x080036e8   0x080036e8   0x00000008   Code   RO         2061    i.LL_ADC_IsEnabled  stm32g4xx_hal_adc.o
    0x080036f0   0x080036f0   0x00000008   Code   RO         2062    i.LL_ADC_REG_IsConversionOngoing  stm32g4xx_hal_adc.o
    0x080036f8   0x080036f8   0x00000008   Code   RO         2300    i.LL_ADC_REG_IsConversionOngoing  stm32g4xx_hal_adc_ex.o
    0x08003700   0x08003700   0x00000010   Code   RO         2063    i.LL_ADC_REG_IsTriggerSourceSWStart  stm32g4xx_hal_adc.o
    0x08003710   0x08003710   0x0000001e   Code   RO         2065    i.LL_ADC_SetChannelSamplingTime  stm32g4xx_hal_adc.o
    0x0800372e   0x0800372e   0x00000010   Code   RO         2066    i.LL_ADC_SetOffsetState  stm32g4xx_hal_adc.o
    0x0800373e   0x0800373e   0x00000002   PAD
    0x08003740   0x08003740   0x000000a8   Code   RO          398    i.MX_ADC1_Init      adc.o
    0x080037e8   0x080037e8   0x00000094   Code   RO          399    i.MX_ADC2_Init      adc.o
    0x0800387c   0x0800387c   0x00000034   Code   RO          447    i.MX_COMP1_Init     comp.o
    0x080038b0   0x080038b0   0x00000038   Code   RO          448    i.MX_COMP2_Init     comp.o
    0x080038e8   0x080038e8   0x00000094   Code   RO          498    i.MX_DAC1_Init      dac.o
    0x0800397c   0x0800397c   0x0000002c   Code   RO          538    i.MX_DMA_Init       dma.o
    0x080039a8   0x080039a8   0x00000050   Code   RO          311    i.MX_FREERTOS_Init  app_freertos.o
    0x080039f8   0x080039f8   0x0000005c   Code   RO          286    i.MX_GPIO_Init      gpio.o
    0x08003a54   0x08003a54   0x00000038   Code   RO          564    i.MX_OPAMP1_Init    opamp.o
    0x08003a8c   0x08003a8c   0x00000038   Code   RO          565    i.MX_OPAMP2_Init    opamp.o
    0x08003ac4   0x08003ac4   0x000000c8   Code   RO          612    i.MX_TIM2_Init      tim.o
    0x08003b8c   0x08003b8c   0x00000068   Code   RO          657    i.MX_USART1_UART_Init  usart.o
    0x08003bf4   0x08003bf4   0x00000002   Code   RO          749    i.MemManage_Handler  stm32g4xx_it.o
    0x08003bf6   0x08003bf6   0x00000002   Code   RO          750    i.NMI_Handler       stm32g4xx_it.o
    0x08003bf8   0x08003bf8   0x0000002c   Code   RO          312    i.StartLedTask      app_freertos.o
    0x08003c24   0x08003c24   0x000000e0   Code   RO          313    i.StartTaskCC       app_freertos.o
    0x08003d04   0x08003d04   0x0000004c   Code   RO          314    i.StartTaskPD       app_freertos.o
    0x08003d50   0x08003d50   0x0000001a   Code   RO         6629    i.SysTick_Handler   cmsis_os2.o
    0x08003d6a   0x08003d6a   0x00000070   Code   RO           15    i.SystemClock_Config  main.o
    0x08003dda   0x08003dda   0x00000002   PAD
    0x08003ddc   0x08003ddc   0x00000010   Code   RO         5482    i.SystemInit        system_stm32g4xx.o
    0x08003dec   0x08003dec   0x0000000c   Code   RO          751    i.TIM2_IRQHandler   stm32g4xx_it.o
    0x08003df8   0x08003df8   0x0000001c   Code   RO          752    i.TIM6_DAC_IRQHandler  stm32g4xx_it.o
    0x08003e14   0x08003e14   0x000000e4   Code   RO          979    i.TIM_Base_SetConfig  stm32g4xx_hal_tim.o
    0x08003ef8   0x08003ef8   0x0000001a   Code   RO          980    i.TIM_CCxChannelCmd  stm32g4xx_hal_tim.o
    0x08003f12   0x08003f12   0x0000006e   Code   RO          981    i.TIM_DMACaptureCplt  stm32g4xx_hal_tim.o
    0x08003f80   0x08003f80   0x00000038   Code   RO          982    i.TIM_DMACaptureHalfCplt  stm32g4xx_hal_tim.o
    0x08003fb8   0x08003fb8   0x00000054   Code   RO          985    i.TIM_DMAError      stm32g4xx_hal_tim.o
    0x0800400c   0x0800400c   0x00000014   Code   RO          990    i.TIM_ETR_SetConfig  stm32g4xx_hal_tim.o
    0x08004020   0x08004020   0x000000d4   Code   RO          998    i.TIM_SlaveTimer_SetConfig  stm32g4xx_hal_tim.o
    0x080040f4   0x080040f4   0x00000022   Code   RO          999    i.TIM_TI1_ConfigInputStage  stm32g4xx_hal_tim.o
    0x08004116   0x08004116   0x00000002   PAD
    0x08004118   0x08004118   0x00000080   Code   RO         1000    i.TIM_TI1_SetConfig  stm32g4xx_hal_tim.o
    0x08004198   0x08004198   0x00000024   Code   RO         1001    i.TIM_TI2_ConfigInputStage  stm32g4xx_hal_tim.o
    0x080041bc   0x080041bc   0x00000036   Code   RO         1002    i.TIM_TI2_SetConfig  stm32g4xx_hal_tim.o
    0x080041f2   0x080041f2   0x00000002   PAD
    0x080041f4   0x080041f4   0x00000044   Code   RO         4930    i.UARTEx_SetNbDataToProcess  stm32g4xx_hal_uart_ex.o
    0x08004238   0x08004238   0x000000c8   Code   RO         4539    i.UART_AdvFeatureConfig  stm32g4xx_hal_uart.o
    0x08004300   0x08004300   0x000000ac   Code   RO         4540    i.UART_CheckIdleState  stm32g4xx_hal_uart.o
    0x080043ac   0x080043ac   0x00000054   Code   RO         4551    i.UART_EndRxTransfer  stm32g4xx_hal_uart.o
    0x08004400   0x08004400   0x00000298   Code   RO         4557    i.UART_SetConfig    stm32g4xx_hal_uart.o
    0x08004698   0x08004698   0x00000092   Code   RO         4564    i.UART_WaitOnFlagUntilTimeout  stm32g4xx_hal_uart.o
    0x0800472a   0x0800472a   0x00000002   PAD
    0x0800472c   0x0800472c   0x000003b8   Code   RO         7673    i.USBD_IRQHandler   usb_dc_fsdev.o
    0x08004ae4   0x08004ae4   0x00000006   Code   RO         7790    i.USB_LP_IRQHandler  usb_glue_st.o
    0x08004aea   0x08004aea   0x00000002   Code   RO          753    i.UsageFault_Handler  stm32g4xx_it.o
    0x08004aec   0x08004aec   0x00000020   Code   RO         8194    i.__0printf$8       mc_w.l(printf8.o)
    0x08004b0c   0x08004b0c   0x00000020   Code   RO         3880    i.__NVIC_SetPriority  stm32g4xx_hal_cortex.o
    0x08004b2c   0x08004b2c   0x0000000e   Code   RO         8290    i.__scatterload_copy  mc_w.l(handlers.o)
    0x08004b3a   0x08004b3a   0x00000002   Code   RO         8291    i.__scatterload_null  mc_w.l(handlers.o)
    0x08004b3c   0x08004b3c   0x0000000e   Code   RO         8292    i.__scatterload_zeroinit  mc_w.l(handlers.o)
    0x08004b4a   0x08004b4a   0x00000002   PAD
    0x08004b4c   0x08004b4c   0x00000120   Code   RO         7455    i.__usbd_event_ep0_setup_complete_handler  usbd_core.o
    0x08004c6c   0x08004c6c   0x00000404   Code   RO         8201    i._printf_core      mc_w.l(printf8.o)
    0x08005070   0x08005070   0x00000024   Code   RO         8202    i._printf_post_padding  mc_w.l(printf8.o)
    0x08005094   0x08005094   0x0000002e   Code   RO         8203    i._printf_pre_padding  mc_w.l(printf8.o)
    0x080050c2   0x080050c2   0x00000002   PAD
    0x080050c4   0x080050c4   0x00000008   Code   RO         7865    i.config_descriptor_callback  winusb1.0_template.o
    0x080050cc   0x080050cc   0x00000170   Code   RO          261    i.decode_bmc        bmc_analyze.o
    0x0800523c   0x0800523c   0x00000008   Code   RO         7866    i.device_descriptor_callback  winusb1.0_template.o
    0x08005244   0x08005244   0x00000008   Code   RO         7867    i.device_quality_descriptor_callback  winusb1.0_template.o
    0x0800524c   0x0800524c   0x00000010   Code   RO         7456    i.dword2array       usbd_core.o
    0x0800525c   0x0800525c   0x00000010   Code   RO         7868    i.dword2array       winusb1.0_template.o
    0x0800526c   0x0800526c   0x00000018   Code   RO          658    i.fputc             usart.o
    0x08005284   0x08005284   0x00000028   Code   RO         7674    i.fsdev_read_pma    usb_dc_fsdev.o
    0x080052ac   0x080052ac   0x00000024   Code   RO         7675    i.fsdev_write_pma   usb_dc_fsdev.o
    0x080052d0   0x080052d0   0x0000001c   Code   RO         7457    i.is_device_configured  usbd_core.o
    0x080052ec   0x080052ec   0x00000070   Code   RO           16    i.main              main.o
    0x0800535c   0x0800535c   0x0000001a   Code   RO         6631    i.osDelay           cmsis_os2.o
    0x08005376   0x08005376   0x0000000e   Code   RO         6643    i.osKernelGetTickCount  cmsis_os2.o
    0x08005384   0x08005384   0x00000024   Code   RO         6645    i.osKernelInitialize  cmsis_os2.o
    0x080053a8   0x080053a8   0x00000038   Code   RO         6648    i.osKernelStart     cmsis_os2.o
    0x080053e0   0x080053e0   0x00000064   Code   RO         6660    i.osMessageQueueGet  cmsis_os2.o
    0x08005444   0x08005444   0x00000058   Code   RO         6665    i.osMessageQueueNew  cmsis_os2.o
    0x0800549c   0x0800549c   0x00000068   Code   RO         6666    i.osMessageQueuePut  cmsis_os2.o
    0x08005504   0x08005504   0x00000088   Code   RO         6690    i.osThreadNew       cmsis_os2.o
    0x0800558c   0x0800558c   0x0000005c   Code   RO         6090    i.prvAddCurrentTaskToDelayedList  tasks.o
    0x080055e8   0x080055e8   0x000000d0   Code   RO         6091    i.prvAddNewTaskToReadyList  tasks.o
    0x080056b8   0x080056b8   0x00000058   Code   RO         6455    i.prvCheckForValidListAndQueue  timers.o
    0x08005710   0x08005710   0x00000026   Code   RO         5687    i.prvCopyDataFromQueue  queue.o
    0x08005736   0x08005736   0x0000006c   Code   RO         5688    i.prvCopyDataToQueue  queue.o
    0x080057a2   0x080057a2   0x00000034   Code   RO         6092    i.prvDeleteTCB      tasks.o
    0x080057d6   0x080057d6   0x00000002   PAD
    0x080057d8   0x080057d8   0x0000004c   Code   RO         7142    i.prvHeapInit       heap_4.o
    0x08005824   0x08005824   0x0000005c   Code   RO         6093    i.prvIdleTask       tasks.o
    0x08005880   0x08005880   0x00000020   Code   RO         5690    i.prvInitialiseNewQueue  queue.o
    0x080058a0   0x080058a0   0x000000aa   Code   RO         6094    i.prvInitialiseNewTask  tasks.o
    0x0800594a   0x0800594a   0x00000002   PAD
    0x0800594c   0x0800594c   0x0000004c   Code   RO         7143    i.prvInsertBlockIntoFreeList  heap_4.o
    0x08005998   0x08005998   0x00000038   Code   RO         6457    i.prvInsertTimerInActiveList  timers.o
    0x080059d0   0x080059d0   0x0000001a   Code   RO         5691    i.prvIsQueueEmpty   queue.o
    0x080059ea   0x080059ea   0x00000002   PAD
    0x080059ec   0x080059ec   0x000000fc   Code   RO         6458    i.prvProcessReceivedCommands  timers.o
    0x08005ae8   0x08005ae8   0x000000c0   Code   RO         6459    i.prvProcessTimerOrBlockTask  timers.o
    0x08005ba8   0x08005ba8   0x00000020   Code   RO         6096    i.prvResetNextTaskUnblockTime  tasks.o
    0x08005bc8   0x08005bc8   0x00000028   Code   RO         6460    i.prvSampleTimeNow  timers.o
    0x08005bf0   0x08005bf0   0x0000006c   Code   RO         6461    i.prvSwitchTimerLists  timers.o
    0x08005c5c   0x08005c5c   0x00000028   Code   RO         7198    i.prvTaskExitError  port.o
    0x08005c84   0x08005c84   0x00000028   Code   RO         6462    i.prvTimerTask      timers.o
    0x08005cac   0x08005cac   0x0000006a   Code   RO         5692    i.prvUnlockQueue    queue.o
    0x08005d16   0x08005d16   0x00000002   PAD
    0x08005d18   0x08005d18   0x000000dc   Code   RO         7144    i.pvPortMalloc      heap_4.o
    0x08005df4   0x08005df4   0x0000002c   Code   RO         7199    i.pxPortInitialiseStack  port.o
    0x08005e20   0x08005e20   0x0000004c   Code   RO         7869    i.queue_dequeue     winusb1.0_template.o
    0x08005e6c   0x08005e6c   0x00000014   Code   RO         7871    i.string_descriptor_callback  winusb1.0_template.o
    0x08005e80   0x08005e80   0x0000008c   Code   RO          317    i.timer2_timeout_handle  app_freertos.o
    0x08005f0c   0x08005f0c   0x00000044   Code   RO         7677    i.usb_dc_init       usb_dc_fsdev.o
    0x08005f50   0x08005f50   0x0000001c   Code   RO         7792    i.usb_dc_low_level_init  usb_glue_st.o
    0x08005f6c   0x08005f6c   0x000000cc   Code   RO         7460    i.usb_memcpy        usbd_core.o
    0x08006038   0x08006038   0x000000cc   Code   RO         7872    i.usb_memcpy        winusb1.0_template.o
    0x08006104   0x08006104   0x0000005c   Code   RO         7461    i.usbd_add_endpoint  usbd_core.o
    0x08006160   0x08006160   0x00000030   Code   RO         7462    i.usbd_add_interface  usbd_core.o
    0x08006190   0x08006190   0x00000058   Code   RO         7463    i.usbd_class_event_notify_handler  usbd_core.o
    0x080061e8   0x080061e8   0x00000094   Code   RO         7464    i.usbd_class_request_handler  usbd_core.o
    0x0800627c   0x0800627c   0x00000048   Code   RO         7466    i.usbd_desc_register  usbd_core.o
    0x080062c4   0x080062c4   0x00000088   Code   RO         7680    i.usbd_ep_clear_stall  usb_dc_fsdev.o
    0x0800634c   0x0800634c   0x00000068   Code   RO         7681    i.usbd_ep_close     usb_dc_fsdev.o
    0x080063b4   0x080063b4   0x0000003c   Code   RO         7682    i.usbd_ep_is_stalled  usb_dc_fsdev.o
    0x080063f0   0x080063f0   0x000003a0   Code   RO         7683    i.usbd_ep_open      usb_dc_fsdev.o
    0x08006790   0x08006790   0x0000003c   Code   RO         7684    i.usbd_ep_set_stall  usb_dc_fsdev.o
    0x080067cc   0x080067cc   0x00000058   Code   RO         7685    i.usbd_ep_start_read  usb_dc_fsdev.o
    0x08006824   0x08006824   0x00000080   Code   RO         7686    i.usbd_ep_start_write  usb_dc_fsdev.o
    0x080068a4   0x080068a4   0x00000068   Code   RO         7469    i.usbd_event_ep0_in_complete_handler  usbd_core.o
    0x0800690c   0x0800690c   0x00000078   Code   RO         7470    i.usbd_event_ep0_out_complete_handler  usbd_core.o
    0x08006984   0x08006984   0x0000002c   Code   RO         7471    i.usbd_event_ep0_setup_complete_handler  usbd_core.o
    0x080069b0   0x080069b0   0x00000030   Code   RO         7472    i.usbd_event_ep_in_complete_handler  usbd_core.o
    0x080069e0   0x080069e0   0x00000030   Code   RO         7473    i.usbd_event_ep_out_complete_handler  usbd_core.o
    0x08006a10   0x08006a10   0x00000058   Code   RO         7873    i.usbd_event_handler  winusb1.0_template.o
    0x08006a68   0x08006a68   0x0000007c   Code   RO         7474    i.usbd_event_reset_handler  usbd_core.o
    0x08006ae4   0x08006ae4   0x000001d4   Code   RO         7478    i.usbd_get_descriptor  usbd_core.o
    0x08006cb8   0x08006cb8   0x00000004   Code   RO         7687    i.usbd_get_port_speed  usb_dc_fsdev.o
    0x08006cbc   0x08006cbc   0x00000078   Code   RO         7482    i.usbd_initialize   usbd_core.o
    0x08006d34   0x08006d34   0x0000001c   Code   RO         7688    i.usbd_set_address  usb_dc_fsdev.o
    0x08006d50   0x08006d50   0x00000088   Code   RO         7484    i.usbd_set_configuration  usbd_core.o
    0x08006dd8   0x08006dd8   0x00000074   Code   RO         7485    i.usbd_set_endpoint  usbd_core.o
    0x08006e4c   0x08006e4c   0x000000b4   Code   RO         7486    i.usbd_set_interface  usbd_core.o
    0x08006f00   0x08006f00   0x000000f4   Code   RO         7487    i.usbd_setup_request_handler  usbd_core.o
    0x08006ff4   0x08006ff4   0x000000f4   Code   RO         7488    i.usbd_std_device_req_handler  usbd_core.o
    0x080070e8   0x080070e8   0x000000f4   Code   RO         7489    i.usbd_std_endpoint_req_handler  usbd_core.o
    0x080071dc   0x080071dc   0x00000134   Code   RO         7490    i.usbd_std_interface_req_handler  usbd_core.o
    0x08007310   0x08007310   0x00000128   Code   RO         7491    i.usbd_vendor_request_handler  usbd_core.o
    0x08007438   0x08007438   0x00000064   Code   RO         7874    i.usbd_winusb_in    winusb1.0_template.o
    0x0800749c   0x0800749c   0x00000038   Code   RO         7875    i.usbd_winusb_out   winusb1.0_template.o
    0x080074d4   0x080074d4   0x00000026   Code   RO         5647    i.uxListRemove      list.o
    0x080074fa   0x080074fa   0x00000002   PAD
    0x080074fc   0x080074fc   0x00000014   Code   RO         6702    i.vApplicationGetIdleTaskMemory  cmsis_os2.o
    0x08007510   0x08007510   0x00000018   Code   RO         6703    i.vApplicationGetTimerTaskMemory  cmsis_os2.o
    0x08007528   0x08007528   0x00000016   Code   RO         5648    i.vListInitialise   list.o
    0x0800753e   0x0800753e   0x00000006   Code   RO         5649    i.vListInitialiseItem  list.o
    0x08007544   0x08007544   0x00000030   Code   RO         5650    i.vListInsert       list.o
    0x08007574   0x08007574   0x00000018   Code   RO         5651    i.vListInsertEnd    list.o
    0x0800758c   0x0800758c   0x00000040   Code   RO         7201    i.vPortEnterCritical  port.o
    0x080075cc   0x080075cc   0x00000028   Code   RO         7202    i.vPortExitCritical  port.o
    0x080075f4   0x080075f4   0x00000064   Code   RO         7145    i.vPortFree         heap_4.o
    0x08007658   0x08007658   0x00000024   Code   RO         7203    i.vPortSetupTimerInterrupt  port.o
    0x0800767c   0x0800767c   0x00000054   Code   RO         7204    i.vPortValidateInterruptPriority  port.o
    0x080076d0   0x080076d0   0x00000024   Code   RO         5698    i.vQueueAddToRegistry  queue.o
    0x080076f4   0x080076f4   0x00000044   Code   RO         5702    i.vQueueWaitForMessageRestricted  queue.o
    0x08007738   0x08007738   0x0000004c   Code   RO         6109    i.vTaskDelay        tasks.o
    0x08007784   0x08007784   0x00000010   Code   RO         6114    i.vTaskInternalSetTimeOutState  tasks.o
    0x08007794   0x08007794   0x0000000c   Code   RO         6115    i.vTaskMissedYield  tasks.o
    0x080077a0   0x080077a0   0x00000030   Code   RO         6117    i.vTaskPlaceOnEventList  tasks.o
    0x080077d0   0x080077d0   0x00000038   Code   RO         6118    i.vTaskPlaceOnEventListRestricted  tasks.o
    0x08007808   0x08007808   0x00000084   Code   RO         6126    i.vTaskStartScheduler  tasks.o
    0x0800788c   0x0800788c   0x00000010   Code   RO         6128    i.vTaskSuspendAll   tasks.o
    0x0800789c   0x0800789c   0x00000064   Code   RO         6129    i.vTaskSwitchContext  tasks.o
    0x08007900   0x08007900   0x00000044   Code   RO         7876    i.winusb_init       winusb1.0_template.o
    0x08007944   0x08007944   0x000000f4   Code   RO         7205    i.xPortStartScheduler  port.o
    0x08007a38   0x08007a38   0x0000002c   Code   RO         7206    i.xPortSysTickHandler  port.o
    0x08007a64   0x08007a64   0x00000042   Code   RO         5707    i.xQueueGenericCreate  queue.o
    0x08007aa6   0x08007aa6   0x00000066   Code   RO         5708    i.xQueueGenericCreateStatic  queue.o
    0x08007b0c   0x08007b0c   0x00000088   Code   RO         5709    i.xQueueGenericReset  queue.o
    0x08007b94   0x08007b94   0x00000164   Code   RO         5710    i.xQueueGenericSend  queue.o
    0x08007cf8   0x08007cf8   0x000000be   Code   RO         5711    i.xQueueGenericSendFromISR  queue.o
    0x08007db6   0x08007db6   0x00000002   PAD
    0x08007db8   0x08007db8   0x00000138   Code   RO         5720    i.xQueueReceive     queue.o
    0x08007ef0   0x08007ef0   0x0000009a   Code   RO         5721    i.xQueueReceiveFromISR  queue.o
    0x08007f8a   0x08007f8a   0x00000002   PAD
    0x08007f8c   0x08007f8c   0x00000074   Code   RO         6131    i.xTaskCheckForTimeOut  tasks.o
    0x08008000   0x08008000   0x0000005a   Code   RO         6132    i.xTaskCreate       tasks.o
    0x0800805a   0x0800805a   0x0000005a   Code   RO         6133    i.xTaskCreateStatic  tasks.o
    0x080080b4   0x080080b4   0x0000001c   Code   RO         6137    i.xTaskGetSchedulerState  tasks.o
    0x080080d0   0x080080d0   0x0000000c   Code   RO         6138    i.xTaskGetTickCount  tasks.o
    0x080080dc   0x080080dc   0x00000010   Code   RO         6139    i.xTaskGetTickCountFromISR  tasks.o
    0x080080ec   0x080080ec   0x000000c8   Code   RO         6140    i.xTaskIncrementTick  tasks.o
    0x080081b4   0x080081b4   0x0000007c   Code   RO         6143    i.xTaskPriorityDisinherit  tasks.o
    0x08008230   0x08008230   0x00000070   Code   RO         6145    i.xTaskRemoveFromEventList  tasks.o
    0x080082a0   0x080082a0   0x000000c0   Code   RO         6146    i.xTaskResumeAll    tasks.o
    0x08008360   0x08008360   0x00000060   Code   RO         6471    i.xTimerCreateTimerTask  timers.o
    0x080083c0   0x080083c0   0x00000064   Code   RO         6472    i.xTimerGenericCommand  timers.o
    0x08008424   0x08008424   0x00000084   Data   RO          319    .constdata          app_freertos.o
    0x080084a8   0x080084a8   0x00000018   Data   RO         4565    .constdata          stm32g4xx_hal_uart.o
    0x080084c0   0x080084c0   0x00000010   Data   RO         4931    .constdata          stm32g4xx_hal_uart_ex.o
    0x080084d0   0x080084d0   0x00000010   Data   RO         5483    .constdata          system_stm32g4xx.o
    0x080084e0   0x080084e0   0x00000008   Data   RO         5484    .constdata          system_stm32g4xx.o
    0x080084e8   0x080084e8   0x00000002   Data   RO         7880    .constdata          winusb1.0_template.o
    0x080084ea   0x080084ea   0x00000002   PAD
    0x080084ec   0x080084ec   0x00000012   Data   RO         7881    .constdata          winusb1.0_template.o
    0x080084fe   0x080084fe   0x00000002   PAD
    0x08008500   0x08008500   0x00000028   Data   RO         7882    .constdata          winusb1.0_template.o
    0x08008528   0x08008528   0x0000008e   Data   RO         7883    .constdata          winusb1.0_template.o
    0x080085b6   0x080085b6   0x00000002   PAD
    0x080085b8   0x080085b8   0x00000060   Data   RO         7885    .constdata          winusb1.0_template.o
    0x08008618   0x08008618   0x00000028   Data   RO          320    .conststring        app_freertos.o
    0x08008640   0x08008640   0x00000101   Data   RO         7691    .conststring        usb_dc_fsdev.o
    0x08008741   0x08008741   0x00000003   PAD
    0x08008744   0x08008744   0x0000002a   Data   RO         7886    .conststring        winusb1.0_template.o
    0x0800876e   0x0800876e   0x00000002   PAD
    0x08008770   0x08008770   0x00000020   Data   RO         8288    Region$$Table       anon$$obj.o


    Execution Region RW_IRAM1 (Exec base: 0x20000000, Load base: 0x08008790, Size: 0x0000db60, Max: 0x00020000, ABSOLUTE, COMPRESSED[0x00000068])

    Exec Addr    Load Addr    Size         Type   Attr      Idx    E Section Name        Object

    0x20000000   COMPRESSED   0x00000010   Data   RW          321    .data               app_freertos.o
    0x20000010   COMPRESSED   0x00000008   Data   RW          401    .data               adc.o
    0x20000018   COMPRESSED   0x00000001   Data   RW          616    .data               tim.o
    0x20000019   COMPRESSED   0x00000003   PAD
    0x2000001c   COMPRESSED   0x0000000c   Data   RW         2524    .data               stm32g4xx_hal.o
    0x20000028   COMPRESSED   0x00000004   Data   RW         5485    .data               system_stm32g4xx.o
    0x2000002c   COMPRESSED   0x0000003c   Data   RW         6149    .data               tasks.o
    0x20000068   COMPRESSED   0x00000014   Data   RW         6480    .data               timers.o
    0x2000007c   COMPRESSED   0x00000004   Data   RW         6705    .data               cmsis_os2.o
    0x20000080   COMPRESSED   0x00000020   Data   RW         7151    .data               heap_4.o
    0x200000a0   COMPRESSED   0x0000000c   Data   RW         7207    .data               port.o
    0x200000ac   COMPRESSED   0x00000008   Data   RW         7492    .data               usbd_core.o
    0x200000b4   COMPRESSED   0x00000004   Data   RW         7793    .data               usb_glue_st.o
    0x200000b8   COMPRESSED   0x00000004   Data   RW         7887    .data               winusb1.0_template.o
    0x200000bc   COMPRESSED   0x00000010   Data   RW         7888    .data               winusb1.0_template.o
    0x200000cc   COMPRESSED   0x0000002c   Data   RW         7889    .data               winusb1.0_template.o
    0x200000f8   COMPRESSED   0x00000004   Data   RW         8264    .data               mc_w.l(stdout.o)
    0x200000fc   COMPRESSED   0x0000033c   Data   RW         7493    .noncacheable       usbd_core.o
    0x20000438   COMPRESSED   0x00001000   Data   RW         7890    .noncacheable       winusb1.0_template.o
    0x20001438        -       0x00000018   Zero   RW          318    .bss                app_freertos.o
    0x20001450        -       0x00000198   Zero   RW          400    .bss                adc.o
    0x200015e8        -       0x00000048   Zero   RW          449    .bss                comp.o
    0x20001630        -       0x00000014   Zero   RW          499    .bss                dac.o
    0x20001644        -       0x00000078   Zero   RW          566    .bss                opamp.o
    0x200016bc        -       0x00004000   Zero   RW          613    .bss                tim.o
    0x200056bc        -       0x00000010   Zero   RW          614    .bss                tim.o
    0x200056cc        -       0x000000ac   Zero   RW          615    .bss                tim.o
    0x20005778        -       0x00000094   Zero   RW          659    .bss                usart.o
    0x2000580c        -       0x0000004c   Zero   RW          848    .bss                stm32g4xx_hal_timebase_tim.o
    0x20005858        -       0x00000040   Zero   RW         5724    .bss                queue.o
    0x20005898        -       0x000004c4   Zero   RW         6148    .bss                tasks.o
    0x20005d5c        -       0x00000118   Zero   RW         6479    .bss                timers.o
    0x20005e74        -       0x000006b8   Zero   RW         6704    .bss                cmsis_os2.o
    0x2000652c        -       0x00005000   Zero   RW         7150    .bss                heap_4.o
    0x2000b52c        -       0x00000190   Zero   RW         7690    .bss                usb_dc_fsdev.o
    0x2000b6bc        -       0x000020a0   Zero   RW         7879    .bss                winusb1.0_template.o
    0x2000d75c   COMPRESSED   0x00000004   PAD
    0x2000d760        -       0x00000400   Zero   RW            1    STACK               startup_stm32g473xx.o


==============================================================================

Image component sizes


      Code (inc. data)   RO Data    RW Data    ZI Data      Debug   Object Name

       640         56          0          8        408       2924   adc.o
       604         90        172         16         24       9187   app_freertos.o
       368        134          0          0          0       3165   bmc_analyze.o
       630         30          0          4       1720      69018   cmsis_os2.o
       312         30          0          0         72       6379   comp.o
       256         20          0          0         20       1757   dac.o
        44          6          0          0          0        782   dma.o
         0          0          0          0          0      19428   event_groups.o
        92          8          0          0          0        875   gpio.o
       472         24          0         32      20480       4923   heap_4.o
       138          0          0          0          0       3522   list.o
       268         38          0          0          0     823257   main.o
       228         28          0          0        120       2256   opamp.o
       786         80          0         12          0      11457   port.o
      1730         18          0          0         64      19853   queue.o
        36          8        472          0       1024        832   startup_stm32g473xx.o
        58         10          0         12          0       2982   stm32g4xx_hal.o
      2544        186          0          0          0      82503   stm32g4xx_hal_adc.o
       492         34          0          0          0      70329   stm32g4xx_hal_adc_ex.o
       692         46          0          0          0       7994   stm32g4xx_hal_comp.o
       158         14          0          0          0      32994   stm32g4xx_hal_cortex.o
       762         18          0          0          0       5828   stm32g4xx_hal_dac.o
         2          0          0          0          0       1019   stm32g4xx_hal_dac_ex.o
       614         30          0          0          0       4861   stm32g4xx_hal_dma.o
       442         32          0          0          0       2208   stm32g4xx_hal_gpio.o
        60          6          0          0          0        862   stm32g4xx_hal_msp.o
       288          8          0          0          0       2455   stm32g4xx_hal_opamp.o
       204         18          0          0          0       1429   stm32g4xx_hal_pwr_ex.o
      1744        104          0          0          0       7629   stm32g4xx_hal_rcc.o
       792         10          0          0          0       2068   stm32g4xx_hal_rcc_ex.o
      2968        200          0          0          0      22140   stm32g4xx_hal_tim.o
       334         44          0          0          0       6580   stm32g4xx_hal_tim_ex.o
       136         20          0          0         76       1411   stm32g4xx_hal_timebase_tim.o
      1546         74         24          0          0      26366   stm32g4xx_hal_uart.o
       282          6         16          0          0       3653   stm32g4xx_hal_uart_ex.o
        80         26          0          0          0       4248   stm32g4xx_it.o
         0          0          0          0          0        392   stream_buffer.o
        16          4         24          4          0       1115   system_stm32g4xx.o
      2082        164          0         60       1220      27487   tasks.o
       356         18          0          1      16572       2130   tim.o
       972         82          0         20        280      32079   timers.o
       252         22          0          0        148       2306   usart.o
        88          8          0          0          0        910   usb.o
      2632        300        257          0        400      59356   usb_dc_fsdev.o
        34         10          0          4          0       1608   usb_glue_st.o
         0          0          0          0          0        520   usbd_cdc_acm.o
      3828        568          0        836          0      26035   usbd_core.o
         0          0          0          0          0      18019   usbd_hid.o
       652         70        340       4160       8352       9775   winusb1.0_template.o

    ----------------------------------------------------------------------
     31758       2702       1348       5172      50984    1450906   Object Totals
         0          0         32          0          0          0   (incl. Generated)
        44          0         11          3          4          0   (incl. Padding)

    ----------------------------------------------------------------------

      Code (inc. data)   RO Data    RW Data    ZI Data      Debug   Library Member Name

        86          0          0          0          0          0   __dczerorl2.o
         0          0          0          0          0          0   entry.o
         0          0          0          0          0          0   entry10a.o
         0          0          0          0          0          0   entry11a.o
         4          0          0          0          0          0   entry12b.o
         8          4          0          0          0          0   entry2.o
         4          0          0          0          0          0   entry5.o
         0          0          0          0          0          0   entry7b.o
         0          0          0          0          0          0   entry8b.o
         8          4          0          0          0          0   entry9a.o
        30          0          0          0          0          0   handlers.o
        36          8          0          0          0         68   init.o
        30          0          0          0          0         68   llshl.o
        32          0          0          0          0         68   llushr.o
        64          0          0          0          0         76   memmovea.o
        36          0          0          0          0        108   memseta.o
      1142         54          0          0          0        352   printf8.o
         0          0          0          4          0          0   stdout.o
        14          0          0          0          0         68   strlen.o
        98          0          0          0          0         92   uldiv.o

    ----------------------------------------------------------------------
      1598         70          0          4          0        900   Library Totals
         6          0          0          0          0          0   (incl. Padding)

    ----------------------------------------------------------------------

      Code (inc. data)   RO Data    RW Data    ZI Data      Debug   Library Name

      1592         70          0          4          0        900   mc_w.l

    ----------------------------------------------------------------------
      1598         70          0          4          0        900   Library Totals

    ----------------------------------------------------------------------

==============================================================================


      Code (inc. data)   RO Data    RW Data    ZI Data      Debug   

     33356       2772       1348       5176      50984    1425226   Grand Totals
     33356       2772       1348        104      50984    1425226   ELF Image Totals (compressed)
     33356       2772       1348        104          0          0   ROM Totals

==============================================================================

    Total RO  Size (Code + RO Data)                34704 (  33.89kB)
    Total RW  Size (RW Data + ZI Data)             56160 (  54.84kB)
    Total ROM Size (Code + RO Data + RW Data)      34808 (  33.99kB)

==============================================================================

